Component: ARM Compiler 5.06 update 5 (build 528) Tool: armlink [4d35e2]

==============================================================================

Section Cross References

    startup_stm32f103xb.o(RESET) refers to startup_stm32f103xb.o(STACK) for __initial_sp
    startup_stm32f103xb.o(RESET) refers to startup_stm32f103xb.o(.text) for Reset_Handler
    startup_stm32f103xb.o(RESET) refers to stm32f1xx_it.o(i.NMI_Handler) for NMI_Handler
    startup_stm32f103xb.o(RESET) refers to stm32f1xx_it.o(i.HardFault_Handler) for HardFault_Handler
    startup_stm32f103xb.o(RESET) refers to stm32f1xx_it.o(i.MemManage_Handler) for MemManage_Handler
    startup_stm32f103xb.o(RESET) refers to stm32f1xx_it.o(i.BusFault_Handler) for BusFault_Handler
    startup_stm32f103xb.o(RESET) refers to stm32f1xx_it.o(i.UsageFault_Handler) for UsageFault_Handler
    startup_stm32f103xb.o(RESET) refers to port.o(.emb_text) for SVC_Handler
    startup_stm32f103xb.o(RESET) refers to stm32f1xx_it.o(i.DebugMon_Handler) for DebugMon_Handler
    startup_stm32f103xb.o(RESET) refers to port.o(i.SysTick_Handler) for SysTick_Handler
    startup_stm32f103xb.o(RESET) refers to stm32f1xx_it.o(i.TIM1_UP_IRQHandler) for TIM1_UP_IRQHandler
    startup_stm32f103xb.o(.text) refers to system_stm32f1xx.o(i.SystemInit) for SystemInit
    startup_stm32f103xb.o(.text) refers to entry.o(.ARM.Collect$$$$00000000) for __main
    main.o(i.HAL_TIM_PeriodElapsedCallback) refers to stm32f1xx_hal.o(i.HAL_IncTick) for HAL_IncTick
    main.o(i._Z12MX_GPIO_Initv) refers to stm32f1xx_hal_gpio.o(i.HAL_GPIO_Init) for HAL_GPIO_Init
    main.o(i._Z12MX_I2C2_Initv) refers to stm32f1xx_hal_i2c.o(i.HAL_I2C_Init) for HAL_I2C_Init
    main.o(i._Z12MX_I2C2_Initv) refers to main.o(.bss) for hi2c2
    main.o(i._Z13StartInitTaskPv) refers to main.o(t._ZNSs7_C_nullEv) for std::basic_string<char, std::char_traits<char>, std::allocator<char>>::_C_null()
    main.o(i._Z13StartInitTaskPv) refers to stm32f1xx_hal.o(i.HAL_Init) for HAL_Init
    main.o(i._Z13StartInitTaskPv) refers to main.o(i._Z18SystemClock_Configv) for SystemClock_Config()
    main.o(i._Z13StartInitTaskPv) refers to main.o(i._Z12MX_GPIO_Initv) for MX_GPIO_Init()
    main.o(i._Z13StartInitTaskPv) refers to main.o(i._Z19MX_USART1_UART_Initv) for MX_USART1_UART_Init()
    main.o(i._Z13StartInitTaskPv) refers to main.o(i._Z12MX_I2C2_Initv) for MX_I2C2_Init()
    main.o(i._Z13StartInitTaskPv) refers to tda7300.o(i._ZN7TDA7300C1EP19__I2C_HandleTypeDef) for TDA7300::TDA7300(__I2C_HandleTypeDef*)
    main.o(i._Z13StartInitTaskPv) refers to locale.o(t._ZNSsaSEPKc) for std::basic_string<char, std::char_traits<char>, std::allocator<char>>::operator =(const char*)
    main.o(i._Z13StartInitTaskPv) refers to ssd1306_1.o(i.SSD1306_Init) for SSD1306_Init
    main.o(i._Z13StartInitTaskPv) refers to printfa.o(i.__0printf) for __2printf
    main.o(i._Z13StartInitTaskPv) refers to ssd1306_1.o(i.SSD1306_GotoXY) for SSD1306_GotoXY
    main.o(i._Z13StartInitTaskPv) refers to ssd1306_1.o(i.SSD1306_Puts) for SSD1306_Puts
    main.o(i._Z13StartInitTaskPv) refers to ssd1306_1.o(i.SSD1306_UpdateScreen) for SSD1306_UpdateScreen
    main.o(i._Z13StartInitTaskPv) refers to stm32f1xx_hal.o(i.HAL_Delay) for HAL_Delay
    main.o(i._Z13StartInitTaskPv) refers to cmsis_os2.o(i.osDelay) for osDelay
    main.o(i._Z13StartInitTaskPv) refers to main.o(.bss) for hi2c2
    main.o(i._Z13StartInitTaskPv) refers to fonts.o(.data) for Font_7x10
    main.o(i._Z15StartVolumeTaskPv) refers to cmsis_os2.o(i.osDelay) for osDelay
    main.o(i._Z16StartControlTaskPv) refers to cmsis_os2.o(i.osDelay) for osDelay
    main.o(i._Z16StartDisplayTaskPv) refers to cmsis_os2.o(i.osDelay) for osDelay
    main.o(i._Z18SystemClock_Configv) refers to memseta.o(.text) for __aeabi_memclr4
    main.o(i._Z18SystemClock_Configv) refers to stm32f1xx_hal_rcc.o(i.HAL_RCC_OscConfig) for HAL_RCC_OscConfig
    main.o(i._Z18SystemClock_Configv) refers to main.o(i.Error_Handler) for Error_Handler
    main.o(i._Z18SystemClock_Configv) refers to stm32f1xx_hal_rcc.o(i.HAL_RCC_ClockConfig) for HAL_RCC_ClockConfig
    main.o(i._Z19MX_USART1_UART_Initv) refers to stm32f1xx_hal_uart.o(i.HAL_UART_Init) for HAL_UART_Init
    main.o(i._Z19MX_USART1_UART_Initv) refers to main.o(i.Error_Handler) for Error_Handler
    main.o(i._Z19MX_USART1_UART_Initv) refers to main.o(.bss) for huart1
    main.o(i.fputc) refers to stm32f1xx_hal_uart.o(i.HAL_UART_Transmit) for HAL_UART_Transmit
    main.o(i.fputc) refers to main.o(.bss) for huart1
    main.o(i.main) refers to cmsis_os2.o(i.osKernelInitialize) for osKernelInitialize
    main.o(i.main) refers to cmsis_os2.o(i.osMessageQueueNew) for osMessageQueueNew
    main.o(i.main) refers to cmsis_os2.o(i.osThreadNew) for osThreadNew
    main.o(i.main) refers to cmsis_os2.o(i.osKernelStart) for osKernelStart
    main.o(i.main) refers to main.o(.bss) for InitTask_attributes
    main.o(i.main) refers to main.o(.data) for VolumeQueueHandle
[...]
    _sbackspace                              0x08000f83   Thumb Code    34  _sgetc.o(.text)
    __rt_new_handler_addr                    0x08000fa5   Thumb Code     4  cpp_memory.o(.text)
    __rt_eh_globals_addr                     0x08000fa9   Thumb Code    12  cpp_memory.o(.text)
    __aeabi_atexit                           0x08000fb9   Thumb Code    46  aeabi_atexit.o(.text)
    _double_round                            0x08000fe7   Thumb Code    30  depilogue.o(.text)
    _double_epilogue                         0x08001005   Thumb Code   156  depilogue.o(.text)
    __cxa_rethrow                            0x080010a1   Thumb Code     2  arm_rethrow_noexceptions.o(.text)
    __aeabi_vec_dtor                         0x080010a3   Thumb Code    34  aeabi_vec_dtor_noexceptions.o(.text)
    __ARM_exceptions_buffer_init             0x080010c5   Thumb Code    18  arm_exceptions_mem.o(.text)
    __ARM_exceptions_buffer_allocate         0x080010d7   Thumb Code    22  arm_exceptions_mem.o(.text)
    __ARM_exceptions_buffer_free             0x080010ed   Thumb Code    20  arm_exceptions_mem.o(.text)
    _chval                                   0x08001101   Thumb Code    28  _chval.o(.text)
    __vfscanf                                0x0800111d   Thumb Code   808  _scanf.o(.text)
    __rt_ddtor_pointer_addr                  0x08001449   Thumb Code     4  cpp_dtor.o(.text)
    __cxa_finalize                           0x08001451   Thumb Code    66  cxa_finalize.o(.text)
    __aeabi_ul2d                             0x08001493   Thumb Code    24  dfltul.o(.text)
    __aeabi_d2f                              0x080014ab   Thumb Code    56  d2f.o(.text)
    __rt_lib_shutdown_cpp_2                  0x080014e3   Thumb Code     2  cpp_final.o(.text)
    _float_round                             0x080014e5   Thumb Code    18  fepilogue.o(.text)
    _float_epilogue                          0x080014f7   Thumb Code    92  fepilogue.o(.text)
    __ARM_vec_cleanup                        0x08001553   Thumb Code    28  ARM_vec_cleanup_noexceptions.o(.text)
    __cpp_initialize__aeabi_                 0x08001571   Thumb Code    22  cpp_init.o(.text)
    __decompress                             0x08001591   Thumb Code     0  __dczerorl2.o(.text)
    __decompress1                            0x08001591   Thumb Code    86  __dczerorl2.o(.text)
    BusFault_Handler                         0x080015fb   Thumb Code     4  stm32f1xx_it.o(i.BusFault_Handler)
    DebugMon_Handler                         0x080015ff   Thumb Code     2  stm32f1xx_it.o(i.DebugMon_Handler)
    Error_Handler                            0x08001601   Thumb Code     2  main.o(i.Error_Handler)
    HAL_Delay                                0x08001605   Thumb Code    36  stm32f1xx_hal.o(i.HAL_Delay)
    HAL_GPIO_Init                            0x0800162d   Thumb Code   766  stm32f1xx_hal_gpio.o(i.HAL_GPIO_Init)
    HAL_GetTick                              0x0800194d   Thumb Code     6  stm32f1xx_hal.o(i.HAL_GetTick)
    HAL_I2C_Init                             0x08001959   Thumb Code   422  stm32f1xx_hal_i2c.o(i.HAL_I2C_Init)
    HAL_I2C_IsDeviceReady                    0x08001b11   Thumb Code   410  stm32f1xx_hal_i2c.o(i.HAL_I2C_IsDeviceReady)
    HAL_I2C_Master_Transmit                  0x08001cb5   Thumb Code   360  stm32f1xx_hal_i2c.o(i.HAL_I2C_Master_Transmit)
    HAL_I2C_MspInit                          0x08001e25   Thumb Code   190  stm32f1xx_hal_msp.o(i.HAL_I2C_MspInit)
    HAL_IncTick                              0x08001ef5   Thumb Code    16  stm32f1xx_hal.o(i.HAL_IncTick)
    HAL_Init                                 0x08001f0d   Thumb Code    34  stm32f1xx_hal.o(i.HAL_Init)
    HAL_InitTick                             0x08001f35   Thumb Code   118  stm32f1xx_hal_timebase_tim.o(i.HAL_InitTick)
    HAL_MspInit                              0x08001fbd   Thumb Code    86  stm32f1xx_hal_msp.o(i.HAL_MspInit)
    HAL_NVIC_EnableIRQ                       0x0800201d   Thumb Code    32  stm32f1xx_hal_cortex.o(i.HAL_NVIC_EnableIRQ)
    HAL_NVIC_SetPriority                     0x0800203d   Thumb Code   124  stm32f1xx_hal_cortex.o(i.HAL_NVIC_SetPriority)
    HAL_NVIC_SetPriorityGrouping             0x080020b9   Thumb Code    32  stm32f1xx_hal_cortex.o(i.HAL_NVIC_SetPriorityGrouping)
    HAL_RCC_ClockConfig                      0x080020e1   Thumb Code   376  stm32f1xx_hal_rcc.o(i.HAL_RCC_ClockConfig)
    HAL_RCC_GetClockConfig                   0x0800226d   Thumb Code    58  stm32f1xx_hal_rcc.o(i.HAL_RCC_GetClockConfig)
    HAL_RCC_GetHCLKFreq                      0x080022b1   Thumb Code     6  stm32f1xx_hal_rcc.o(i.HAL_RCC_GetHCLKFreq)
    HAL_RCC_GetPCLK1Freq                     0x080022bd   Thumb Code    22  stm32f1xx_hal_rcc.o(i.HAL_RCC_GetPCLK1Freq)
    HAL_RCC_GetPCLK2Freq                     0x080022dd   Thumb Code    22  stm32f1xx_hal_rcc.o(i.HAL_RCC_GetPCLK2Freq)
    HAL_RCC_GetSysClockFreq                  0x080022fd   Thumb Code   116  stm32f1xx_hal_rcc.o(i.HAL_RCC_GetSysClockFreq)
    HAL_RCC_OscConfig                        0x08002391   Thumb Code  1114  stm32f1xx_hal_rcc.o(i.HAL_RCC_OscConfig)
    HAL_TIMEx_BreakCallback                  0x080027f5   Thumb Code     2  stm32f1xx_hal_tim_ex.o(i.HAL_TIMEx_BreakCallback)
    HAL_TIMEx_CommutCallback                 0x080027f7   Thumb Code     2  stm32f1xx_hal_tim_ex.o(i.HAL_TIMEx_CommutCallback)
    HAL_TIM_Base_Init                        0x080027f9   Thumb Code    52  stm32f1xx_hal_tim.o(i.HAL_TIM_Base_Init)
    HAL_TIM_Base_MspInit                     0x0800282d   Thumb Code     2  stm32f1xx_hal_tim.o(i.HAL_TIM_Base_MspInit)
    HAL_TIM_Base_Start_IT                    0x0800282f   Thumb Code    42  stm32f1xx_hal_tim.o(i.HAL_TIM_Base_Start_IT)
    HAL_TIM_IC_CaptureCallback               0x08002859   Thumb Code     2  stm32f1xx_hal_tim.o(i.HAL_TIM_IC_CaptureCallback)
    HAL_TIM_IRQHandler                       0x0800285b   Thumb Code   406  stm32f1xx_hal_tim.o(i.HAL_TIM_IRQHandler)
    HAL_TIM_OC_DelayElapsedCallback          0x080029f1   Thumb Code     2  stm32f1xx_hal_tim.o(i.HAL_TIM_OC_DelayElapsedCallback)
    HAL_TIM_PWM_PulseFinishedCallback        0x080029f3   Thumb Code     2  stm32f1xx_hal_tim.o(i.HAL_TIM_PWM_PulseFinishedCallback)
    HAL_TIM_PeriodElapsedCallback            0x080029f5   Thumb Code    18  main.o(i.HAL_TIM_PeriodElapsedCallback)
    HAL_TIM_TriggerCallback                  0x08002a0d   Thumb Code     2  stm32f1xx_hal_tim.o(i.HAL_TIM_TriggerCallback)
    HAL_UART_Init                            0x08002a0f   Thumb Code   114  stm32f1xx_hal_uart.o(i.HAL_UART_Init)
    HAL_UART_MspInit                         0x08002a81   Thumb Code   122  stm32f1xx_hal_msp.o(i.HAL_UART_MspInit)
    HAL_UART_Transmit                        0x08002b09   Thumb Code   214  stm32f1xx_hal_uart.o(i.HAL_UART_Transmit)
    HardFault_Handler                        0x08002bdf   Thumb Code     4  stm32f1xx_it.o(i.HardFault_Handler)
    MX_I2C1_Init                             0x08002ed1   Thumb Code    42  i2c.o(i.MX_I2C1_Init)
    MemManage_Handler                        0x08002f09   Thumb Code     4  stm32f1xx_it.o(i.MemManage_Handler)
    NMI_Handler                              0x08002f0d   Thumb Code     2  stm32f1xx_it.o(i.NMI_Handler)
    SSD1306_DrawPixel                        0x08002f39   Thumb Code   152  ssd1306_1.o(i.SSD1306_DrawPixel)
    SSD1306_Fill                             0x08002fd9   Thumb Code    26  ssd1306_1.o(i.SSD1306_Fill)
    SSD1306_GotoXY                           0x08002ff9   Thumb Code     8  ssd1306_1.o(i.SSD1306_GotoXY)
    SSD1306_Init                             0x08003005   Thumb Code   344  ssd1306_1.o(i.SSD1306_Init)
    SSD1306_Putc                             0x08003165   Thumb Code   164  ssd1306_1.o(i.SSD1306_Putc)
    SSD1306_Puts                             0x0800320d   Thumb Code    42  ssd1306_1.o(i.SSD1306_Puts)
    SSD1306_UpdateScreen                     0x08003239   Thumb Code    68  ssd1306_1.o(i.SSD1306_UpdateScreen)
    SysTick_Handler                          0x08003281   Thumb Code    46  port.o(i.SysTick_Handler)
    SystemInit                               0x080032b5   Thumb Code    70  system_stm32f1xx.o(i.SystemInit)
    TIM1_UP_IRQHandler                       0x0800330d   Thumb Code    10  stm32f1xx_it.o(i.TIM1_UP_IRQHandler)
    TIM_Base_SetConfig                       0x0800331d   Thumb Code   104  stm32f1xx_hal_tim.o(i.TIM_Base_SetConfig)
    UsageFault_Handler                       0x0800359d   Thumb Code     4  stm32f1xx_it.o(i.UsageFault_Handler)
    StartInitTask(void*)                     0x080036b1   Thumb Code   146  main.o(i._Z13StartInitTaskPv)
    SystemClock_Config()                     0x080037ad   Thumb Code    80  main.o(i._Z18SystemClock_Configv)
    catgets(__rw::__rw_cat*, int, int, const char*) 0x08003835   Thumb Code    28  rwcats.o(i._Z7catgetsPN4__rw8__rw_catEiiPKc)
    catopen(const char*, int)                0x08003855   Thumb Code    34  rwcats.o(i._Z7catopenPKci)
    __rw::__rw_throw(int, ...)               0x08003a1d   Thumb Code    86  rwstdexcept.o(i._ZN4__rw10__rw_throwEiz)
    __rw::__rw_allocate(unsigned, int)       0x08003a79   Thumb Code    32  rwalloc.o(i._ZN4__rw13__rw_allocateEji)
    __rw::__rw_deallocate(void*, unsigned, int) 0x08003a99   Thumb Code     4  rwalloc.o(i._ZN4__rw15__rw_deallocateEPvji)
    __rw::__rw_facet_base::_C_initfacet(const std::locale&) 0x08003a9d   Thumb Code     2  char.o(i._ZN4__rw15__rw_facet_base12_C_initfacetERKSt6locale)
    __rw::__rw_locale_imp::__rw_locale_imp(const char*, unsigned, unsigned) 0x08003aa1   Thumb Code   226  locale.o(i._ZN4__rw15__rw_locale_impC1EPKcjj)
    __rw::__rw_locale_imp::__rw_locale_imp__sub_object(const char*, unsigned, unsigned) 0x08003aa1   Thumb Code     0  locale.o(i._ZN4__rw15__rw_locale_impC1EPKcjj)
    __rw::__rw_locale_imp::~__rw_locale_imp() 0x08003b8d   Thumb Code    26  locale.o(i._ZN4__rw15__rw_locale_impD1Ev)
    __rw::__rw_locale_imp::~__rw_locale_imp__sub_object() 0x08003b8d   Thumb Code     0  locale.o(i._ZN4__rw15__rw_locale_impD1Ev)
    __rw::__rw_use_c_lib_locale::__rw_use_c_lib_locale(const char*, int) 0x08003ba7   Thumb Code    58  locale.o(i._ZN4__rw21__rw_use_c_lib_localeC1EPKci)
    __rw::__rw_use_c_lib_locale::__rw_use_c_lib_locale__sub_object(const char*, int) 0x08003ba7   Thumb Code     0  locale.o(i._ZN4__rw21__rw_use_c_lib_localeC1EPKci)
    __rw::__rw_use_c_lib_locale::~__rw_use_c_lib_locale() 0x08003be1   Thumb Code    24  char.o(i._ZN4__rw21__rw_use_c_lib_localeD1Ev)
    __rw::__rw_use_c_lib_locale::~__rw_use_c_lib_locale__sub_object() 0x08003be1   Thumb Code     0  char.o(i._ZN4__rw21__rw_use_c_lib_localeD1Ev)
    __rw::__rw_throw_exception_noex(int, char*) 0x08003bf9   Thumb Code    58  rwthrowproc_impl_noex.o(i._ZN4__rw25__rw_throw_exception_noexEiPc)
    __rw::__catfind(__rw::__rw_cat*)         0x08003c91   Thumb Code    42  rwcats.o(i._ZN4__rw9__catfindEPNS_8__rw_catE)
    TDA7300::TDA7300(__I2C_HandleTypeDef*)   0x08003cc1   Thumb Code    40  tda7300.o(i._ZN7TDA7300C1EP19__I2C_HandleTypeDef)
    TDA7300::TDA7300__sub_object(__I2C_HandleTypeDef*) 0x08003cc1   Thumb Code     0  tda7300.o(i._ZN7TDA7300C1EP19__I2C_HandleTypeDef)
    std::__rw_exception::what() const        0x08003ce9   Thumb Code     4  rwstdexcept.o(i._ZNKSt14__rw_exception4whatEv)
    std::__rw_messages_base::_C_cat_open(const std::basic_string<char, std::char_traits<char>, std::allocator<char>>&, const std::locale&) const 0x08003ced   Thumb Code   114  messages.o(i._ZNKSt18__rw_messages_base11_C_cat_openERKSsRKSt6locale)
    std::__rw_messages_base::_C_get_locale(int) const 0x08003d5f   Thumb Code    32  messages.o(i._ZNKSt18__rw_messages_base13_C_get_localeEi)
    std::__rw_messages_base::_C_get_message(int, int, int) const 0x08003d7f   Thumb Code    52  messages.o(i._ZNKSt18__rw_messages_base14_C_get_messageEiii)
    std::ctype<char>::is(std::ctype_base::mask, char) const 0x08003db3   Thumb Code    14  char.o(i._ZNKSt5ctypeIcE2isENSt10ctype_base4maskEc)
    std::locale::_C_make_facet(const std::locale::id&, bool, int, __rw::__rw_facet_base*(*)(int, const char*, unsigned)) const 0x08003dc1   Thumb Code   252  locale.o(i._ZNKSt6locale13_C_make_facetERKNS_2idEbiPFPN4__rw15__rw_facet_baseEiPKcjE)
    std::locale::_C_install_facet(__rw::__rw_facet_base*, const std::locale::id&) const 0x08003ec9   Thumb Code   112  locale.o(i._ZNKSt6locale16_C_install_facetEPN4__rw15__rw_facet_baseERKNS_2idE)
    std::locale::name() const                0x08003f3d   Thumb Code    44  locale.o(i._ZNKSt6locale4nameEv)
    std::char_traits<char>::copy(char*, const char*, unsigned) 0x08003f6d   Thumb Code    12  char.o(i._ZNSt11char_traitsIcE4copyEPcPKcj)
    std::ctype_byname<char>::_C_get_mask_table(const char*) 0x08003f79   Thumb Code   186  char.o(i._ZNSt12ctype_bynameIcE17_C_get_mask_tableEPKc)
    std::ctype_byname<char>::ctype_byname(const char*, unsigned) 0x08004045   Thumb Code   280  char.o(i._ZNSt12ctype_bynameIcEC1EPKcj)
    std::ctype_byname<char>::ctype_byname__sub_object(const char*, unsigned) 0x08004045   Thumb Code     0  char.o(i._ZNSt12ctype_bynameIcEC1EPKcj)
    std::ctype_byname<char>::~ctype_byname__deallocating() 0x08004165   Thumb Code    14  char.o(i._ZNSt12ctype_bynameIcED0Ev)
    std::ctype_byname<char>::~ctype_byname() 0x08004173   Thumb Code     8  char.o(i._ZNSt12ctype_bynameIcED1Ev)
    std::ctype_byname<char>::~ctype_byname__sub_object() 0x08004173   Thumb Code     0  char.o(i._ZNSt12ctype_bynameIcED1Ev)
    std::__rw_exception::_C_vformat(int, std::__va_list) 0x0800417d   Thumb Code   128  rwstdexcept.o(i._ZNSt14__rw_exception10_C_vformatEiSt9__va_list)
    std::__rw_exception::__rw_exception()    0x08004201   Thumb Code    16  rwstdexcept.o(i._ZNSt14__rw_exceptionC1Ev)
    std::__rw_exception::__rw_exception__sub_object() 0x08004201   Thumb Code     0  rwstdexcept.o(i._ZNSt14__rw_exceptionC1Ev)
    std::__rw_exception::~__rw_exception()   0x08004215   Thumb Code    22  rwstdexcept.o(i._ZNSt14__rw_exceptionD1Ev)
    std::__rw_exception::~__rw_exception__sub_object() 0x08004215   Thumb Code     0  rwstdexcept.o(i._ZNSt14__rw_exceptionD1Ev)
    std::__rw_messages_base::~__rw_messages_base() 0x08004231   Thumb Code     8  rwstdexcept.o(i._ZNSt18__rw_messages_baseD1Ev)
    std::__rw_messages_base::~__rw_messages_base__sub_object() 0x08004231   Thumb Code     0  rwstdexcept.o(i._ZNSt18__rw_messages_baseD1Ev)
    std::__rw_open_cat_data::__rw_open_cat_data() 0x08004239   Thumb Code    26  messages.o(i._ZNSt18__rw_open_cat_dataC1Ev)
    std::__rw_open_cat_data::__rw_open_cat_data__sub_object() 0x08004239   Thumb Code     0  messages.o(i._ZNSt18__rw_open_cat_dataC1Ev)
    std::__rw_open_cat_data::~__rw_open_cat_data() 0x08004253   Thumb Code    12  messages.o(i._ZNSt18__rw_open_cat_dataD1Ev)
    std::__rw_open_cat_data::~__rw_open_cat_data__sub_object() 0x08004253   Thumb Code     0  messages.o(i._ZNSt18__rw_open_cat_dataD1Ev)
    std::__rw_open_cat_data::operator =(const std::__rw_open_cat_data&) 0x0800425f   Thumb Code    18  messages.o(i._ZNSt18__rw_open_cat_dataaSERKS_)
    std::ctype<char>::_C_initfacet(const std::locale&) 0x08004271   Thumb Code   250  char.o(i._ZNSt5ctypeIcE12_C_initfacetERKSt6locale)
    std::ctype<char>::ctype(const std::ctype_base::mask*, bool, unsigned) 0x0800436d   Thumb Code   270  char.o(i._ZNSt5ctypeIcEC1EPKNSt10ctype_base4maskEbj)
    std::ctype<char>::ctype__sub_object(const std::ctype_base::mask*, bool, unsigned) 0x0800436d   Thumb Code     0  char.o(i._ZNSt5ctypeIcEC1EPKNSt10ctype_base4maskEbj)
    std::ctype<char>::~ctype__deallocating() 0x08004485   Thumb Code    14  char.o(i._ZNSt5ctypeIcED0Ev)
    std::ctype<char>::~ctype()               0x08004495   Thumb Code    38  char.o(i._ZNSt5ctypeIcED1Ev)
    std::ctype<char>::~ctype__sub_object()   0x08004495   Thumb Code     0  char.o(i._ZNSt5ctypeIcED1Ev)
    std::locale::facet::~facet__deallocating() 0x080044c1   Thumb Code    14  rwstdexcept.o(i._ZNSt6locale5facetD0Ev)
    std::locale::_C_init()                   0x080044d1   Thumb Code   120  locale.o(i._ZNSt6locale7_C_initEv)
    std::locale::classic()                   0x08004555   Thumb Code    56  locale.o(i._ZNSt6locale7classicEv)
    std::locale::locale(__rw::__rw_locale_imp*) 0x08004599   Thumb Code    28  locale.o(i._ZNSt6localeC1EPN4__rw15__rw_locale_impE)
    std::locale::locale__sub_object(__rw::__rw_locale_imp*) 0x08004599   Thumb Code     0  locale.o(i._ZNSt6localeC1EPN4__rw15__rw_locale_impE)
    std::locale::locale(const std::locale&)  0x080045b9   Thumb Code    12  messages.o(i._ZNSt6localeC1ERKS_)
    std::locale::locale__sub_object(const std::locale&) 0x080045b9   Thumb Code     0  messages.o(i._ZNSt6localeC1ERKS_)
    std::locale::locale()                    0x080045c5   Thumb Code    28  rwstdexcept.o(i._ZNSt6localeC1Ev)
    std::locale::locale__sub_object()        0x080045c5   Thumb Code     0  rwstdexcept.o(i._ZNSt6localeC1Ev)
    std::locale::~locale()                   0x080045e5   Thumb Code    32  locale.o(i._ZNSt6localeD1Ev)
    std::locale::~locale__sub_object()       0x080045e5   Thumb Code     0  locale.o(i._ZNSt6localeD1Ev)
    std::locale::operator =(const std::locale&) 0x08004605   Thumb Code    50  locale.o(i._ZNSt6localeaSERKS_)
    std::messages<char>::~messages__deallocating() 0x08004637   Thumb Code    14  rwstdexcept.o(i._ZNSt8messagesIcED0Ev)
    std::messages<char>::~messages()         0x08004645   Thumb Code    16  rwstdexcept.o(i._ZNSt8messagesIcED1Ev)
    std::messages<char>::~messages__sub_object() 0x08004645   Thumb Code     0  rwstdexcept.o(i._ZNSt8messagesIcED1Ev)
    std::exception::exception()              0x08004655   Thumb Code     6  exception_ctor.o(i._ZNSt9exceptionC1Ev)
    std::exception::exception__sub_object()  0x08004655   Thumb Code     0  exception_ctor.o(i._ZNSt9exceptionC1Ev)
    std::__rw_get_cats()                     0x08004661   Thumb Code    44  messages.o(i._ZSt13__rw_get_catsv)
    operator delete[] (void*)                0x0800469d   Thumb Code     8  array_del.o(i._ZdaPv)
    operator delete (void*)                  0x080046a5   Thumb Code     8  delete.o(i._ZdlPv)
    operator new[] (unsigned)                0x080046ad   Thumb Code     8  array_new.o(i._Znaj)
    operator new(unsigned)                   0x080046b5   Thumb Code    34  new.o(i._Znwj)
    __0fprintf                               0x080046dd   Thumb Code    22  printfa.o(i.__0fprintf)
    __1fprintf                               0x080046dd   Thumb Code     0  printfa.o(i.__0fprintf)
    __2fprintf                               0x080046dd   Thumb Code     0  printfa.o(i.__0fprintf)
    __c89fprintf                             0x080046dd   Thumb Code     0  printfa.o(i.__0fprintf)
    fprintf                                  0x080046dd   Thumb Code     0  printfa.o(i.__0fprintf)
    __0printf                                0x080046f9   Thumb Code    22  printfa.o(i.__0printf)
    __1printf                                0x080046f9   Thumb Code     0  printfa.o(i.__0printf)
    __2printf                                0x080046f9   Thumb Code     0  printfa.o(i.__0printf)
    __c89printf                              0x080046f9   Thumb Code     0  printfa.o(i.__0printf)
    printf                                   0x080046f9   Thumb Code     0  printfa.o(i.__0printf)
    __0vsnprintf                             0x08004719   Thumb Code    40  printfa.o(i.__0vsnprintf)
    __1vsnprintf                             0x08004719   Thumb Code     0  printfa.o(i.__0vsnprintf)
    __2vsnprintf                             0x08004719   Thumb Code     0  printfa.o(i.__0vsnprintf)
    __c89vsnprintf                           0x08004719   Thumb Code     0  printfa.o(i.__0vsnprintf)
    vsnprintf                                0x08004719   Thumb Code     0  printfa.o(i.__0vsnprintf)
    __ARM_array_new_general                  0x08004745   Thumb Code   146  array_new_general.o(i.__ARM_array_new_general)
    __aeabi_vec_dtor_cookie                  0x08004811   Thumb Code    16  aeabi_vec_dtor_cookie.o(i.__aeabi_vec_dtor_cookie)
    __aeabi_vec_new_cookie                   0x08004821   Thumb Code    20  aeabi_vec_new_cookie.o(i.__aeabi_vec_new_cookie)
    __cxa_guard_acquire                      0x08004835   Thumb Code    16  cxa_guard_acquire.o(i.__cxa_guard_acquire)
    __cxa_vec_new                            0x08004845   Thumb Code    18  cxa_vec_new.o(i.__cxa_vec_new)
    __scatterload_copy                       0x0800486f   Thumb Code    14  handlers.o(i.__scatterload_copy)
    __scatterload_null                       0x0800487d   Thumb Code     2  handlers.o(i.__scatterload_null)
    __scatterload_zeroinit                   0x0800487f   Thumb Code    14  handlers.o(i.__scatterload_zeroinit)
    _is_digit                                0x08004a69   Thumb Code    14  scanf_fp.o(i._is_digit)
    fputc                                    0x080051bd   Thumb Code    22  main.o(i.fputc)
    free                                     0x080051d9   Thumb Code    76  malloc.o(i.free)
    main                                     0x08005229   Thumb Code   106  main.o(i.main)
    malloc                                   0x080052f1   Thumb Code    92  malloc.o(i.malloc)
    osDelay                                  0x0800535d   Thumb Code    50  cmsis_os2.o(i.osDelay)
    osKernelInitialize                       0x08005395   Thumb Code    58  cmsis_os2.o(i.osKernelInitialize)
    osKernelStart                            0x080053d5   Thumb Code    64  cmsis_os2.o(i.osKernelStart)
    osMessageQueueNew                        0x08005419   Thumb Code   180  cmsis_os2.o(i.osMessageQueueNew)
    osThreadNew                              0x080054d1   Thumb Code   216  cmsis_os2.o(i.osThreadNew)
    pvPortMalloc                             0x08005f79   Thumb Code   296  heap_4.o(i.pvPortMalloc)
    pxPortInitialiseStack                    0x080060b5   Thumb Code    30  port.o(i.pxPortInitialiseStack)
    ssd1306_I2C_Init                         0x080060d9   Thumb Code    22  ssd1306_1.o(i.ssd1306_I2C_Init)
    ssd1306_I2C_Write                        0x080060f5   Thumb Code    34  ssd1306_1.o(i.ssd1306_I2C_Write)
    ssd1306_I2C_WriteMulti                   0x0800611d   Thumb Code    74  ssd1306_1.o(i.ssd1306_I2C_WriteMulti)
    uxListRemove                             0x0800616d   Thumb Code    40  list.o(i.uxListRemove)
    vApplicationGetIdleTaskMemory            0x08006195   Thumb Code    14  cmsis_os2.o(i.vApplicationGetIdleTaskMemory)
    vApplicationGetTimerTaskMemory           0x080061ad   Thumb Code    16  cmsis_os2.o(i.vApplicationGetTimerTaskMemory)
    vListInitialise                          0x080061c5   Thumb Code    26  list.o(i.vListInitialise)
    vListInitialiseItem                      0x080061df   Thumb Code     6  list.o(i.vListInitialiseItem)
    vListInsert                              0x080061e5   Thumb Code    52  list.o(i.vListInsert)
    vListInsertEnd                           0x08006219   Thumb Code    24  list.o(i.vListInsertEnd)
    vPortEnterCritical                       0x08006231   Thumb Code    76  port.o(i.vPortEnterCritical)
    vPortExitCritical                        0x08006285   Thumb Code    56  port.o(i.vPortExitCritical)
    vPortFree                                0x080062c1   Thumb Code   140  heap_4.o(i.vPortFree)
    vPortSetupTimerInterrupt                 0x08006355   Thumb Code    36  port.o(i.vPortSetupTimerInterrupt)
    vPortValidateInterruptPriority           0x0800637d   Thumb Code   106  port.o(i.vPortValidateInterruptPriority)
    vQueueAddToRegistry                      0x080063f5   Thumb Code    38  queue.o(i.vQueueAddToRegistry)
    vQueueWaitForMessageRestricted           0x08006421   Thumb Code    74  queue.o(i.vQueueWaitForMessageRestricted)
    vTaskDelay                               0x0800646d   Thumb Code    82  tasks.o(i.vTaskDelay)
    vTaskInternalSetTimeOutState             0x080064c9   Thumb Code    14  tasks.o(i.vTaskInternalSetTimeOutState)
    vTaskMissedYield                         0x080064e1   Thumb Code     8  tasks.o(i.vTaskMissedYield)
    vTaskPlaceOnEventList                    0x080064ed   Thumb Code    52  tasks.o(i.vTaskPlaceOnEventList)
    vTaskPlaceOnEventListRestricted          0x08006525   Thumb Code    60  tasks.o(i.vTaskPlaceOnEventListRestricted)
    vTaskStartScheduler                      0x08006565   Thumb Code   156  tasks.o(i.vTaskStartScheduler)
    vTaskSuspendAll                          0x0800661d   Thumb Code    12  tasks.o(i.vTaskSuspendAll)
    vTaskSwitchContext                       0x0800662d   Thumb Code   122  tasks.o(i.vTaskSwitchContext)
    xPortStartScheduler                      0x080066bd   Thumb Code   228  port.o(i.xPortStartScheduler)
    xQueueGenericCreate                      0x080067b5   Thumb Code    94  queue.o(i.xQueueGenericCreate)
    xQueueGenericCreateStatic                0x08006813   Thumb Code   222  queue.o(i.xQueueGenericCreateStatic)
    xQueueGenericReset                       0x080068f1   Thumb Code   146  queue.o(i.xQueueGenericReset)
    xQueueGenericSend                        0x08006989   Thumb Code   420  queue.o(i.xQueueGenericSend)
    xQueueGenericSendFromISR                 0x08006b31   Thumb Code   248  queue.o(i.xQueueGenericSendFromISR)
    xQueueReceive                            0x08006c29   Thumb Code   356  queue.o(i.xQueueReceive)
    xTaskCheckForTimeOut                     0x08006d91   Thumb Code   132  tasks.o(i.xTaskCheckForTimeOut)
    xTaskCreate                              0x08006e1d   Thumb Code   100  tasks.o(i.xTaskCreate)
    xTaskCreateStatic                        0x08006e81   Thumb Code   184  tasks.o(i.xTaskCreateStatic)
    xTaskGetSchedulerState                   0x08006f39   Thumb Code    24  tasks.o(i.xTaskGetSchedulerState)
    xTaskGetTickCount                        0x08006f59   Thumb Code     6  tasks.o(i.xTaskGetTickCount)
    xTaskIncrementTick                       0x08006f65   Thumb Code   280  tasks.o(i.xTaskIncrementTick)
    xTaskPriorityDisinherit                  0x080070a9   Thumb Code   152  tasks.o(i.xTaskPriorityDisinherit)
    xTaskRemoveFromEventList                 0x0800714d   Thumb Code   126  tasks.o(i.xTaskRemoveFromEventList)
    xTaskResumeAll                           0x080071e5   Thumb Code   222  tasks.o(i.xTaskResumeAll)
    xTimerCreateTimerTask                    0x080072e9   Thumb Code   100  timers.o(i.xTimerCreateTimerTask)
    xTimerGenericCommand                     0x08007361   Thumb Code   128  timers.o(i.xTimerGenericCommand)
    __rw::__string_ref<char, std::char_traits<char>, std::allocator<char>>::_C_inc_ref() 0x080073e5   Thumb Code    14  char.o(t._ZN4__rw12__string_refIcSt11char_traitsIcESaIcEE10_C_inc_refEv)
    __rw::__string_ref<char, std::char_traits<char>, std::allocator<char>>::data() 0x080073f9   Thumb Code     8  main.o(t._ZN4__rw12__string_refIcSt11char_traitsIcESaIcEE4dataEv)
    __rw::__rw_facet_maker<std::ctype<char>>::_C_maker_func(int, const char*, unsigned) 0x08007401   Thumb Code    70  rwstdexcept.o(t._ZN4__rw16__rw_facet_makerISt5ctypeIcEE13_C_maker_funcEiPKcj)
    __rw::__rw_locale_vector<__rw::__rw_facet_base*>::resize(unsigned, __rw::__rw_facet_base*const &) 0x08007447   Thumb Code    86  locale.o(t._ZN4__rw18__rw_locale_vectorIPNS_15__rw_facet_baseEE6resizeEjRKS2_)
    __rw::__rw_locale_vector<__rw::__rw_facet_base*>::~__rw_locale_vector() 0x0800749d   Thumb Code    14  locale.o(t._ZN4__rw18__rw_locale_vectorIPNS_15__rw_facet_baseEED1Ev)
    __rw::__rw_locale_vector<__rw::__rw_facet_base*>::~__rw_locale_vector__sub_object() 0x0800749d   Thumb Code     0  locale.o(t._ZN4__rw18__rw_locale_vectorIPNS_15__rw_facet_baseEED1Ev)
    __rw::__rw_locale_vector<__rw::__rw_cat*>::~__rw_locale_vector() 0x080074ab   Thumb Code    14  rwcats.o(t._ZN4__rw18__rw_locale_vectorIPNS_8__rw_catEED1Ev)
    __rw::__rw_locale_vector<__rw::__rw_cat*>::~__rw_locale_vector__sub_object() 0x080074ab   Thumb Code     0  rwcats.o(t._ZN4__rw18__rw_locale_vectorIPNS_8__rw_catEED1Ev)
    __rw::__rw_locale_vector<std::basic_string<char, std::char_traits<char>, std::allocator<char>>>::~__rw_locale_vector() 0x080074b9   Thumb Code    16  locale.o(t._ZN4__rw18__rw_locale_vectorISsED1Ev)
    __rw::__rw_locale_vector<std::basic_string<char, std::char_traits<char>, std::allocator<char>>>::~__rw_locale_vector__sub_object() 0x080074b9   Thumb Code     0  locale.o(t._ZN4__rw18__rw_locale_vectorISsED1Ev)
    __rw::__rw_locale_vector<std::__rw_open_cat_data>::resize(unsigned) 0x080074cd   Thumb Code   122  messages.o(t._ZN4__rw18__rw_locale_vectorISt18__rw_open_cat_dataE6resizeEj)
    __rw::__rw_locale_vector<std::__rw_open_cat_data>::~__rw_locale_vector() 0x08007555   Thumb Code    16  messages.o(t._ZN4__rw18__rw_locale_vectorISt18__rw_open_cat_dataED1Ev)
    __rw::__rw_locale_vector<std::__rw_open_cat_data>::~__rw_locale_vector__sub_object() 0x08007555   Thumb Code     0  messages.o(t._ZN4__rw18__rw_locale_vectorISt18__rw_open_cat_dataED1Ev)
    std::messages<char>::do_get(int, int, int, const std::basic_string<char, std::char_traits<char>, std::allocator<char>>&) const 0x08007569   Thumb Code   136  rwstdexcept.o(t._ZNKSt8messagesIcE6do_getEiiiRKSs)
    std::messages<char>::do_open(const std::basic_string<char, std::char_traits<char>, std::allocator<char>>&, const std::locale&) const 0x080075f9   Thumb Code     6  rwstdexcept.o(t._ZNKSt8messagesIcE7do_openERKSsRKSt6locale)
    std::basic_string<char, std::char_traits<char>, std::allocator<char>>::_C_allocate(unsigned, unsigned, unsigned) 0x080075ff   Thumb Code    50  locale.o(t._ZNSs11_C_allocateEjjj)
    std::basic_string<char, std::char_traits<char>, std::allocator<char>>::_C_null() 0x08007631   Thumb Code    10  main.o(t._ZNSs7_C_nullEv)
    std::basic_string<char, std::char_traits<char>, std::allocator<char>>::replace(unsigned, unsigned, const char*, unsigned) 0x08007641   Thumb Code    24  locale.o(t._ZNSs7replaceEjjPKcj)
    std::basic_string<char, std::char_traits<char>, std::allocator<char>>::replace(unsigned, unsigned, const char*, unsigned, unsigned, unsigned) 0x08007659   Thumb Code   352  char.o(t._ZNSs7replaceEjjPKcjjj)
    std::basic_string<char, std::char_traits<char>, std::allocator<char>>::_C_getRep(unsigned, unsigned) 0x080077c1   Thumb Code   108  char.o(t._ZNSs9_C_getRepEjj)
    std::basic_string<char, std::char_traits<char>, std::allocator<char>>::_C_unlink() 0x08007835   Thumb Code    66  char.o(t._ZNSs9_C_unlinkEv)
    std::basic_string<char, std::char_traits<char>, std::allocator<char>>::basic_string(const char*, const std::allocator<char>&) 0x0800787d   Thumb Code    52  locale.o(t._ZNSsC1EPKcRKSaIcE)
    std::basic_string<char, std::char_traits<char>, std::allocator<char>>::basic_string__sub_object(const char*, const std::allocator<char>&) 0x0800787d   Thumb Code     0  locale.o(t._ZNSsC1EPKcRKSaIcE)
    std::basic_string<char, std::char_traits<char>, std::allocator<char>>::basic_string(const std::allocator<char>&) 0x080078b5   Thumb Code    12  locale.o(t._ZNSsC1ERKSaIcE)
    std::basic_string<char, std::char_traits<char>, std::allocator<char>>::basic_string__sub_object(const std::allocator<char>&) 0x080078b5   Thumb Code     0  locale.o(t._ZNSsC1ERKSaIcE)
    std::basic_string<char, std::char_traits<char>, std::allocator<char>>::basic_string(const std::basic_string<char, std::char_traits<char>, std::allocator<char>>&) 0x080078c5   Thumb Code    62  char.o(t._ZNSsC1ERKSs)
    std::basic_string<char, std::char_traits<char>, std::allocator<char>>::basic_string__sub_object(const std::basic_string<char, std::char_traits<char>, std::allocator<char>>&) 0x080078c5   Thumb Code     0  char.o(t._ZNSsC1ERKSs)
    std::basic_string<char, std::char_traits<char>, std::allocator<char>>::~basic_string() 0x08007903   Thumb Code    12  char.o(t._ZNSsD1Ev)
    std::basic_string<char, std::char_traits<char>, std::allocator<char>>::~basic_string__sub_object() 0x08007903   Thumb Code     0  char.o(t._ZNSsD1Ev)
    std::basic_string<char, std::char_traits<char>, std::allocator<char>>::operator =(const char*) 0x08007911   Thumb Code    70  locale.o(t._ZNSsaSEPKc)
    std::basic_string<char, std::char_traits<char>, std::allocator<char>>::operator =(const std::basic_string<char, std::char_traits<char>, std::allocator<char>>&) 0x0800795d   Thumb Code    62  locale.o(t._ZNSsaSERKSs)
    const T1& std::max<unsigned>(const T1&, const T1&) 0x0800799b   Thumb Code    12  char.o(t._ZSt3maxIjERKT_S2_S2_)
    Font7x10                                 0x080079a6   Data        1900  fonts.o(.constdata)
    Font11x18                                0x08008112   Data        3420  fonts.o(.constdata)
    Font16x26                                0x08008e6e   Data        4940  fonts.o(.constdata)
    AHBPrescTable                            0x0800a1ba   Data          16  system_stm32f1xx.o(.constdata)
    APBPrescTable                            0x0800a1ca   Data           8  system_stm32f1xx.o(.constdata)
    std::ctype<char>::_C_classic_table       0x0800a230   Data         512  char.o(.constdata)
    __ctype_table                            0x0800a430   Data         129  ctype_o.o(.constdata)
    vtable for std::locale::facet            0x0800a4b8   Data          20  rwstdexcept.o(.constdata__ZTVNSt6locale5facetE)
    vtable for std::ctype_byname<char>       0x0800a4cc   Data          52  char.o(.constdata__ZTVSt12ctype_bynameIcE)
    vtable for std::__rw_exception           0x0800a500   Data          20  rwstdexcept.o(.constdata__ZTVSt14__rw_exception)
    vtable for std::ctype<char>              0x0800a514   Data          52  char.o(.constdata__ZTVSt5ctypeIcE)
    vtable for std::messages<char>           0x0800a548   Data          32  rwstdexcept.o(.constdata__ZTVSt8messagesIcE)
    vtable for std::exception                0x0800a568   Data          20  exception_dtor.o(.constdata__ZTVSt9exception)
    __rw::__rw_locale_imp::_C_category_name(int) const::string 0x0800a57c   Data           1  locale.o(.constdata__ZZNK4__rw15__rw_locale_imp16_C_category_nameEiEs)
    std::basic_string<char, std::char_traits<char>, std::allocator<char>>::replace(unsigned, unsigned, const char*, unsigned, unsigned, unsigned)::string 0x0800a57d   Data           1  main.o(.constdata__ZZNSs7replaceEjjPKcjjjEs)
    std::basic_string<char, std::char_traits<char>, std::allocator<char>>::_C_getRep(unsigned, unsigned)::string 0x0800a57e   Data           1  main.o(.constdata__ZZNSs9_C_getRepEjjEs)
    std::messages<char>::messages(unsigned)::string 0x0800a57f   Data           2  rwstdexcept.o(.constdata__ZZNSt8messagesIcEC1EjEs)
    Region$$Table$$Base                      0x0800a7f8   Number         0  anon$$obj.o(Region$$Table)
    Region$$Table$$Limit                     0x0800a818   Number         0  anon$$obj.o(Region$$Table)
    SHT$$INIT_ARRAY$$Base                    0x0800a818   Number         0  char.o(.init_array)
    SHT$$INIT_ARRAY$$Limit                   0x0800a824   Number         0  rwcats.o(.init_array)
    InitTaskHandle                           0x20000000   Data           4  main.o(.data)
    DisplayTaskHandle                        0x20000004   Data           4  main.o(.data)
    VolumeTaskHandle                         0x20000008   Data           4  main.o(.data)
    ControlTaskHandle                        0x2000000c   Data           4  main.o(.data)
    VolumeQueueHandle                        0x20000010   Data           4  main.o(.data)
    Font_7x10                                0x20000014   Data           8  fonts.o(.data)
    Font_11x18                               0x2000001c   Data           8  fonts.o(.data)
    Font_16x26                               0x20000024   Data           8  fonts.o(.data)
    uwTick                                   0x20000034   Data           4  stm32f1xx_hal.o(.data)
    uwTickPrio                               0x20000038   Data           4  stm32f1xx_hal.o(.data)
    uwTickFreq                               0x2000003c   Data           1  stm32f1xx_hal.o(.data)
    SystemCoreClock                          0x20000040   Data           4  system_stm32f1xx.o(.data)
    pxCurrentTCB                             0x20000044   Data           4  tasks.o(.data)
    std::ctype<char>::id                     0x200000d4   Data           4  char.o(.data)
    std::ctype<wchar_t>::id                  0x200000d8   Data           4  char.o(.data)
    std::locale::_C_classic                  0x200000e4   Data           4  locale.o(.data)
    std::locale::_C_native                   0x200000e8   Data           4  locale.o(.data)
    std::locale::_C_global                   0x200000ec   Data           4  locale.o(.data)
    std::codecvt<char, char, std::__mbstate_t>::id 0x200000f0   Data           4  locale.o(.data)
    std::codecvt<wchar_t, char, std::__mbstate_t>::id 0x200000f4   Data           4  locale.o(.data)
    __rw_throw_proc                          0x200000f8   Data           4  rwthrowproc_noex.o(.data)
    __stdout                                 0x200000fc   Data           4  stdout.o(.data)
    __stderr                                 0x20000100   Data           4  stderr.o(.data)
    __microlib_freelist                      0x20000104   Data           4  mvars.o(.data)
    __microlib_freelist_initialised          0x20000108   Data           4  mvars.o(.data)
    std::locale::id::_C_init() const::_C_id_gen 0x20000124   Data           4  locale.o(.data__ZZNKSt6locale2id7_C_initEvE9_C_id_gen)
    guard variable for std::__rw_get_cats()::__open_cats 0x20000128   Data           4  messages.o(.data__ZZSt13__rw_get_catsvE11__open_cats)
    std::__rw_get_cats()::__open_cats        0x2000012c   Data           8  messages.o(.data__ZZSt13__rw_get_catsvE11__open_cats)
    huart1                                   0x20000134   Data          64  main.o(.bss)
    hi2c2                                    0x20000174   Data          84  main.o(.bss)
    InitTask_attributes                      0x200001c8   Data          36  main.o(.bss)
    DisplayTask_attributes                   0x200001ec   Data          36  main.o(.bss)
    VolumeTask_attributes                    0x20000210   Data          36  main.o(.bss)
    ControlTask_attributes                   0x20000234   Data          36  main.o(.bss)
    VolumeQueue_attributes                   0x20000258   Data          24  main.o(.bss)
    htim1                                    0x20000270   Data          64  stm32f1xx_hal_timebase_tim.o(.bss)
    hi2c1                                    0x200006b0   Data          84  i2c.o(.bss)
    xQueueRegistry                           0x20000704   Data          64  queue.o(.bss)
    std::basic_string<char, std::char_traits<char>, std::allocator<char>>::__nullref 0x200043f0   Data          16  vendor.o(.bss__ZNSs9__nullrefE)
    __heap_base                              0x20004400   Data           0  startup_stm32f103xb.o(HEAP)
    __heap_limit                             0x20004600   Data           0  startup_stm32f103xb.o(HEAP)
    __initial_sp                             0x20004a00   Data           0  startup_stm32f103xb.o(STACK)



==============================================================================

Memory Map of the image

  Image Entry point : 0x080000ed

  Load Region LR_IROM1 (Base: 0x08000000, Size: 0x0000a958, Max: 0x00010000, ABSOLUTE, COMPRESSED[0x0000a860])

    Execution Region ER_IROM1 (Exec base: 0x08000000, Load base: 0x08000000, Size: 0x0000a824, Max: 0x00010000, ABSOLUTE)

    Exec Addr    Load Addr    Size         Type   Attr      Idx    E Section Name        Object

    0x08000000   0x08000000   0x000000ec   Data   RO            3    RESET               startup_stm32f103xb.o
    0x080000ec   0x080000ec   0x00000000   Code   RO         6211  * .ARM.Collect$$$$00000000  mc_w.l(entry.o)
    0x080000ec   0x080000ec   0x00000004   Code   RO         7160    .ARM.Collect$$$$00000001  mc_w.l(entry2.o)
    0x080000f0   0x080000f0   0x00000004   Code   RO         7163    .ARM.Collect$$$$00000004  mc_w.l(entry5.o)
    0x080000f4   0x080000f4   0x00000000   Code   RO         7165    .ARM.Collect$$$$00000008  mc_w.l(entry7b.o)
    0x080000f4   0x080000f4   0x00000004   Code   RO         7166    .ARM.Collect$$$$00000009  mc_w.l(entry8a.o)
    0x080000f8   0x080000f8   0x00000000   Code   RO         7167    .ARM.Collect$$$$0000000A  mc_w.l(entry8b.o)
    0x080000f8   0x080000f8   0x00000008   Code   RO         7168    .ARM.Collect$$$$0000000B  mc_w.l(entry9a.o)
    0x08000100   0x08000100   0x00000000   Code   RO         7170    .ARM.Collect$$$$0000000D  mc_w.l(entry10a.o)
    0x08000100   0x08000100   0x00000004   Code   RO         7171    .ARM.Collect$$$$0000000E  mc_w.l(entry10b.o)
    0x08000104   0x08000104   0x00000000   Code   RO         7172    .ARM.Collect$$$$0000000F  mc_w.l(entry11a.o)
    0x08000104   0x08000104   0x00000004   Code   RO         7161    .ARM.Collect$$$$00002712  mc_w.l(entry2.o)
    0x08000108   0x08000108   0x00000096   Code   RO         5856    .emb_text           port.o
    0x0800019e   0x0800019e   0x00000002   PAD
    0x080001a0   0x080001a0   0x00000024   Code   RO            4    .text               startup_stm32f103xb.o
    0x080001c4   0x080001c4   0x00000020   Code   RO         6214    .text               mc_w.l(llushr.o)
    0x080001e4   0x080001e4   0x00000024   Code   RO         6216    .text               mc_w.l(memcpya.o)
    0x08000208   0x08000208   0x00000040   Code   RO         6218    .text               mc_w.l(memmovea.o)
    0x08000248   0x08000248   0x00000024   Code   RO         6222    .text               mc_w.l(memseta.o)
    0x0800026c   0x0800026c   0x0000000e   Code   RO         6224    .text               mc_w.l(strlen.o)
    0x0800027a   0x0800027a   0x0000000e   Code   RO         7142    .text               cpprt_w.l(aeabi_vec_delete_noexceptions.o)
    0x08000288   0x08000288   0x0000002c   Code   RO         7176    .text               mc_w.l(uidiv.o)
    0x080002b4   0x080002b4   0x00000062   Code   RO         7178    .text               mc_w.l(uldiv.o)
    0x08000316   0x08000316   0x00000018   Code   RO         7184    .text               mc_w.l(strcat.o)
    0x0800032e   0x0800032e   0x00000012   Code   RO         7186    .text               mc_w.l(strcpy.o)
    0x08000340   0x08000340   0x00000020   Code   RO         7188    .text               mc_w.l(strrchr.o)
    0x08000360   0x08000360   0x00000038   Code   RO         7192    .text               mc_w.l(sscanf.o)
    0x08000398   0x08000398   0x00000000   Code   RO         7194    .text               mc_w.l(iusefp.o)
    0x08000398   0x08000398   0x0000014e   Code   RO         7195    .text               mf_w.l(dadd.o)
    0x080004e6   0x080004e6   0x000000e4   Code   RO         7197    .text               mf_w.l(dmul.o)
    0x080005ca   0x080005ca   0x000000de   Code   RO         7199    .text               mf_w.l(ddiv.o)
    0x080006a8   0x080006a8   0x00000030   Code   RO         7201    .text               mf_w.l(dfixul.o)
    0x080006d8   0x080006d8   0x00000030   Code   RO         7203    .text               mf_w.l(cdrcmple.o)
    0x08000708   0x08000708   0x00000004   Code   RO         7294    .text               cpprt_w.l(arm_newhandler_noexceptions.o)
    0x0800070c   0x0800070c   0x0000001a   Code   RO         7345    .text               cpprt_w.l(arm_exceptions_terminate.o)
    0x08000726   0x08000726   0x00000002   PAD
    0x08000728   0x08000728   0x00000050   Code   RO         7348    .text               cpprt_w.l(arm_exceptions_globs.o)
    0x08000778   0x08000778   0x00000024   Code   RO         7357    .text               mc_w.l(init.o)
    0x0800079c   0x0800079c   0x0000001e   Code   RO         7359    .text               mc_w.l(llshl.o)
    0x080007ba   0x080007ba   0x00000024   Code   RO         7361    .text               mc_w.l(llsshr.o)
    0x080007de   0x080007de   0x00000002   PAD
    0x080007e0   0x080007e0   0x00000008   Code   RO         7363    .text               mc_w.l(ctype_o.o)
    0x080007e8   0x080007e8   0x00000012   Code   RO         7385    .text               mc_w.l(isspace_o.o)
    0x080007fa   0x080007fa   0x00000042   Code   RO         7399    .text               mc_w.l(memmove.o)
    0x0800083c   0x0800083c   0x0000001c   Code   RO         7403    .text               mc_w.l(strcmp.o)
    0x08000858   0x08000858   0x00000156   Code   RO         7415    .text               mc_w.l(_scanf_longlong.o)
    0x080009ae   0x080009ae   0x0000014c   Code   RO         7417    .text               mc_w.l(_scanf_int.o)
    0x08000afa   0x08000afa   0x000000e0   Code   RO         7419    .text               mc_w.l(_scanf_str.o)
    0x08000bda   0x08000bda   0x00000002   PAD
    0x08000bdc   0x08000bdc   0x00000360   Code   RO         7421    .text               mc_w.l(scanf_fp.o)
    0x08000f3c   0x08000f3c   0x00000028   Code   RO         7425    .text               mc_w.l(scanf_char.o)
    0x08000f64   0x08000f64   0x00000040   Code   RO         7427    .text               mc_w.l(_sgetc.o)
    0x08000fa4   0x08000fa4   0x00000014   Code   RO         7429    .text               mc_w.l(cpp_memory.o)
    0x08000fb8   0x08000fb8   0x0000002e   Code   RO         7432    .text               mc_w.l(aeabi_atexit.o)
    0x08000fe6   0x08000fe6   0x000000ba   Code   RO         7434    .text               mf_w.l(depilogue.o)
    0x080010a0   0x080010a0   0x00000002   Code   RO         7436    .text               cpprt_w.l(arm_rethrow_noexceptions.o)
    0x080010a2   0x080010a2   0x00000022   Code   RO         7445    .text               cpprt_w.l(aeabi_vec_dtor_noexceptions.o)
    0x080010c4   0x080010c4   0x0000003c   Code   RO         7448    .text               cpprt_w.l(arm_exceptions_mem.o)
    0x08001100   0x08001100   0x0000001c   Code   RO         7465    .text               mc_w.l(_chval.o)
    0x0800111c   0x0800111c   0x0000032c   Code   RO         7467    .text               mc_w.l(_scanf.o)
    0x08001448   0x08001448   0x00000008   Code   RO         7471    .text               mc_w.l(cpp_dtor.o)
    0x08001450   0x08001450   0x00000042   Code   RO         7474    .text               mc_w.l(cxa_finalize.o)
    0x08001492   0x08001492   0x00000018   Code   RO         7476    .text               mf_w.l(dfltul.o)
    0x080014aa   0x080014aa   0x00000038   Code   RO         7480    .text               mf_w.l(d2f.o)
    0x080014e2   0x080014e2   0x00000002   Code   RO         7495    .text               mc_w.l(cpp_final.o)
    0x080014e4   0x080014e4   0x0000006e   Code   RO         7497    .text               mf_w.l(fepilogue.o)
    0x08001552   0x08001552   0x0000001c   Code   RO         7499    .text               cpprt_w.l(ARM_vec_cleanup_noexceptions.o)
    0x0800156e   0x0800156e   0x00000002   PAD
    0x08001570   0x08001570   0x00000020   Code   RO         7514    .text               mc_w.l(cpp_init.o)
    0x08001590   0x08001590   0x00000056   Code   RO         7523    .text               mc_w.l(__dczerorl2.o)
    0x080015e6   0x080015e6   0x00000014   Code   RO         6773    i.<Func5>           cpp_ws.l(locale.o)
    0x080015fa   0x080015fa   0x00000004   Code   RO         1073    i.BusFault_Handler  stm32f1xx_it.o
    0x080015fe   0x080015fe   0x00000002   Code   RO         1074    i.DebugMon_Handler  stm32f1xx_it.o
    0x08001600   0x08001600   0x00000002   Code   RO           13    i.Error_Handler     main.o
    0x08001602   0x08001602   0x00000002   PAD
    0x08001604   0x08001604   0x00000028   Code   RO         1503    i.HAL_Delay         stm32f1xx_hal.o
    0x0800162c   0x0800162c   0x00000320   Code   RO         1816    i.HAL_GPIO_Init     stm32f1xx_hal_gpio.o
    0x0800194c   0x0800194c   0x0000000c   Code   RO         1507    i.HAL_GetTick       stm32f1xx_hal.o
    0x08001958   0x08001958   0x000001b8   Code   RO         2513    i.HAL_I2C_Init      stm32f1xx_hal_i2c.o
    0x08001b10   0x08001b10   0x000001a4   Code   RO         2514    i.HAL_I2C_IsDeviceReady  stm32f1xx_hal_i2c.o
    0x08001cb4   0x08001cb4   0x00000170   Code   RO         2526    i.HAL_I2C_Master_Transmit  stm32f1xx_hal_i2c.o
    0x08001e24   0x08001e24   0x000000d0   Code   RO         1141    i.HAL_I2C_MspInit   stm32f1xx_hal_msp.o
    0x08001ef4   0x08001ef4   0x00000018   Code   RO         1513    i.HAL_IncTick       stm32f1xx_hal.o
    0x08001f0c   0x08001f0c   0x00000028   Code   RO         1514    i.HAL_Init          stm32f1xx_hal.o
    0x08001f34   0x08001f34   0x00000088   Code   RO         1188    i.HAL_InitTick      stm32f1xx_hal_timebase_tim.o
    0x08001fbc   0x08001fbc   0x00000060   Code   RO         1142    i.HAL_MspInit       stm32f1xx_hal_msp.o
    0x0800201c   0x0800201c   0x00000020   Code   RO         1976    i.HAL_NVIC_EnableIRQ  stm32f1xx_hal_cortex.o
    0x0800203c   0x0800203c   0x0000007c   Code   RO         1982    i.HAL_NVIC_SetPriority  stm32f1xx_hal_cortex.o
    0x080020b8   0x080020b8   0x00000028   Code   RO         1983    i.HAL_NVIC_SetPriorityGrouping  stm32f1xx_hal_cortex.o
    0x080020e0   0x080020e0   0x0000018c   Code   RO         1671    i.HAL_RCC_ClockConfig  stm32f1xx_hal_rcc.o
    0x0800226c   0x0800226c   0x00000044   Code   RO         1675    i.HAL_RCC_GetClockConfig  stm32f1xx_hal_rcc.o
    0x080022b0   0x080022b0   0x0000000c   Code   RO         1676    i.HAL_RCC_GetHCLKFreq  stm32f1xx_hal_rcc.o
    0x080022bc   0x080022bc   0x00000020   Code   RO         1678    i.HAL_RCC_GetPCLK1Freq  stm32f1xx_hal_rcc.o
    0x080022dc   0x080022dc   0x00000020   Code   RO         1679    i.HAL_RCC_GetPCLK2Freq  stm32f1xx_hal_rcc.o
    0x080022fc   0x080022fc   0x00000094   Code   RO         1680    i.HAL_RCC_GetSysClockFreq  stm32f1xx_hal_rcc.o
    0x08002390   0x08002390   0x00000464   Code   RO         1683    i.HAL_RCC_OscConfig  stm32f1xx_hal_rcc.o
    0x080027f4   0x080027f4   0x00000002   Code   RO         3652    i.HAL_TIMEx_BreakCallback  stm32f1xx_hal_tim_ex.o
    0x080027f6   0x080027f6   0x00000002   Code   RO         3653    i.HAL_TIMEx_CommutCallback  stm32f1xx_hal_tim_ex.o
    0x080027f8   0x080027f8   0x00000034   Code   RO         2966    i.HAL_TIM_Base_Init  stm32f1xx_hal_tim.o
    0x0800282c   0x0800282c   0x00000002   Code   RO         2968    i.HAL_TIM_Base_MspInit  stm32f1xx_hal_tim.o
    0x0800282e   0x0800282e   0x0000002a   Code   RO         2971    i.HAL_TIM_Base_Start_IT  stm32f1xx_hal_tim.o
    0x08002858   0x08002858   0x00000002   Code   RO         2995    i.HAL_TIM_IC_CaptureCallback  stm32f1xx_hal_tim.o
    0x0800285a   0x0800285a   0x00000196   Code   RO         3009    i.HAL_TIM_IRQHandler  stm32f1xx_hal_tim.o
    0x080029f0   0x080029f0   0x00000002   Code   RO         3012    i.HAL_TIM_OC_DelayElapsedCallback  stm32f1xx_hal_tim.o
    0x080029f2   0x080029f2   0x00000002   Code   RO         3039    i.HAL_TIM_PWM_PulseFinishedCallback  stm32f1xx_hal_tim.o
    0x080029f4   0x080029f4   0x00000018   Code   RO           14    i.HAL_TIM_PeriodElapsedCallback  main.o
    0x08002a0c   0x08002a0c   0x00000002   Code   RO         3052    i.HAL_TIM_TriggerCallback  stm32f1xx_hal_tim.o
    0x08002a0e   0x08002a0e   0x00000072   Code   RO         3928    i.HAL_UART_Init     stm32f1xx_hal_uart.o
    0x08002a80   0x08002a80   0x00000088   Code   RO         1144    i.HAL_UART_MspInit  stm32f1xx_hal_msp.o
    0x08002b08   0x08002b08   0x000000d6   Code   RO         3936    i.HAL_UART_Transmit  stm32f1xx_hal_uart.o
    0x08002bde   0x08002bde   0x00000004   Code   RO         1075    i.HardFault_Handler  stm32f1xx_it.o
    0x08002be2   0x08002be2   0x0000003e   Code   RO         2556    i.I2C_IsAcknowledgeFailed  stm32f1xx_hal_i2c.o
    0x08002c20   0x08002c20   0x000000ac   Code   RO         2560    i.I2C_MasterRequestWrite  stm32f1xx_hal_i2c.o
    0x08002ccc   0x08002ccc   0x0000005c   Code   RO         2575    i.I2C_WaitOnBTFFlagUntilTimeout  stm32f1xx_hal_i2c.o
    0x08002d28   0x08002d28   0x00000086   Code   RO         2576    i.I2C_WaitOnFlagUntilTimeout  stm32f1xx_hal_i2c.o
    0x08002dae   0x08002dae   0x000000c4   Code   RO         2577    i.I2C_WaitOnMasterAddressFlagUntilTimeout  stm32f1xx_hal_i2c.o
    0x08002e72   0x08002e72   0x0000005c   Code   RO         2580    i.I2C_WaitOnTXEFlagUntilTimeout  stm32f1xx_hal_i2c.o
    0x08002ece   0x08002ece   0x00000002   PAD
    0x08002ed0   0x08002ed0   0x00000038   Code   RO         1430    i.MX_I2C1_Init      i2c.o
    0x08002f08   0x08002f08   0x00000004   Code   RO         1076    i.MemManage_Handler  stm32f1xx_it.o
    0x08002f0c   0x08002f0c   0x00000002   Code   RO         1077    i.NMI_Handler       stm32f1xx_it.o
    0x08002f0e   0x08002f0e   0x00000002   PAD
    0x08002f10   0x08002f10   0x00000028   Code   RO         1684    i.RCC_Delay         stm32f1xx_hal_rcc.o
    0x08002f38   0x08002f38   0x000000a0   Code   RO         1280    i.SSD1306_DrawPixel  ssd1306_1.o
    0x08002fd8   0x08002fd8   0x00000020   Code   RO         1283    i.SSD1306_Fill      ssd1306_1.o
    0x08002ff8   0x08002ff8   0x0000000c   Code   RO         1284    i.SSD1306_GotoXY    ssd1306_1.o
    0x08003004   0x08003004   0x00000160   Code   RO         1285    i.SSD1306_Init      ssd1306_1.o
    0x08003164   0x08003164   0x000000a8   Code   RO         1288    i.SSD1306_Putc      ssd1306_1.o
    0x0800320c   0x0800320c   0x0000002a   Code   RO         1289    i.SSD1306_Puts      ssd1306_1.o
    0x08003236   0x08003236   0x00000002   PAD
    0x08003238   0x08003238   0x00000048   Code   RO         1291    i.SSD1306_UpdateScreen  ssd1306_1.o
    0x08003280   0x08003280   0x00000034   Code   RO         5857    i.SysTick_Handler   port.o
    0x080032b4   0x080032b4   0x00000058   Code   RO         4235    i.SystemInit        system_stm32f1xx.o
    0x0800330c   0x0800330c   0x00000010   Code   RO         1078    i.TIM1_UP_IRQHandler  stm32f1xx_it.o
    0x0800331c   0x0800331c   0x00000074   Code   RO         3054    i.TIM_Base_SetConfig  stm32f1xx_hal_tim.o
    0x08003390   0x08003390   0x000001a0   Code   RO         3955    i.UART_SetConfig    stm32f1xx_hal_uart.o
    0x08003530   0x08003530   0x0000006c   Code   RO         3957    i.UART_WaitOnFlagUntilTimeout  stm32f1xx_hal_uart.o
    0x0800359c   0x0800359c   0x00000004   Code   RO         1079    i.UsageFault_Handler  stm32f1xx_it.o
    0x080035a0   0x080035a0   0x000000d8   Code   RO           15    i._Z12MX_GPIO_Initv  main.o
    0x08003678   0x08003678   0x00000038   Code   RO           16    i._Z12MX_I2C2_Initv  main.o
    0x080036b0   0x080036b0   0x000000fc   Code   RO           17    i._Z13StartInitTaskPv  main.o
    0x080037ac   0x080037ac   0x00000050   Code   RO           21    i._Z18SystemClock_Configv  main.o
    0x080037fc   0x080037fc   0x00000038   Code   RO           22    i._Z19MX_USART1_UART_Initv  main.o
    0x08003834   0x08003834   0x00000020   Code   RO         7205    i._Z7catgetsPN4__rw8__rw_catEiiPKc  cpp_ws.l(rwcats.o)
    0x08003854   0x08003854   0x00000022   Code   RO         7206    i._Z7catopenPKci    cpp_ws.l(rwcats.o)
    0x08003876   0x08003876   0x00000058   Code   RO         6086    i._ZN37_INTERNAL_15_rwstdexcept_cpp_8697b68a4__rw13__rw_vfmatstrEPcjPKcSt9__va_list  cpp_ws.l(rwstdexcept.o)
    0x080038ce   0x080038ce   0x00000002   PAD
    0x080038d0   0x080038d0   0x0000014c   Code   RO         6087    i._ZN37_INTERNAL_15_rwstdexcept_cpp_8697b68a4__rw13__rw_vfmatstrEPcjiSt9__va_list  cpp_ws.l(rwstdexcept.o)
    0x08003a1c   0x08003a1c   0x0000005c   Code   RO         6089    i._ZN4__rw10__rw_throwEiz  cpp_ws.l(rwstdexcept.o)
    0x08003a78   0x08003a78   0x00000020   Code   RO         5933    i._ZN4__rw13__rw_allocateEji  cpp_ws.l(rwalloc.o)
    0x08003a98   0x08003a98   0x00000004   Code   RO         5934    i._ZN4__rw15__rw_deallocateEPvji  cpp_ws.l(rwalloc.o)
    0x08003a9c   0x08003a9c   0x00000002   Code   RO         6720    i._ZN4__rw15__rw_facet_base12_C_initfacetERKSt6locale  cpp_ws.l(char.o)
    0x08003a9e   0x08003a9e   0x00000002   PAD
    0x08003aa0   0x08003aa0   0x000000ec   Code   RO         6876    i._ZN4__rw15__rw_locale_impC1EPKcjj  cpp_ws.l(locale.o)
    0x08003b8c   0x08003b8c   0x0000001a   Code   RO         6914    i._ZN4__rw15__rw_locale_impD1Ev  cpp_ws.l(locale.o)
    0x08003ba6   0x08003ba6   0x0000003a   Code   RO         6774    i._ZN4__rw21__rw_use_c_lib_localeC1EPKci  cpp_ws.l(locale.o)
    0x08003be0   0x08003be0   0x00000018   Code   RO         6690    i._ZN4__rw21__rw_use_c_lib_localeD1Ev  cpp_ws.l(char.o)
    0x08003bf8   0x08003bf8   0x00000098   Code   RO         7229    i._ZN4__rw25__rw_throw_exception_noexEiPc  cpp_ws.l(rwthrowproc_impl_noex.o)
    0x08003c90   0x08003c90   0x00000030   Code   RO         7209    i._ZN4__rw9__catfindEPNS_8__rw_catE  cpp_ws.l(rwcats.o)
    0x08003cc0   0x08003cc0   0x00000028   Code   RO          975    i._ZN7TDA7300C1EP19__I2C_HandleTypeDef  tda7300.o
    0x08003ce8   0x08003ce8   0x00000004   Code   RO         6208    i._ZNKSt14__rw_exception4whatEv  cpp_ws.l(rwstdexcept.o)
    0x08003cec   0x08003cec   0x00000072   Code   RO         6951    i._ZNKSt18__rw_messages_base11_C_cat_openERKSsRKSt6locale  cpp_ws.l(messages.o)
    0x08003d5e   0x08003d5e   0x00000020   Code   RO         6954    i._ZNKSt18__rw_messages_base13_C_get_localeEi  cpp_ws.l(messages.o)
    0x08003d7e   0x08003d7e   0x00000034   Code   RO         6955    i._ZNKSt18__rw_messages_base14_C_get_messageEiii  cpp_ws.l(messages.o)
    0x08003db2   0x08003db2   0x0000000e   Code   RO         6660    i._ZNKSt5ctypeIcE2isENSt10ctype_base4maskEc  cpp_ws.l(char.o)
    0x08003dc0   0x08003dc0   0x00000108   Code   RO         6779    i._ZNKSt6locale13_C_make_facetERKNS_2idEbiPFPN4__rw15__rw_facet_baseEiPKcjE  cpp_ws.l(locale.o)
    0x08003ec8   0x08003ec8   0x00000074   Code   RO         6781    i._ZNKSt6locale16_C_install_facetEPN4__rw15__rw_facet_baseERKNS_2idE  cpp_ws.l(locale.o)
    0x08003f3c   0x08003f3c   0x00000030   Code   RO         6782    i._ZNKSt6locale4nameEv  cpp_ws.l(locale.o)
    0x08003f6c   0x08003f6c   0x0000000c   Code   RO         6635    i._ZNSt11char_traitsIcE4copyEPcPKcj  cpp_ws.l(char.o)
    0x08003f78   0x08003f78   0x000000cc   Code   RO         6523    i._ZNSt12ctype_bynameIcE17_C_get_mask_tableEPKc  cpp_ws.l(char.o)
    0x08004044   0x08004044   0x00000120   Code   RO         6525    i._ZNSt12ctype_bynameIcEC1EPKcj  cpp_ws.l(char.o)
    0x08004164   0x08004164   0x0000000e   Code   RO         6767    i._ZNSt12ctype_bynameIcED0Ev  cpp_ws.l(char.o)
    0x08004172   0x08004172   0x00000008   Code   RO         6764    i._ZNSt12ctype_bynameIcED1Ev  cpp_ws.l(char.o)
    0x0800417a   0x0800417a   0x00000002   PAD
    0x0800417c   0x0800417c   0x00000084   Code   RO         6092    i._ZNSt14__rw_exception10_C_vformatEiSt9__va_list  cpp_ws.l(rwstdexcept.o)
    0x08004200   0x08004200   0x00000014   Code   RO         6158    i._ZNSt14__rw_exceptionC1Ev  cpp_ws.l(rwstdexcept.o)
    0x08004214   0x08004214   0x0000001c   Code   RO         6202    i._ZNSt14__rw_exceptionD1Ev  cpp_ws.l(rwstdexcept.o)
    0x08004230   0x08004230   0x00000008   Code   RO         6155    i._ZNSt18__rw_messages_baseD1Ev  cpp_ws.l(rwstdexcept.o)
    0x08004238   0x08004238   0x0000001a   Code   RO         6991    i._ZNSt18__rw_open_cat_dataC1Ev  cpp_ws.l(messages.o)
    0x08004252   0x08004252   0x0000000c   Code   RO         6988    i._ZNSt18__rw_open_cat_dataD1Ev  cpp_ws.l(messages.o)
    0x0800425e   0x0800425e   0x00000012   Code   RO         6994    i._ZNSt18__rw_open_cat_dataaSERKS_  cpp_ws.l(messages.o)
    0x08004270   0x08004270   0x000000fa   Code   RO         6527    i._ZNSt5ctypeIcE12_C_initfacetERKSt6locale  cpp_ws.l(char.o)
    0x0800436a   0x0800436a   0x00000002   PAD
    0x0800436c   0x0800436c   0x00000118   Code   RO         6529    i._ZNSt5ctypeIcEC1EPKNSt10ctype_base4maskEbj  cpp_ws.l(char.o)
    0x08004484   0x08004484   0x0000000e   Code   RO         6663    i._ZNSt5ctypeIcED0Ev  cpp_ws.l(char.o)
    0x08004492   0x08004492   0x00000002   PAD
    0x08004494   0x08004494   0x0000002c   Code   RO         6592    i._ZNSt5ctypeIcED1Ev  cpp_ws.l(char.o)
    0x080044c0   0x080044c0   0x0000000e   Code   RO         6199    i._ZNSt6locale5facetD0Ev  cpp_ws.l(rwstdexcept.o)
    0x080044ce   0x080044ce   0x00000002   PAD
    0x080044d0   0x080044d0   0x00000084   Code   RO         6785    i._ZNSt6locale7_C_initEv  cpp_ws.l(locale.o)
    0x08004554   0x08004554   0x00000044   Code   RO         6787    i._ZNSt6locale7classicEv  cpp_ws.l(locale.o)
    0x08004598   0x08004598   0x00000020   Code   RO         6917    i._ZNSt6localeC1EPN4__rw15__rw_locale_impE  cpp_ws.l(locale.o)
    0x080045b8   0x080045b8   0x0000000c   Code   RO         6997    i._ZNSt6localeC1ERKS_  cpp_ws.l(messages.o)
    0x080045c4   0x080045c4   0x00000020   Code   RO         6151    i._ZNSt6localeC1Ev  cpp_ws.l(rwstdexcept.o)
    0x080045e4   0x080045e4   0x00000020   Code   RO         6892    i._ZNSt6localeD1Ev  cpp_ws.l(locale.o)
    0x08004604   0x08004604   0x00000032   Code   RO         6795    i._ZNSt6localeaSERKS_  cpp_ws.l(locale.o)
    0x08004636   0x08004636   0x0000000e   Code   RO         6173    i._ZNSt8messagesIcED0Ev  cpp_ws.l(rwstdexcept.o)
    0x08004644   0x08004644   0x00000010   Code   RO         6142    i._ZNSt8messagesIcED1Ev  cpp_ws.l(rwstdexcept.o)
    0x08004654   0x08004654   0x0000000c   Code   RO         7026    i._ZNSt9exceptionC1Ev  cpprt_w.l(exception_ctor.o)
    0x08004660   0x08004660   0x0000003c   Code   RO         6972    i._ZSt13__rw_get_catsv  cpp_ws.l(messages.o)
    0x0800469c   0x0800469c   0x00000008   Code   RO         7003    i._ZdaPv            cpprt_w.l(array_del.o)
    0x080046a4   0x080046a4   0x00000008   Code   RO         7010    i._ZdlPv            cpprt_w.l(delete.o)
    0x080046ac   0x080046ac   0x00000008   Code   RO         7006    i._Znaj             cpprt_w.l(array_new.o)
    0x080046b4   0x080046b4   0x00000028   Code   RO         7013    i._Znwj             cpprt_w.l(new.o)
    0x080046dc   0x080046dc   0x0000001c   Code   RO         6462    i.__0fprintf        mc_w.l(printfa.o)
    0x080046f8   0x080046f8   0x00000020   Code   RO         6463    i.__0printf         mc_w.l(printfa.o)
    0x08004718   0x08004718   0x0000002c   Code   RO         6468    i.__0vsnprintf      mc_w.l(printfa.o)
    0x08004744   0x08004744   0x00000092   Code   RO         7482    i.__ARM_array_new_general  cpprt_w.l(array_new_general.o)
    0x080047d6   0x080047d6   0x00000002   PAD
    0x080047d8   0x080047d8   0x00000010   Code   RO         1989    i.__NVIC_GetPriorityGrouping  stm32f1xx_hal_cortex.o
    0x080047e8   0x080047e8   0x00000028   Code   RO         1990    i.__NVIC_SetPriority  stm32f1xx_hal_cortex.o
    0x08004810   0x08004810   0x00000010   Code   RO         7335    i.__aeabi_vec_dtor_cookie  cpprt_w.l(aeabi_vec_dtor_cookie.o)
    0x08004820   0x08004820   0x00000014   Code   RO         7332    i.__aeabi_vec_new_cookie  cpprt_w.l(aeabi_vec_new_cookie.o)
    0x08004834   0x08004834   0x00000010   Code   RO         7310    i.__cxa_guard_acquire  cpprt_w.l(cxa_guard_acquire.o)
    0x08004844   0x08004844   0x00000018   Code   RO         7442    i.__cxa_vec_new     cpprt_w.l(cxa_vec_new.o)
    0x0800485c   0x0800485c   0x00000006   Code   RO         5371    i.__get_BASEPRI     cmsis_os2.o
    0x08004862   0x08004862   0x00000006   Code   RO         5372    i.__get_IPSR        cmsis_os2.o
    0x08004868   0x08004868   0x00000006   Code   RO         5373    i.__get_PRIMASK     cmsis_os2.o
    0x0800486e   0x0800486e   0x0000000e   Code   RO         7517    i.__scatterload_copy  mc_w.l(handlers.o)
    0x0800487c   0x0800487c   0x00000002   Code   RO         7518    i.__scatterload_null  mc_w.l(handlers.o)
    0x0800487e   0x0800487e   0x0000000e   Code   RO         7519    i.__scatterload_zeroinit  mc_w.l(handlers.o)
    0x0800488c   0x0800488c   0x00000010   Code   RO         6796    i.__sti___10_locale_cpp_ff99fc7b  cpp_ws.l(locale.o)
    0x0800489c   0x0800489c   0x00000038   Code   RO         7210    i.__sti___10_rwcats_cpp_64e8068e  cpp_ws.l(rwcats.o)
    0x080048d4   0x080048d4   0x00000010   Code   RO         6531    i.__sti___8_char_cpp_a3dc957a  cpp_ws.l(char.o)
    0x080048e4   0x080048e4   0x00000184   Code   RO         6470    i._fp_digits        mc_w.l(printfa.o)
    0x08004a68   0x08004a68   0x0000000e   Code   RO         7423    i._is_digit         mc_w.l(scanf_fp.o)
    0x08004a76   0x08004a76   0x00000002   PAD
    0x08004a78   0x08004a78   0x000006dc   Code   RO         6471    i._printf_core      mc_w.l(printfa.o)
    0x08005154   0x08005154   0x00000024   Code   RO         6472    i._printf_post_padding  mc_w.l(printfa.o)
    0x08005178   0x08005178   0x0000002e   Code   RO         6473    i._printf_pre_padding  mc_w.l(printfa.o)
    0x080051a6   0x080051a6   0x00000016   Code   RO         6474    i._snputc           mc_w.l(printfa.o)
    0x080051bc   0x080051bc   0x0000001c   Code   RO           23    i.fputc             main.o
    0x080051d8   0x080051d8   0x00000050   Code   RO         6491    i.free              mc_w.l(malloc.o)
    0x08005228   0x08005228   0x000000c8   Code   RO           24    i.main              main.o
    0x080052f0   0x080052f0   0x0000006c   Code   RO         6492    i.malloc            mc_w.l(malloc.o)
    0x0800535c   0x0800535c   0x00000038   Code   RO         5374    i.osDelay           cmsis_os2.o
    0x08005394   0x08005394   0x00000040   Code   RO         5388    i.osKernelInitialize  cmsis_os2.o
    0x080053d4   0x080053d4   0x00000044   Code   RO         5391    i.osKernelStart     cmsis_os2.o
    0x08005418   0x08005418   0x000000b8   Code   RO         5399    i.osMessageQueueNew  cmsis_os2.o
    0x080054d0   0x080054d0   0x000000dc   Code   RO         5425    i.osThreadNew       cmsis_os2.o
    0x080055ac   0x080055ac   0x0000007c   Code   RO         4846    i.prvAddCurrentTaskToDelayedList  tasks.o
    0x08005628   0x08005628   0x000000b8   Code   RO         4847    i.prvAddNewTaskToReadyList  tasks.o
    0x080056e0   0x080056e0   0x00000074   Code   RO         5207    i.prvCheckForValidListAndQueue  timers.o
    0x08005754   0x08005754   0x00000048   Code   RO         4848    i.prvCheckTasksWaitingTermination  tasks.o
    0x0800579c   0x0800579c   0x0000002a   Code   RO         4439    i.prvCopyDataFromQueue  queue.o
    0x080057c6   0x080057c6   0x0000007c   Code   RO         4440    i.prvCopyDataToQueue  queue.o
    0x08005842   0x08005842   0x00000050   Code   RO         4849    i.prvDeleteTCB      tasks.o
    0x08005892   0x08005892   0x00000002   PAD
    0x08005894   0x08005894   0x00000028   Code   RO         5208    i.prvGetNextExpireTime  timers.o
    0x080058bc   0x080058bc   0x0000007c   Code   RO         5807    i.prvHeapInit       heap_4.o
    0x08005938   0x08005938   0x00000028   Code   RO         4850    i.prvIdleTask       tasks.o
    0x08005960   0x08005960   0x0000002a   Code   RO         4443    i.prvInitialiseNewQueue  queue.o
    0x0800598a   0x0800598a   0x000000b4   Code   RO         4851    i.prvInitialiseNewTask  tasks.o
    0x08005a3e   0x08005a3e   0x00000002   PAD
    0x08005a40   0x08005a40   0x00000068   Code   RO         4852    i.prvInitialiseTaskLists  tasks.o
    0x08005aa8   0x08005aa8   0x00000068   Code   RO         5808    i.prvInsertBlockIntoFreeList  heap_4.o
    0x08005b10   0x08005b10   0x00000058   Code   RO         5210    i.prvInsertTimerInActiveList  timers.o
    0x08005b68   0x08005b68   0x0000001a   Code   RO         4444    i.prvIsQueueEmpty   queue.o
    0x08005b82   0x08005b82   0x0000001e   Code   RO         4445    i.prvIsQueueFull    queue.o
    0x08005ba0   0x08005ba0   0x00000064   Code   RO         5211    i.prvProcessExpiredTimer  timers.o
    0x08005c04   0x08005c04   0x00000128   Code   RO         5212    i.prvProcessReceivedCommands  timers.o
    0x08005d2c   0x08005d2c   0x00000074   Code   RO         5213    i.prvProcessTimerOrBlockTask  timers.o
    0x08005da0   0x08005da0   0x00000034   Code   RO         4854    i.prvResetNextTaskUnblockTime  tasks.o
    0x08005dd4   0x08005dd4   0x0000002c   Code   RO         5214    i.prvSampleTimeNow  timers.o
    0x08005e00   0x08005e00   0x000000a0   Code   RO         5215    i.prvSwitchTimerLists  timers.o
    0x08005ea0   0x08005ea0   0x00000040   Code   RO         5858    i.prvTaskExitError  port.o
    0x08005ee0   0x08005ee0   0x0000001a   Code   RO         5216    i.prvTimerTask      timers.o
    0x08005efa   0x08005efa   0x0000007e   Code   RO         4446    i.prvUnlockQueue    queue.o
    0x08005f78   0x08005f78   0x0000013c   Code   RO         5809    i.pvPortMalloc      heap_4.o
    0x080060b4   0x080060b4   0x00000024   Code   RO         5859    i.pxPortInitialiseStack  port.o
    0x080060d8   0x080060d8   0x0000001c   Code   RO         1292    i.ssd1306_I2C_Init  ssd1306_1.o
    0x080060f4   0x080060f4   0x00000028   Code   RO         1293    i.ssd1306_I2C_Write  ssd1306_1.o
    0x0800611c   0x0800611c   0x00000050   Code   RO         1294    i.ssd1306_I2C_WriteMulti  ssd1306_1.o
    0x0800616c   0x0800616c   0x00000028   Code   RO         4399    i.uxListRemove      list.o
    0x08006194   0x08006194   0x00000018   Code   RO         5437    i.vApplicationGetIdleTaskMemory  cmsis_os2.o
    0x080061ac   0x080061ac   0x00000018   Code   RO         5438    i.vApplicationGetTimerTaskMemory  cmsis_os2.o
    0x080061c4   0x080061c4   0x0000001a   Code   RO         4400    i.vListInitialise   list.o
    0x080061de   0x080061de   0x00000006   Code   RO         4401    i.vListInitialiseItem  list.o
    0x080061e4   0x080061e4   0x00000034   Code   RO         4402    i.vListInsert       list.o
    0x08006218   0x08006218   0x00000018   Code   RO         4403    i.vListInsertEnd    list.o
    0x08006230   0x08006230   0x00000054   Code   RO         5861    i.vPortEnterCritical  port.o
    0x08006284   0x08006284   0x0000003c   Code   RO         5862    i.vPortExitCritical  port.o
    0x080062c0   0x080062c0   0x00000094   Code   RO         5810    i.vPortFree         heap_4.o
    0x08006354   0x08006354   0x00000028   Code   RO         5863    i.vPortSetupTimerInterrupt  port.o
    0x0800637c   0x0800637c   0x00000078   Code   RO         5864    i.vPortValidateInterruptPriority  port.o
    0x080063f4   0x080063f4   0x0000002c   Code   RO         4452    i.vQueueAddToRegistry  queue.o
    0x08006420   0x08006420   0x0000004a   Code   RO         4456    i.vQueueWaitForMessageRestricted  queue.o
    0x0800646a   0x0800646a   0x00000002   PAD
    0x0800646c   0x0800646c   0x0000005c   Code   RO         4866    i.vTaskDelay        tasks.o
    0x080064c8   0x080064c8   0x00000018   Code   RO         4871    i.vTaskInternalSetTimeOutState  tasks.o
    0x080064e0   0x080064e0   0x0000000c   Code   RO         4872    i.vTaskMissedYield  tasks.o
    0x080064ec   0x080064ec   0x00000038   Code   RO         4874    i.vTaskPlaceOnEventList  tasks.o
    0x08006524   0x08006524   0x00000040   Code   RO         4875    i.vTaskPlaceOnEventListRestricted  tasks.o
    0x08006564   0x08006564   0x000000b8   Code   RO         4883    i.vTaskStartScheduler  tasks.o
    0x0800661c   0x0800661c   0x00000010   Code   RO         4885    i.vTaskSuspendAll   tasks.o
    0x0800662c   0x0800662c   0x00000090   Code   RO         4886    i.vTaskSwitchContext  tasks.o
    0x080066bc   0x080066bc   0x000000f8   Code   RO         5865    i.xPortStartScheduler  port.o
    0x080067b4   0x080067b4   0x0000005e   Code   RO         4461    i.xQueueGenericCreate  queue.o
    0x08006812   0x08006812   0x000000de   Code   RO         4462    i.xQueueGenericCreateStatic  queue.o
    0x080068f0   0x080068f0   0x00000098   Code   RO         4463    i.xQueueGenericReset  queue.o
    0x08006988   0x08006988   0x000001a8   Code   RO         4464    i.xQueueGenericSend  queue.o
    0x08006b30   0x08006b30   0x000000f8   Code   RO         4465    i.xQueueGenericSendFromISR  queue.o
    0x08006c28   0x08006c28   0x00000168   Code   RO         4474    i.xQueueReceive     queue.o
    0x08006d90   0x08006d90   0x0000008c   Code   RO         4887    i.xTaskCheckForTimeOut  tasks.o
    0x08006e1c   0x08006e1c   0x00000064   Code   RO         4888    i.xTaskCreate       tasks.o
    0x08006e80   0x08006e80   0x000000b8   Code   RO         4889    i.xTaskCreateStatic  tasks.o
    0x08006f38   0x08006f38   0x00000020   Code   RO         4893    i.xTaskGetSchedulerState  tasks.o
    0x08006f58   0x08006f58   0x0000000c   Code   RO         4894    i.xTaskGetTickCount  tasks.o
    0x08006f64   0x08006f64   0x00000144   Code   RO         4896    i.xTaskIncrementTick  tasks.o
    0x080070a8   0x080070a8   0x000000a4   Code   RO         4899    i.xTaskPriorityDisinherit  tasks.o
    0x0800714c   0x0800714c   0x00000098   Code   RO         4901    i.xTaskRemoveFromEventList  tasks.o
    0x080071e4   0x080071e4   0x00000104   Code   RO         4902    i.xTaskResumeAll    tasks.o
    0x080072e8   0x080072e8   0x00000078   Code   RO         5223    i.xTimerCreateTimerTask  timers.o
    0x08007360   0x08007360   0x00000084   Code   RO         5224    i.xTimerGenericCommand  timers.o
    0x080073e4   0x080073e4   0x00000014   Code   RO         6644    t._ZN4__rw12__string_refIcSt11char_traitsIcESaIcEE10_C_inc_refEv  cpp_ws.l(char.o)
    0x080073f8   0x080073f8   0x00000008   Code   RO          159    t._ZN4__rw12__string_refIcSt11char_traitsIcESaIcEE4dataEv  main.o
    0x08007400   0x08007400   0x00000046   Code   RO         6164    t._ZN4__rw16__rw_facet_makerISt5ctypeIcEE13_C_maker_funcEiPKcj  cpp_ws.l(rwstdexcept.o)
    0x08007446   0x08007446   0x00000056   Code   RO         6895    t._ZN4__rw18__rw_locale_vectorIPNS_15__rw_facet_baseEE6resizeEjRKS2_  cpp_ws.l(locale.o)
    0x0800749c   0x0800749c   0x0000000e   Code   RO         6907    t._ZN4__rw18__rw_locale_vectorIPNS_15__rw_facet_baseEED1Ev  cpp_ws.l(locale.o)
    0x080074aa   0x080074aa   0x0000000e   Code   RO         7226    t._ZN4__rw18__rw_locale_vectorIPNS_8__rw_catEED1Ev  cpp_ws.l(rwcats.o)
    0x080074b8   0x080074b8   0x00000014   Code   RO         6910    t._ZN4__rw18__rw_locale_vectorISsED1Ev  cpp_ws.l(locale.o)
    0x080074cc   0x080074cc   0x00000088   Code   RO         6978    t._ZN4__rw18__rw_locale_vectorISt18__rw_open_cat_dataE6resizeEj  cpp_ws.l(messages.o)
    0x08007554   0x08007554   0x00000014   Code   RO         6984    t._ZN4__rw18__rw_locale_vectorISt18__rw_open_cat_dataED1Ev  cpp_ws.l(messages.o)
    0x08007568   0x08007568   0x00000090   Code   RO         6136    t._ZNKSt8messagesIcE6do_getEiiiRKSs  cpp_ws.l(rwstdexcept.o)
    0x080075f8   0x080075f8   0x00000006   Code   RO         6161    t._ZNKSt8messagesIcE7do_openERKSsRKSt6locale  cpp_ws.l(rwstdexcept.o)
    0x080075fe   0x080075fe   0x00000032   Code   RO         6864    t._ZNSs11_C_allocateEjjj  cpp_ws.l(locale.o)
    0x08007630   0x08007630   0x00000010   Code   RO          171    t._ZNSs7_C_nullEv   main.o
    0x08007640   0x08007640   0x00000018   Code   RO         6904    t._ZNSs7replaceEjjPKcj  cpp_ws.l(locale.o)
    0x08007658   0x08007658   0x00000168   Code   RO         6582    t._ZNSs7replaceEjjPKcjjj  cpp_ws.l(char.o)
    0x080077c0   0x080077c0   0x00000074   Code   RO         6570    t._ZNSs9_C_getRepEjj  cpp_ws.l(char.o)
    0x08007834   0x08007834   0x00000048   Code   RO         6579    t._ZNSs9_C_unlinkEv  cpp_ws.l(char.o)
    0x0800787c   0x0800787c   0x00000038   Code   RO         6867    t._ZNSsC1EPKcRKSaIcE  cpp_ws.l(locale.o)
    0x080078b4   0x080078b4   0x00000010   Code   RO         6901    t._ZNSsC1ERKSaIcE   cpp_ws.l(locale.o)
    0x080078c4   0x080078c4   0x0000003e   Code   RO         6573    t._ZNSsC1ERKSs      cpp_ws.l(char.o)
    0x08007902   0x08007902   0x0000000c   Code   RO         6653    t._ZNSsD1Ev         cpp_ws.l(char.o)
    0x0800790e   0x0800790e   0x00000002   PAD
    0x08007910   0x08007910   0x0000004c   Code   RO         6873    t._ZNSsaSEPKc       cpp_ws.l(locale.o)
    0x0800795c   0x0800795c   0x0000003e   Code   RO         6870    t._ZNSsaSERKSs      cpp_ws.l(locale.o)
    0x0800799a   0x0800799a   0x0000000c   Code   RO         6647    t._ZSt3maxIjERKT_S2_S2_  cpp_ws.l(char.o)
    0x080079a6   0x080079a6   0x00002814   Data   RO          579    .constdata          fonts.o
    0x0800a1ba   0x0800a1ba   0x00000018   Data   RO         4236    .constdata          system_stm32f1xx.o
    0x0800a1d2   0x0800a1d2   0x00000002   PAD
    0x0800a1d4   0x0800a1d4   0x0000005c   Data   RO         6112    .constdata          cpp_ws.l(rwstdexcept.o)
    0x0800a230   0x0800a230   0x00000200   Data   RO         6551    .constdata          cpp_ws.l(char.o)
    0x0800a430   0x0800a430   0x00000081   Data   RO         7364    .constdata          mc_w.l(ctype_o.o)
    0x0800a4b1   0x0800a4b1   0x00000003   PAD
    0x0800a4b4   0x0800a4b4   0x00000004   Data   RO         7365    .constdata          mc_w.l(ctype_o.o)
    0x0800a4b8   0x0800a4b8   0x00000014   Data   RO         6187    .constdata__ZTVNSt6locale5facetE  cpp_ws.l(rwstdexcept.o)
    0x0800a4cc   0x0800a4cc   0x00000034   Data   RO         6731    .constdata__ZTVSt12ctype_bynameIcE  cpp_ws.l(char.o)
    0x0800a500   0x0800a500   0x00000014   Data   RO         6189    .constdata__ZTVSt14__rw_exception  cpp_ws.l(rwstdexcept.o)
    0x0800a514   0x0800a514   0x00000034   Data   RO         6562    .constdata__ZTVSt5ctypeIcE  cpp_ws.l(char.o)
    0x0800a548   0x0800a548   0x00000020   Data   RO         6125    .constdata__ZTVSt8messagesIcE  cpp_ws.l(rwstdexcept.o)
    0x0800a568   0x0800a568   0x00000014   Data   RO         7036    .constdata__ZTVSt9exception  cpprt_w.l(exception_dtor.o)
    0x0800a57c   0x0800a57c   0x00000001   Data   RO         6861    .constdata__ZZNK4__rw15__rw_locale_imp16_C_category_nameEiEs  cpp_ws.l(locale.o)
    0x0800a57d   0x0800a57d   0x00000001   Data   RO          110    .constdata__ZZNSs7replaceEjjPKcjjjEs  main.o
    0x0800a57e   0x0800a57e   0x00000001   Data   RO          109    .constdata__ZZNSs9_C_getRepEjjEs  main.o
    0x0800a57f   0x0800a57f   0x00000002   Data   RO         6126    .constdata__ZZNSt8messagesIcEC1EjEs  cpp_ws.l(rwstdexcept.o)
    0x0800a581   0x0800a581   0x00000003   PAD
    0x0800a584   0x0800a584   0x00000272   Data   RO         6113    .conststring        cpp_ws.l(rwstdexcept.o)
    0x0800a7f6   0x0800a7f6   0x00000002   PAD
    0x0800a7f8   0x0800a7f8   0x00000020   Data   RO         7516    Region$$Table       anon$$obj.o
    0x0800a818   0x0800a818   0x00000004   Data   RO         6553    .init_array         cpp_ws.l(char.o)
    0x0800a81c   0x0800a818   0x00000004   Data   RO         6844    .init_array         cpp_ws.l(locale.o)
    0x0800a820   0x0800a818   0x00000004   Data   RO         7220    .init_array         cpp_ws.l(rwcats.o)


    Execution Region RW_IRAM1 (Exec base: 0x20000000, Load base: 0x0800a824, Size: 0x00004a00, Max: 0x00005000, ABSOLUTE, COMPRESSED[0x0000003c])

    Exec Addr    Load Addr    Size         Type   Attr      Idx    E Section Name        Object

    0x20000000   COMPRESSED   0x00000014   Data   RW           38    .data               main.o
    0x20000014   COMPRESSED   0x00000018   Data   RW          580    .data               fonts.o
    0x2000002c   COMPRESSED   0x00000006   Data   RW         1296    .data               ssd1306_1.o
    0x20000032   COMPRESSED   0x00000002   PAD
    0x20000034   COMPRESSED   0x00000009   Data   RW         1521    .data               stm32f1xx_hal.o
    0x2000003d   COMPRESSED   0x00000003   PAD
    0x20000040   COMPRESSED   0x00000004   Data   RW         4237    .data               system_stm32f1xx.o
    0x20000044   COMPRESSED   0x0000003c   Data   RW         4905    .data               tasks.o
    0x20000080   COMPRESSED   0x00000014   Data   RW         5232    .data               timers.o
    0x20000094   COMPRESSED   0x00000004   Data   RW         5440    .data               cmsis_os2.o
    0x20000098   COMPRESSED   0x00000018   Data   RW         5815    .data               heap_4.o
    0x200000b0   COMPRESSED   0x0000000c   Data   RW         5866    .data               port.o
    0x200000bc   COMPRESSED   0x00000017   Data   RW         6114    .data               cpp_ws.l(rwstdexcept.o)
    0x200000d3   COMPRESSED   0x00000001   PAD
    0x200000d4   COMPRESSED   0x00000008   Data   RW         6552    .data               cpp_ws.l(char.o)
    0x200000dc   COMPRESSED   0x0000001c   Data   RW         6843    .data               cpp_ws.l(locale.o)
    0x200000f8   COMPRESSED   0x00000004   Data   RW         7002    .data               cpp_ws.l(rwthrowproc_noex.o)
    0x200000fc   COMPRESSED   0x00000004   Data   RW         7174    .data               mc_w.l(stdout.o)
    0x20000100   COMPRESSED   0x00000004   Data   RW         7175    .data               mc_w.l(stderr.o)
    0x20000104   COMPRESSED   0x00000004   Data   RW         7190    .data               mc_w.l(mvars.o)
    0x20000108   COMPRESSED   0x00000004   Data   RW         7191    .data               mc_w.l(mvars.o)
    0x2000010c   COMPRESSED   0x00000008   Data   RW         7219    .data               cpp_ws.l(rwcats.o)
    0x20000114   COMPRESSED   0x0000000c   Data   RW         7430    .data               mc_w.l(cpp_memory.o)
    0x20000120   COMPRESSED   0x00000004   Data   RW         7472    .data               mc_w.l(cpp_dtor.o)
    0x20000124   COMPRESSED   0x00000004   Data   RW         6944    .data__ZZNKSt6locale2id7_C_initEvE9_C_id_gen  cpp_ws.l(locale.o)
    0x20000128   COMPRESSED   0x0000000c   Data   RW         7000    .data__ZZSt13__rw_get_catsvE11__open_cats  cpp_ws.l(messages.o)
    0x20000134        -       0x0000013c   Zero   RW           37    .bss                main.o
    0x20000270        -       0x00000040   Zero   RW         1191    .bss                stm32f1xx_hal_timebase_tim.o
    0x200002b0        -       0x00000400   Zero   RW         1295    .bss                ssd1306_1.o
    0x200006b0        -       0x00000054   Zero   RW         1431    .bss                i2c.o
    0x20000704        -       0x00000040   Zero   RW         4478    .bss                queue.o
    0x20000744        -       0x000004c4   Zero   RW         4904    .bss                tasks.o
    0x20000c08        -       0x00000118   Zero   RW         5231    .bss                timers.o
    0x20000d20        -       0x000006b8   Zero   RW         5439    .bss                cmsis_os2.o
    0x200013d8        -       0x00003000   Zero   RW         5814    .bss                heap_4.o
    0x200043d8        -       0x00000018   Zero   RW         6111    .bss                cpp_ws.l(rwstdexcept.o)
    0x200043f0        -       0x00000010   Zero   RW         7293    .bss__ZNSs9__nullrefE  cpp_ws.l(vendor.o)
    0x20004400        -       0x00000200   Zero   RW            2    HEAP                startup_stm32f103xb.o
    0x20004600        -       0x00000400   Zero   RW            1    STACK               startup_stm32f103xb.o


==============================================================================

Image component sizes


      Code (inc. data)   RO Data    RW Data    ZI Data      Debug   Object Name

       658         42          0          4       1720      15862   cmsis_os2.o
         0          0          0          0          0      20100   event_groups.o
         0          0      10260         24          0     429747   fonts.o
         0          0          0          0          0       7068   freertos.o
       692         62          0         24      12288       4635   heap_4.o
        56         14          0          0         84        643   i2c.o
       148          0          0          0          0       3386   list.o
       938        254          2         20        316     457457   main.o
       854         78          0         12          0      10825   port.o
      2008         20          0          0         64      17634   queue.o
         0          0          0          0          0     350924   ssd1306.o
       986         52          0          6       1024       7938   ssd1306_1.o
        36          8        236          0       1536        796   startup_stm32f103xb.o
       116         24          0          9          0       5198   stm32f1xx_hal.o
       252         22          0          0          0      28638   stm32f1xx_hal_cortex.o
       800         34          0          0          0       2040   stm32f1xx_hal_gpio.o
      1976         42          0          0          0       8989   stm32f1xx_hal_i2c.o
       440         42          0          0          0       2311   stm32f1xx_hal_msp.o
      1852        120          0          0          0       6569   stm32f1xx_hal_rcc.o
       626         12          0          0          0       5950   stm32f1xx_hal_tim.o
         4          0          0          0          0       1501   stm32f1xx_hal_tim_ex.o
       136         18          0          0         64       1423   stm32f1xx_hal_timebase_tim.o
       852          4          0          0          0       3544   stm32f1xx_hal_uart.o
        36          6          0          0          0       2954   stm32f1xx_it.o
         0          0          0          0          0       8844   stream_buffer.o
        88         18         24          4          0       1139   system_stm32f1xx.o
      2796        346          0         60       1220      23510   tasks.o
        40          0          0          0          0       2832   tda7300.o
      1238        124          0         20        280      26479   timers.o

    ----------------------------------------------------------------------
     17644       1342      10556        188      18596    1458936   Object Totals
         0          0         32          0          0          0   (incl. Generated)
        16          0          2          5          0          0   (incl. Padding)

    ----------------------------------------------------------------------

      Code (inc. data)   RO Data    RW Data    ZI Data      Debug   Library Member Name

      1824         74        620          8          0       1552   char.o
      1502         80          5         32          0       1760   locale.o
       482         34          0         12          0        784   messages.o
        36          0          0          0          0        144   rwalloc.o
       184         24          4          8          0        400   rwcats.o
      1000         68        792         23         24       1220   rwstdexcept.o
       152         94          0          0          0         72   rwthrowproc_impl_noex.o
         0          0          0          4          0          0   rwthrowproc_noex.o
         0          0          0          0         16          0   vendor.o
        28          0          0          0          0         84   ARM_vec_cleanup_noexceptions.o
        14          0          0          0          0         80   aeabi_vec_delete_noexceptions.o
        16          0          0          0          0         68   aeabi_vec_dtor_cookie.o
        34          0          0          0          0         84   aeabi_vec_dtor_noexceptions.o
        20          0          0          0          0         80   aeabi_vec_new_cookie.o
        80         12          0          0          0        104   arm_exceptions_globs.o
        60          0          0          0          0        108   arm_exceptions_mem.o
        26          0          0          0          0         76   arm_exceptions_terminate.o
         4          0          0          0          0         68   arm_newhandler_noexceptions.o
         2          0          0          0          0         68   arm_rethrow_noexceptions.o
         8          0          0          0          0         76   array_del.o
         8          0          0          0          0         76   array_new.o
       146          0          0          0          0         96   array_new_general.o
        16          0          0          0          0         68   cxa_guard_acquire.o
        24          6          0          0          0         84   cxa_vec_new.o
         8          0          0          0          0         76   delete.o
        12          6          0          0          0         68   exception_ctor.o
         0          0         20          0          0          0   exception_dtor.o
        40          6          0          0          0         76   new.o
        86          0          0          0          0          0   __dczerorl2.o
        28          0          0          0          0         68   _chval.o
       812          4          0          0          0        112   _scanf.o
       332          0          0          0          0         96   _scanf_int.o
       342          0          0          0          0        100   _scanf_longlong.o
       224          0          0          0          0         96   _scanf_str.o
        64          0          0          0          0         84   _sgetc.o
        46          0          0          0          0         84   aeabi_atexit.o
         8          4          0          4          0         68   cpp_dtor.o
         2          0          0          0          0         68   cpp_final.o
        32         10          0          0          0         80   cpp_init.o
        20          4          0         12          0        136   cpp_memory.o
         8          4        133          0          0         68   ctype_o.o
        66          0          0          0          0         84   cxa_finalize.o
         0          0          0          0          0          0   entry.o
         0          0          0          0          0          0   entry10a.o
         4          0          0          0          0          0   entry10b.o
         0          0          0          0          0          0   entry11a.o
         8          4          0          0          0          0   entry2.o
         4          0          0          0          0          0   entry5.o
         0          0          0          0          0          0   entry7b.o
         4          0          0          0          0          0   entry8a.o
         0          0          0          0          0          0   entry8b.o
         8          4          0          0          0          0   entry9a.o
        30          0          0          0          0          0   handlers.o
        36          8          0          0          0         68   init.o
        18          0          0          0          0         76   isspace_o.o
         0          0          0          0          0          0   iusefp.o
        30          0          0          0          0         68   llshl.o
        36          0          0          0          0         68   llsshr.o
        32          0          0          0          0         68   llushr.o
       188         20          0          0          0        160   malloc.o
        36          0          0          0          0         68   memcpya.o
        66          0          0          0          0         76   memmove.o
        64          0          0          0          0         76   memmovea.o
        36          0          0          0          0        108   memseta.o
         0          0          0          8          0          0   mvars.o
      2352        100          0          0          0        684   printfa.o
        40          8          0          0          0         84   scanf_char.o
       878         12          0          0          0        216   scanf_fp.o
        56          8          0          0          0         84   sscanf.o
         0          0          0          4          0          0   stderr.o
         0          0          0          4          0          0   stdout.o
        24          0          0          0          0         68   strcat.o
        28          0          0          0          0         76   strcmp.o
        18          0          0          0          0         68   strcpy.o
        14          0          0          0          0         68   strlen.o
        32          0          0          0          0         68   strrchr.o
        44          0          0          0          0         80   uidiv.o
        98          0          0          0          0         92   uldiv.o
        48          0          0          0          0         68   cdrcmple.o
        56          0          0          0          0         88   d2f.o
       334          0          0          0          0        148   dadd.o
       222          0          0          0          0        100   ddiv.o
       186          0          0          0          0        176   depilogue.o
        48          0          0          0          0         68   dfixul.o
        24          0          0          0          0         76   dfltul.o
       228          0          0          0          0         96   dmul.o
       110          0          0          0          0        168   fepilogue.o

    ----------------------------------------------------------------------
     13262        594       1582        120         40      11928   Library Totals
        26          0          8          1          0          0   (incl. Padding)

    ----------------------------------------------------------------------

      Code (inc. data)   RO Data    RW Data    ZI Data      Debug   Library Name

      5180        374       1421         87         40       5932   cpp_ws.l
       546         30         20          0          0       1440   cpprt_w.l
      6254        190        133         32          0       3568   mc_w.l
      1256          0          0          0          0        988   mf_w.l

    ----------------------------------------------------------------------
     13262        594       1582        120         40      11928   Library Totals

    ----------------------------------------------------------------------

==============================================================================


      Code (inc. data)   RO Data    RW Data    ZI Data      Debug   

     30906       1936      12138        308      18636    1455912   Grand Totals
     30906       1936      12138         60      18636    1455912   ELF Image Totals (compressed)
     30906       1936      12138         60          0          0   ROM Totals

==============================================================================

    Total RO  Size (Code + RO Data)                43044 (  42.04kB)
    Total RW  Size (RW Data + ZI Data)             18944 (  18.50kB)
    Total ROM Size (Code + RO Data + RW Data)      43104 (  42.09kB)

==============================================================================

