Component: ARM Compiler 5.06 update 6 (build 750) Tool: armlink [4d35ed]

==============================================================================

Section Cross References

    startup_stm32f103xb.o(RESET) refers to startup_stm32f103xb.o(STACK) for __initial_sp
    startup_stm32f103xb.o(RESET) refers to startup_stm32f103xb.o(.text) for Reset_Handler
    startup_stm32f103xb.o(RESET) refers to stm32f1xx_it.o(i.NMI_Handler) for NMI_Handler
    startup_stm32f103xb.o(RESET) refers to stm32f1xx_it.o(i.HardFault_Handler) for HardFault_Handler
    startup_stm32f103xb.o(RESET) refers to stm32f1xx_it.o(i.MemManage_Handler) for MemManage_Handler
    startup_stm32f103xb.o(RESET) refers to stm32f1xx_it.o(i.BusFault_Handler) for BusFault_Handler
    startup_stm32f103xb.o(RESET) refers to stm32f1xx_it.o(i.UsageFault_Handler) for UsageFault_Handler
    startup_stm32f103xb.o(RESET) refers to port.o(.emb_text) for SVC_Handler
    startup_stm32f103xb.o(RESET) refers to stm32f1xx_it.o(i.DebugMon_Handler) for DebugMon_Handler
    startup_stm32f103xb.o(RESET) refers to port.o(i.SysTick_Handler) for SysTick_Handler
    startup_stm32f103xb.o(RESET) refers to stm32f1xx_it.o(i.TIM1_UP_IRQHandler) for TIM1_UP_IRQHandler
    startup_stm32f103xb.o(.text) refers to system_stm32f1xx.o(i.SystemInit) for SystemInit
    startup_stm32f103xb.o(.text) refers to entry.o(.ARM.Collect$$$$00000000) for __main
    main.o(i.HAL_TIM_PeriodElapsedCallback) refers to stm32f1xx_hal.o(i.HAL_IncTick) for HAL_IncTick
    main.o(i._Z13StartInitTaskPv) refers to printfa.o(i.__0printf) for __2printf
    main.o(i._Z13StartInitTaskPv) refers to cmsis_os2.o(i.osDelay) for osDelay
    main.o(i._Z15StartVolumeTaskPv) refers to cmsis_os2.o(i.osDelay) for osDelay
    main.o(i._Z16StartControlTaskPv) refers to cmsis_os2.o(i.osDelay) for osDelay
    main.o(i._Z16StartDisplayTaskPv) refers to cmsis_os2.o(i.osDelay) for osDelay
    main.o(i._Z18SystemClock_Configv) refers to memseta.o(.text) for __aeabi_memclr4
    main.o(i._Z18SystemClock_Configv) refers to stm32f1xx_hal_rcc.o(i.HAL_RCC_OscConfig) for HAL_RCC_OscConfig
    main.o(i._Z18SystemClock_Configv) refers to stm32f1xx_hal_rcc.o(i.HAL_RCC_ClockConfig) for HAL_RCC_ClockConfig
    main.o(i.__sti___8_main_cpp_Display) refers to ssd1306.o(i._ZN4OLEDC1Ev) for OLED::OLED()
    main.o(i.__sti___8_main_cpp_Display) refers to tda7300.o(i._ZN7TDA7300C1Ev) for TDA7300::TDA7300()
    main.o(i.__sti___8_main_cpp_Display) refers to main.o(.bss) for .bss
    main.o(i.fputc) refers to stm32f1xx_hal_uart.o(i.HAL_UART_Transmit) for HAL_UART_Transmit
    main.o(i.fputc) refers to main.o(.bss) for .bss
    main.o(i.main) refers to stm32f1xx_hal.o(i.HAL_Init) for HAL_Init
    main.o(i.main) refers to main.o(i._Z18SystemClock_Configv) for SystemClock_Config()
    main.o(i.main) refers to stm32f1xx_hal_gpio.o(i.HAL_GPIO_Init) for HAL_GPIO_Init
    main.o(i.main) refers to stm32f1xx_hal_uart.o(i.HAL_UART_Init) for HAL_UART_Init
    main.o(i.main) refers to locale.o(t._ZNSsaSEPKc) for std::basic_string<char, std::char_traits<char>, std::allocator<char>>::operator =(const char*)
    main.o(i.main) refers to main.o(t._ZStplIcSt11char_traitsIcESaIcEESbIT_T0_T1_ERKS6_PKS3_) for std::basic_string<T1, T2, T3> std::operator +<char, std::char_traits<char>, std::allocator<char>>(const std::basic_string<T1, T2, T3>&, const T1*)
    main.o(i.main) refers to printfa.o(i.__0printf) for __2printf
    main.o(i.main) refers to char.o(t._ZNSs9_C_unlinkEv) for std::basic_string<char, std::char_traits<char>, std::allocator<char>>::_C_unlink()
    main.o(i.main) refers to cmsis_os2.o(i.osKernelInitialize) for osKernelInitialize
    main.o(i.main) refers to cmsis_os2.o(i.osMessageQueueNew) for osMessageQueueNew
    main.o(i.main) refers to cmsis_os2.o(i.osThreadNew) for osThreadNew
    main.o(i.main) refers to cmsis_os2.o(i.osKernelStart) for osKernelStart
    main.o(i.main) refers to vendor.o(.bss__ZNSs9__nullrefE) for std::basic_string<char, std::char_traits<char>, std::allocator<char>>::__nullref
    main.o(i.main) refers to main.o(.bss) for .bss
    main.o(i.main) refers to main.o(.data) for .data
    main.o(i.main) refers to main.o(i._Z13StartInitTaskPv) for StartInitTask(void*)
    main.o(.ARM.exidx) refers to main.o(i.fputc) for i.fputc
    main.o(.ARM.exidx) refers to main.o(i._Z13StartInitTaskPv) for i._Z13StartInitTaskPv
    main.o(.ARM.exidx) refers to main.o(i.Error_Handler) for i.Error_Handler
    main.o(.ARM.exidx) refers to main.o(i._Z18SystemClock_Configv) for i._Z18SystemClock_Configv
    main.o(.ARM.exidx) refers to main.o(i.main) for i.main
    main.o(.ARM.exidx) refers to main.o(i._Z16StartDisplayTaskPv) for i._Z16StartDisplayTaskPv
    main.o(.ARM.exidx) refers to main.o(i._Z15StartVolumeTaskPv) for i._Z15StartVolumeTaskPv
    main.o(.ARM.exidx) refers to main.o(i._Z16StartControlTaskPv) for i._Z16StartControlTaskPv
    main.o(.ARM.exidx) refers to main.o(i.HAL_TIM_PeriodElapsedCallback) for i.HAL_TIM_PeriodElapsedCallback
[...]
    RCC_IRQHandler                           0x080001bb   Thumb Code     0  startup_stm32f103xb.o(.text)
    RTC_Alarm_IRQHandler                     0x080001bb   Thumb Code     0  startup_stm32f103xb.o(.text)
    RTC_IRQHandler                           0x080001bb   Thumb Code     0  startup_stm32f103xb.o(.text)
    SPI1_IRQHandler                          0x080001bb   Thumb Code     0  startup_stm32f103xb.o(.text)
    SPI2_IRQHandler                          0x080001bb   Thumb Code     0  startup_stm32f103xb.o(.text)
    TAMPER_IRQHandler                        0x080001bb   Thumb Code     0  startup_stm32f103xb.o(.text)
    TIM1_BRK_IRQHandler                      0x080001bb   Thumb Code     0  startup_stm32f103xb.o(.text)
    TIM1_CC_IRQHandler                       0x080001bb   Thumb Code     0  startup_stm32f103xb.o(.text)
    TIM1_TRG_COM_IRQHandler                  0x080001bb   Thumb Code     0  startup_stm32f103xb.o(.text)
    TIM2_IRQHandler                          0x080001bb   Thumb Code     0  startup_stm32f103xb.o(.text)
    TIM3_IRQHandler                          0x080001bb   Thumb Code     0  startup_stm32f103xb.o(.text)
    TIM4_IRQHandler                          0x080001bb   Thumb Code     0  startup_stm32f103xb.o(.text)
    USART1_IRQHandler                        0x080001bb   Thumb Code     0  startup_stm32f103xb.o(.text)
    USART2_IRQHandler                        0x080001bb   Thumb Code     0  startup_stm32f103xb.o(.text)
    USART3_IRQHandler                        0x080001bb   Thumb Code     0  startup_stm32f103xb.o(.text)
    USBWakeUp_IRQHandler                     0x080001bb   Thumb Code     0  startup_stm32f103xb.o(.text)
    USB_HP_CAN1_TX_IRQHandler                0x080001bb   Thumb Code     0  startup_stm32f103xb.o(.text)
    USB_LP_CAN1_RX0_IRQHandler               0x080001bb   Thumb Code     0  startup_stm32f103xb.o(.text)
    WWDG_IRQHandler                          0x080001bb   Thumb Code     0  startup_stm32f103xb.o(.text)
    __aeabi_llsr                             0x080001c5   Thumb Code    32  llushr.o(.text)
    _ll_ushift_r                             0x080001c5   Thumb Code     0  llushr.o(.text)
    ___aeabi_memcpy$move                     0x080001e5   Thumb Code    64  memmovea.o(.text)
    ___aeabi_memcpy4$move                    0x080001e5   Thumb Code     0  memmovea.o(.text)
    ___aeabi_memcpy8$move                    0x080001e5   Thumb Code     0  memmovea.o(.text)
    ___aeabi_memmove$base                    0x080001e5   Thumb Code     0  memmovea.o(.text)
    __aeabi_memmove4                         0x080001e5   Thumb Code     0  memmovea.o(.text)
    __aeabi_memmove8                         0x080001e5   Thumb Code     0  memmovea.o(.text)
    __aeabi_memset                           0x08000225   Thumb Code    14  memseta.o(.text)
    __aeabi_memset4                          0x08000225   Thumb Code     0  memseta.o(.text)
    __aeabi_memset8                          0x08000225   Thumb Code     0  memseta.o(.text)
    __aeabi_memclr                           0x08000233   Thumb Code     4  memseta.o(.text)
    __aeabi_memclr4                          0x08000233   Thumb Code     0  memseta.o(.text)
    __aeabi_memclr8                          0x08000233   Thumb Code     0  memseta.o(.text)
    memset                                   0x08000237   Thumb Code    18  memseta.o(.text)
    strlen                                   0x08000249   Thumb Code    14  strlen.o(.text)
    __cpp_initialize__aeabi_                 0x08000259   Thumb Code    22  cpp_init.o(.text)
    __aeabi_vec_delete                       0x08000279   Thumb Code    14  aeabi_vec_delete_noexceptions.o(.text)
    __aeabi_uidiv                            0x08000287   Thumb Code     0  uidiv.o(.text)
    __aeabi_uidivmod                         0x08000287   Thumb Code    44  uidiv.o(.text)
    __aeabi_uldivmod                         0x080002b3   Thumb Code    98  uldiv.o(.text)
    strcat                                   0x08000315   Thumb Code    24  strcat.o(.text)
    strcpy                                   0x0800032d   Thumb Code    18  strcpy.o(.text)
    strrchr                                  0x0800033f   Thumb Code    32  strrchr.o(.text)
    sscanf                                   0x08000361   Thumb Code    48  sscanf.o(.text)
    __I$use$fp                               0x08000399   Thumb Code     0  iusefp.o(.text)
    __aeabi_dadd                             0x08000399   Thumb Code   322  dadd.o(.text)
    __aeabi_dsub                             0x080004db   Thumb Code     6  dadd.o(.text)
    __aeabi_drsub                            0x080004e1   Thumb Code     6  dadd.o(.text)
    __aeabi_dmul                             0x080004e7   Thumb Code   228  dmul.o(.text)
    __aeabi_ddiv                             0x080005cb   Thumb Code   222  ddiv.o(.text)
    __aeabi_d2ulz                            0x080006a9   Thumb Code    48  dfixul.o(.text)
    __aeabi_cdrcmple                         0x080006d9   Thumb Code    48  cdrcmple.o(.text)
    __default_new_handler()                  0x08000709   Thumb Code     4  arm_newhandler_noexceptions.o(.text)
    std::terminate()                         0x0800070d   Thumb Code    26  arm_exceptions_terminate.o(.text)
    __cxa_get_globals                        0x0800072f   Thumb Code    62  arm_exceptions_globs.o(.text)
    __scatterload                            0x08000779   Thumb Code    28  init.o(.text)
    __scatterload_rt2                        0x08000779   Thumb Code     0  init.o(.text)
    __aeabi_llsl                             0x0800079d   Thumb Code    30  llshl.o(.text)
    _ll_shift_l                              0x0800079d   Thumb Code     0  llshl.o(.text)
    __aeabi_lasr                             0x080007bb   Thumb Code    36  llsshr.o(.text)
    _ll_sshift_r                             0x080007bb   Thumb Code     0  llsshr.o(.text)
    __rt_ctype_table                         0x080007e1   Thumb Code     4  ctype_o.o(.text)
    isspace                                  0x080007e9   Thumb Code    18  isspace_o.o(.text)
    ____aeabi_memcpy8$ret$move               0x080007fb   Thumb Code     0  memmove.o(.text)
    ___aeabi_memmove4$ret                    0x080007fb   Thumb Code     0  memmove.o(.text)
    ___aeabi_memmove8$ret                    0x080007fb   Thumb Code     0  memmove.o(.text)
    __aeabi_memcpy                           0x080007fb   Thumb Code    66  memmove.o(.text)
    __aeabi_memcpy4                          0x080007fb   Thumb Code     0  memmove.o(.text)
    __aeabi_memmove                          0x080007fb   Thumb Code     0  memmove.o(.text)
    memcpy                                   0x080007fb   Thumb Code     0  memmove.o(.text)
    memmove                                  0x080007fb   Thumb Code     0  memmove.o(.text)
    strcmp                                   0x0800083d   Thumb Code    28  strcmp.o(.text)
    _scanf_longlong                          0x08000859   Thumb Code   342  _scanf_longlong.o(.text)
    _scanf_int                               0x080009af   Thumb Code   332  _scanf_int.o(.text)
    _scanf_string                            0x08000afb   Thumb Code   224  _scanf_str.o(.text)
    _scanf_real                              0x08000d05   Thumb Code     0  scanf_fp.o(.text)
    _scanf_really_real                       0x08000d05   Thumb Code   556  scanf_fp.o(.text)
    __vfscanf_char                           0x08000f49   Thumb Code    20  scanf_char.o(.text)
    _sgetc                                   0x08000f65   Thumb Code    30  _sgetc.o(.text)
    _sbackspace                              0x08000f83   Thumb Code    34  _sgetc.o(.text)
    __rt_new_handler_addr                    0x08000fa5   Thumb Code     4  cpp_memory.o(.text)
    __rt_eh_globals_addr                     0x08000fa9   Thumb Code    12  cpp_memory.o(.text)
    __aeabi_atexit                           0x08000fb9   Thumb Code    46  aeabi_atexit.o(.text)
    _double_round                            0x08000fe7   Thumb Code    30  depilogue.o(.text)
    _double_epilogue                         0x08001005   Thumb Code   156  depilogue.o(.text)
    __cxa_rethrow                            0x080010a1   Thumb Code     2  arm_rethrow_noexceptions.o(.text)
    __aeabi_vec_dtor                         0x080010a3   Thumb Code    34  aeabi_vec_dtor_noexceptions.o(.text)
    __ARM_exceptions_buffer_init             0x080010c5   Thumb Code    18  arm_exceptions_mem.o(.text)
    __ARM_exceptions_buffer_allocate         0x080010d7   Thumb Code    22  arm_exceptions_mem.o(.text)
    __ARM_exceptions_buffer_free             0x080010ed   Thumb Code    20  arm_exceptions_mem.o(.text)
    _chval                                   0x08001101   Thumb Code    28  _chval.o(.text)
    __vfscanf                                0x0800111d   Thumb Code   808  _scanf.o(.text)
    __rt_ddtor_pointer_addr                  0x08001449   Thumb Code     4  cpp_dtor.o(.text)
    __cxa_finalize                           0x08001451   Thumb Code    66  cxa_finalize.o(.text)
    __aeabi_ul2d                             0x08001493   Thumb Code    24  dfltul.o(.text)
    __aeabi_d2f                              0x080014ab   Thumb Code    56  d2f.o(.text)
    __rt_lib_shutdown_cpp_2                  0x080014e3   Thumb Code     2  cpp_final.o(.text)
    _float_round                             0x080014e5   Thumb Code    18  fepilogue.o(.text)
    _float_epilogue                          0x080014f7   Thumb Code    92  fepilogue.o(.text)
    __ARM_vec_cleanup                        0x08001553   Thumb Code    28  ARM_vec_cleanup_noexceptions.o(.text)
    BusFault_Handler                         0x08001583   Thumb Code     2  stm32f1xx_it.o(i.BusFault_Handler)
    DebugMon_Handler                         0x08001585   Thumb Code     2  stm32f1xx_it.o(i.DebugMon_Handler)
    HAL_GPIO_Init                            0x08001589   Thumb Code   446  stm32f1xx_hal_gpio.o(i.HAL_GPIO_Init)
    HAL_GetTick                              0x08001769   Thumb Code     6  stm32f1xx_hal.o(i.HAL_GetTick)
    HAL_IncTick                              0x08001775   Thumb Code    12  stm32f1xx_hal.o(i.HAL_IncTick)
    HAL_Init                                 0x08001785   Thumb Code    32  stm32f1xx_hal.o(i.HAL_Init)
    HAL_InitTick                             0x080017a9   Thumb Code    98  stm32f1xx_hal_timebase_tim.o(i.HAL_InitTick)
    HAL_MspInit                              0x0800181d   Thumb Code    62  stm32f1xx_hal_msp.o(i.HAL_MspInit)
    HAL_NVIC_EnableIRQ                       0x08001865   Thumb Code    26  stm32f1xx_hal_cortex.o(i.HAL_NVIC_EnableIRQ)
    HAL_NVIC_SetPriority                     0x08001881   Thumb Code    60  stm32f1xx_hal_cortex.o(i.HAL_NVIC_SetPriority)
    HAL_NVIC_SetPriorityGrouping             0x080018c1   Thumb Code    26  stm32f1xx_hal_cortex.o(i.HAL_NVIC_SetPriorityGrouping)
    HAL_RCC_ClockConfig                      0x080018e5   Thumb Code   280  stm32f1xx_hal_rcc.o(i.HAL_RCC_ClockConfig)
    HAL_RCC_GetClockConfig                   0x08001a11   Thumb Code    54  stm32f1xx_hal_rcc.o(i.HAL_RCC_GetClockConfig)
    HAL_RCC_GetPCLK1Freq                     0x08001a51   Thumb Code    20  stm32f1xx_hal_rcc.o(i.HAL_RCC_GetPCLK1Freq)
    HAL_RCC_GetPCLK2Freq                     0x08001a71   Thumb Code    20  stm32f1xx_hal_rcc.o(i.HAL_RCC_GetPCLK2Freq)
    HAL_RCC_GetSysClockFreq                  0x08001a91   Thumb Code    74  stm32f1xx_hal_rcc.o(i.HAL_RCC_GetSysClockFreq)
    HAL_RCC_OscConfig                        0x08001afd   Thumb Code   778  stm32f1xx_hal_rcc.o(i.HAL_RCC_OscConfig)
    HAL_TIMEx_BreakCallback                  0x08001e1d   Thumb Code     2  stm32f1xx_hal_tim_ex.o(i.HAL_TIMEx_BreakCallback)
    HAL_TIMEx_CommutCallback                 0x08001e1f   Thumb Code     2  stm32f1xx_hal_tim_ex.o(i.HAL_TIMEx_CommutCallback)
    HAL_TIM_Base_Init                        0x08001e21   Thumb Code    54  stm32f1xx_hal_tim.o(i.HAL_TIM_Base_Init)
    HAL_TIM_Base_MspInit                     0x08001e57   Thumb Code     2  stm32f1xx_hal_tim.o(i.HAL_TIM_Base_MspInit)
    HAL_TIM_Base_Start_IT                    0x08001e59   Thumb Code    34  stm32f1xx_hal_tim.o(i.HAL_TIM_Base_Start_IT)
    HAL_TIM_IC_CaptureCallback               0x08001e7b   Thumb Code     2  stm32f1xx_hal_tim.o(i.HAL_TIM_IC_CaptureCallback)
    HAL_TIM_IRQHandler                       0x08001e7d   Thumb Code   358  stm32f1xx_hal_tim.o(i.HAL_TIM_IRQHandler)
    HAL_TIM_OC_DelayElapsedCallback          0x08001fe3   Thumb Code     2  stm32f1xx_hal_tim.o(i.HAL_TIM_OC_DelayElapsedCallback)
    HAL_TIM_PWM_PulseFinishedCallback        0x08001fe5   Thumb Code     2  stm32f1xx_hal_tim.o(i.HAL_TIM_PWM_PulseFinishedCallback)
    HAL_TIM_PeriodElapsedCallback            0x08001fe9   Thumb Code    14  main.o(i.HAL_TIM_PeriodElapsedCallback)
    HAL_TIM_TriggerCallback                  0x08001ffd   Thumb Code     2  stm32f1xx_hal_tim.o(i.HAL_TIM_TriggerCallback)
    HAL_UART_Init                            0x08001fff   Thumb Code    98  stm32f1xx_hal_uart.o(i.HAL_UART_Init)
    HAL_UART_MspInit                         0x08002061   Thumb Code   100  stm32f1xx_hal_msp.o(i.HAL_UART_MspInit)
    HAL_UART_Transmit                        0x080020d1   Thumb Code   186  stm32f1xx_hal_uart.o(i.HAL_UART_Transmit)
    HardFault_Handler                        0x0800218b   Thumb Code     2  stm32f1xx_it.o(i.HardFault_Handler)
    MemManage_Handler                        0x0800218d   Thumb Code     2  stm32f1xx_it.o(i.MemManage_Handler)
    NMI_Handler                              0x0800218f   Thumb Code     2  stm32f1xx_it.o(i.NMI_Handler)
    SysTick_Handler                          0x08002191   Thumb Code    38  port.o(i.SysTick_Handler)
    SystemInit                               0x080021bd   Thumb Code    56  system_stm32f1xx.o(i.SystemInit)
    TIM1_UP_IRQHandler                       0x08002205   Thumb Code     6  stm32f1xx_it.o(i.TIM1_UP_IRQHandler)
    TIM_Base_SetConfig                       0x08002211   Thumb Code    94  stm32f1xx_hal_tim.o(i.TIM_Base_SetConfig)
    UsageFault_Handler                       0x08002399   Thumb Code     2  stm32f1xx_it.o(i.UsageFault_Handler)
    StartInitTask(void*)                     0x0800239d   Thumb Code    24  main.o(i._Z13StartInitTaskPv)
    SystemClock_Config()                     0x080023d5   Thumb Code    66  main.o(i._Z18SystemClock_Configv)
    catgets(__rw::__rw_cat*, int, int, const char*) 0x08002419   Thumb Code    28  rwcats.o(i._Z7catgetsPN4__rw8__rw_catEiiPKc)
    catopen(const char*, int)                0x08002439   Thumb Code    34  rwcats.o(i._Z7catopenPKci)
    OLED::OLED()                             0x08002601   Thumb Code    36  ssd1306.o(i._ZN4OLEDC1Ev)
    OLED::OLED__sub_object()                 0x08002601   Thumb Code     0  ssd1306.o(i._ZN4OLEDC1Ev)
    __rw::__rw_throw(int, ...)               0x08002625   Thumb Code    86  rwstdexcept.o(i._ZN4__rw10__rw_throwEiz)
    __rw::__rw_allocate(unsigned, int)       0x08002681   Thumb Code    32  rwalloc.o(i._ZN4__rw13__rw_allocateEji)
    __rw::__rw_deallocate(void*, unsigned, int) 0x080026a1   Thumb Code     4  rwalloc.o(i._ZN4__rw15__rw_deallocateEPvji)
    __rw::__rw_facet_base::_C_initfacet(const std::locale&) 0x080026a5   Thumb Code     2  char.o(i._ZN4__rw15__rw_facet_base12_C_initfacetERKSt6locale)
    __rw::__rw_locale_imp::__rw_locale_imp(const char*, unsigned, unsigned) 0x080026a9   Thumb Code   226  locale.o(i._ZN4__rw15__rw_locale_impC1EPKcjj)
    __rw::__rw_locale_imp::__rw_locale_imp__sub_object(const char*, unsigned, unsigned) 0x080026a9   Thumb Code     0  locale.o(i._ZN4__rw15__rw_locale_impC1EPKcjj)
    __rw::__rw_locale_imp::~__rw_locale_imp() 0x08002795   Thumb Code    26  locale.o(i._ZN4__rw15__rw_locale_impD1Ev)
    __rw::__rw_locale_imp::~__rw_locale_imp__sub_object() 0x08002795   Thumb Code     0  locale.o(i._ZN4__rw15__rw_locale_impD1Ev)
    __rw::__rw_use_c_lib_locale::__rw_use_c_lib_locale(const char*, int) 0x080027af   Thumb Code    58  locale.o(i._ZN4__rw21__rw_use_c_lib_localeC1EPKci)
    __rw::__rw_use_c_lib_locale::__rw_use_c_lib_locale__sub_object(const char*, int) 0x080027af   Thumb Code     0  locale.o(i._ZN4__rw21__rw_use_c_lib_localeC1EPKci)
    __rw::__rw_use_c_lib_locale::~__rw_use_c_lib_locale() 0x080027e9   Thumb Code    24  char.o(i._ZN4__rw21__rw_use_c_lib_localeD1Ev)
    __rw::__rw_use_c_lib_locale::~__rw_use_c_lib_locale__sub_object() 0x080027e9   Thumb Code     0  char.o(i._ZN4__rw21__rw_use_c_lib_localeD1Ev)
    __rw::__rw_throw_exception_noex(int, char*) 0x08002801   Thumb Code    58  rwthrowproc_impl_noex.o(i._ZN4__rw25__rw_throw_exception_noexEiPc)
    __rw::__catfind(__rw::__rw_cat*)         0x08002899   Thumb Code    42  rwcats.o(i._ZN4__rw9__catfindEPNS_8__rw_catE)
    TDA7300::TDA7300()                       0x080028c9   Thumb Code     6  tda7300.o(i._ZN7TDA7300C1Ev)
    TDA7300::TDA7300__sub_object()           0x080028c9   Thumb Code     0  tda7300.o(i._ZN7TDA7300C1Ev)
    std::__rw_exception::what() const        0x080028cf   Thumb Code     4  rwstdexcept.o(i._ZNKSt14__rw_exception4whatEv)
    std::__rw_messages_base::_C_cat_open(const std::basic_string<char, std::char_traits<char>, std::allocator<char>>&, const std::locale&) const 0x080028d3   Thumb Code   114  messages.o(i._ZNKSt18__rw_messages_base11_C_cat_openERKSsRKSt6locale)
    std::__rw_messages_base::_C_get_locale(int) const 0x08002945   Thumb Code    32  messages.o(i._ZNKSt18__rw_messages_base13_C_get_localeEi)
    std::__rw_messages_base::_C_get_message(int, int, int) const 0x08002965   Thumb Code    52  messages.o(i._ZNKSt18__rw_messages_base14_C_get_messageEiii)
    std::ctype<char>::is(std::ctype_base::mask, char) const 0x08002999   Thumb Code    14  char.o(i._ZNKSt5ctypeIcE2isENSt10ctype_base4maskEc)
    std::locale::_C_make_facet(const std::locale::id&, bool, int, __rw::__rw_facet_base*(*)(int, const char*, unsigned)) const 0x080029a9   Thumb Code   252  locale.o(i._ZNKSt6locale13_C_make_facetERKNS_2idEbiPFPN4__rw15__rw_facet_baseEiPKcjE)
    std::locale::_C_install_facet(__rw::__rw_facet_base*, const std::locale::id&) const 0x08002ab1   Thumb Code   112  locale.o(i._ZNKSt6locale16_C_install_facetEPN4__rw15__rw_facet_baseERKNS_2idE)
    std::locale::name() const                0x08002b25   Thumb Code    44  locale.o(i._ZNKSt6locale4nameEv)
    std::char_traits<char>::copy(char*, const char*, unsigned) 0x08002b55   Thumb Code    12  main.o(i._ZNSt11char_traitsIcE4copyEPcPKcj)
    std::ctype_byname<char>::_C_get_mask_table(const char*) 0x08002b61   Thumb Code   186  char.o(i._ZNSt12ctype_bynameIcE17_C_get_mask_tableEPKc)
    std::ctype_byname<char>::ctype_byname(const char*, unsigned) 0x08002c2d   Thumb Code   280  char.o(i._ZNSt12ctype_bynameIcEC1EPKcj)
    std::ctype_byname<char>::ctype_byname__sub_object(const char*, unsigned) 0x08002c2d   Thumb Code     0  char.o(i._ZNSt12ctype_bynameIcEC1EPKcj)
    std::ctype_byname<char>::~ctype_byname__deallocating() 0x08002d4d   Thumb Code    14  char.o(i._ZNSt12ctype_bynameIcED0Ev)
    std::ctype_byname<char>::~ctype_byname() 0x08002d5b   Thumb Code     8  char.o(i._ZNSt12ctype_bynameIcED1Ev)
    std::ctype_byname<char>::~ctype_byname__sub_object() 0x08002d5b   Thumb Code     0  char.o(i._ZNSt12ctype_bynameIcED1Ev)
    std::__rw_exception::_C_vformat(int, std::__va_list) 0x08002d65   Thumb Code   128  rwstdexcept.o(i._ZNSt14__rw_exception10_C_vformatEiSt9__va_list)
    std::__rw_exception::__rw_exception()    0x08002de9   Thumb Code    16  rwstdexcept.o(i._ZNSt14__rw_exceptionC1Ev)
    std::__rw_exception::__rw_exception__sub_object() 0x08002de9   Thumb Code     0  rwstdexcept.o(i._ZNSt14__rw_exceptionC1Ev)
    std::__rw_exception::~__rw_exception()   0x08002dfd   Thumb Code    22  rwstdexcept.o(i._ZNSt14__rw_exceptionD1Ev)
    std::__rw_exception::~__rw_exception__sub_object() 0x08002dfd   Thumb Code     0  rwstdexcept.o(i._ZNSt14__rw_exceptionD1Ev)
    std::__rw_messages_base::~__rw_messages_base() 0x08002e19   Thumb Code     8  rwstdexcept.o(i._ZNSt18__rw_messages_baseD1Ev)
    std::__rw_messages_base::~__rw_messages_base__sub_object() 0x08002e19   Thumb Code     0  rwstdexcept.o(i._ZNSt18__rw_messages_baseD1Ev)
    std::__rw_open_cat_data::__rw_open_cat_data() 0x08002e21   Thumb Code    26  messages.o(i._ZNSt18__rw_open_cat_dataC1Ev)
    std::__rw_open_cat_data::__rw_open_cat_data__sub_object() 0x08002e21   Thumb Code     0  messages.o(i._ZNSt18__rw_open_cat_dataC1Ev)
    std::__rw_open_cat_data::~__rw_open_cat_data() 0x08002e3b   Thumb Code    12  messages.o(i._ZNSt18__rw_open_cat_dataD1Ev)
    std::__rw_open_cat_data::~__rw_open_cat_data__sub_object() 0x08002e3b   Thumb Code     0  messages.o(i._ZNSt18__rw_open_cat_dataD1Ev)
    std::__rw_open_cat_data::operator =(const std::__rw_open_cat_data&) 0x08002e47   Thumb Code    18  messages.o(i._ZNSt18__rw_open_cat_dataaSERKS_)
    std::ctype<char>::_C_initfacet(const std::locale&) 0x08002e59   Thumb Code   250  char.o(i._ZNSt5ctypeIcE12_C_initfacetERKSt6locale)
    std::ctype<char>::ctype(const std::ctype_base::mask*, bool, unsigned) 0x08002f55   Thumb Code   270  char.o(i._ZNSt5ctypeIcEC1EPKNSt10ctype_base4maskEbj)
    std::ctype<char>::ctype__sub_object(const std::ctype_base::mask*, bool, unsigned) 0x08002f55   Thumb Code     0  char.o(i._ZNSt5ctypeIcEC1EPKNSt10ctype_base4maskEbj)
    std::ctype<char>::~ctype__deallocating() 0x0800306d   Thumb Code    14  char.o(i._ZNSt5ctypeIcED0Ev)
    std::ctype<char>::~ctype()               0x0800307d   Thumb Code    38  char.o(i._ZNSt5ctypeIcED1Ev)
    std::ctype<char>::~ctype__sub_object()   0x0800307d   Thumb Code     0  char.o(i._ZNSt5ctypeIcED1Ev)
    std::locale::facet::~facet__deallocating() 0x080030a9   Thumb Code    14  rwstdexcept.o(i._ZNSt6locale5facetD0Ev)
    std::locale::_C_init()                   0x080030b9   Thumb Code   120  locale.o(i._ZNSt6locale7_C_initEv)
    std::locale::classic()                   0x0800313d   Thumb Code    56  locale.o(i._ZNSt6locale7classicEv)
    std::locale::locale(__rw::__rw_locale_imp*) 0x08003181   Thumb Code    28  locale.o(i._ZNSt6localeC1EPN4__rw15__rw_locale_impE)
    std::locale::locale__sub_object(__rw::__rw_locale_imp*) 0x08003181   Thumb Code     0  locale.o(i._ZNSt6localeC1EPN4__rw15__rw_locale_impE)
    std::locale::locale(const std::locale&)  0x080031a1   Thumb Code    12  messages.o(i._ZNSt6localeC1ERKS_)
    std::locale::locale__sub_object(const std::locale&) 0x080031a1   Thumb Code     0  messages.o(i._ZNSt6localeC1ERKS_)
    std::locale::locale()                    0x080031ad   Thumb Code    28  rwstdexcept.o(i._ZNSt6localeC1Ev)
    std::locale::locale__sub_object()        0x080031ad   Thumb Code     0  rwstdexcept.o(i._ZNSt6localeC1Ev)
    std::locale::~locale()                   0x080031cd   Thumb Code    32  locale.o(i._ZNSt6localeD1Ev)
    std::locale::~locale__sub_object()       0x080031cd   Thumb Code     0  locale.o(i._ZNSt6localeD1Ev)
    std::locale::operator =(const std::locale&) 0x080031ed   Thumb Code    50  locale.o(i._ZNSt6localeaSERKS_)
    std::messages<char>::~messages__deallocating() 0x0800321f   Thumb Code    14  rwstdexcept.o(i._ZNSt8messagesIcED0Ev)
    std::messages<char>::~messages()         0x0800322d   Thumb Code    16  rwstdexcept.o(i._ZNSt8messagesIcED1Ev)
    std::messages<char>::~messages__sub_object() 0x0800322d   Thumb Code     0  rwstdexcept.o(i._ZNSt8messagesIcED1Ev)
    std::exception::exception()              0x0800323d   Thumb Code     6  exception_ctor.o(i._ZNSt9exceptionC1Ev)
    std::exception::exception__sub_object()  0x0800323d   Thumb Code     0  exception_ctor.o(i._ZNSt9exceptionC1Ev)
    std::__rw_get_cats()                     0x08003249   Thumb Code    44  messages.o(i._ZSt13__rw_get_catsv)
    operator delete[] (void*)                0x08003285   Thumb Code     8  array_del.o(i._ZdaPv)
    operator delete (void*)                  0x0800328d   Thumb Code     8  delete.o(i._ZdlPv)
    operator new[] (unsigned)                0x08003295   Thumb Code     8  array_new.o(i._Znaj)
    operator new(unsigned)                   0x0800329d   Thumb Code    34  new.o(i._Znwj)
    __0fprintf                               0x080032c5   Thumb Code    22  printfa.o(i.__0fprintf)
    __1fprintf                               0x080032c5   Thumb Code     0  printfa.o(i.__0fprintf)
    __2fprintf                               0x080032c5   Thumb Code     0  printfa.o(i.__0fprintf)
    __c89fprintf                             0x080032c5   Thumb Code     0  printfa.o(i.__0fprintf)
    fprintf                                  0x080032c5   Thumb Code     0  printfa.o(i.__0fprintf)
    __0printf                                0x080032e1   Thumb Code    22  printfa.o(i.__0printf)
    __1printf                                0x080032e1   Thumb Code     0  printfa.o(i.__0printf)
    __2printf                                0x080032e1   Thumb Code     0  printfa.o(i.__0printf)
    __c89printf                              0x080032e1   Thumb Code     0  printfa.o(i.__0printf)
    printf                                   0x080032e1   Thumb Code     0  printfa.o(i.__0printf)
    __0vsnprintf                             0x08003301   Thumb Code    40  printfa.o(i.__0vsnprintf)
    __1vsnprintf                             0x08003301   Thumb Code     0  printfa.o(i.__0vsnprintf)
    __2vsnprintf                             0x08003301   Thumb Code     0  printfa.o(i.__0vsnprintf)
    __c89vsnprintf                           0x08003301   Thumb Code     0  printfa.o(i.__0vsnprintf)
    vsnprintf                                0x08003301   Thumb Code     0  printfa.o(i.__0vsnprintf)
    __ARM_array_new_general                  0x0800332d   Thumb Code   146  array_new_general.o(i.__ARM_array_new_general)
    __aeabi_vec_dtor_cookie                  0x080033df   Thumb Code    16  aeabi_vec_dtor_cookie.o(i.__aeabi_vec_dtor_cookie)
    __aeabi_vec_new_cookie                   0x080033ef   Thumb Code    20  aeabi_vec_new_cookie.o(i.__aeabi_vec_new_cookie)
    __cxa_guard_acquire                      0x08003403   Thumb Code    16  cxa_guard_acquire.o(i.__cxa_guard_acquire)
    __cxa_vec_new                            0x08003415   Thumb Code    18  cxa_vec_new.o(i.__cxa_vec_new)
    __scatterload_copy                       0x0800342d   Thumb Code    14  handlers.o(i.__scatterload_copy)
    __scatterload_null                       0x0800343b   Thumb Code     2  handlers.o(i.__scatterload_null)
    __scatterload_zeroinit                   0x0800343d   Thumb Code    14  handlers.o(i.__scatterload_zeroinit)
    _is_digit                                0x08003645   Thumb Code    14  scanf_fp.o(i._is_digit)
    fputc                                    0x08003d99   Thumb Code    20  main.o(i.fputc)
    free                                     0x08003db1   Thumb Code    76  malloc.o(i.free)
    main                                     0x08003e01   Thumb Code   262  main.o(i.main)
    malloc                                   0x08003fa5   Thumb Code    92  malloc.o(i.malloc)
    osDelay                                  0x08004011   Thumb Code    46  cmsis_os2.o(i.osDelay)
    osKernelInitialize                       0x08004045   Thumb Code    50  cmsis_os2.o(i.osKernelInitialize)
    osKernelStart                            0x0800407d   Thumb Code    58  cmsis_os2.o(i.osKernelStart)
    osMessageQueueNew                        0x080040bd   Thumb Code   110  cmsis_os2.o(i.osMessageQueueNew)
    osThreadNew                              0x08004131   Thumb Code   160  cmsis_os2.o(i.osThreadNew)
    pvPortMalloc                             0x08004919   Thumb Code   210  heap_4.o(i.pvPortMalloc)
    pxPortInitialiseStack                    0x080049f1   Thumb Code    32  port.o(i.pxPortInitialiseStack)
    uxListRemove                             0x08004a15   Thumb Code    38  list.o(i.uxListRemove)
    vApplicationGetIdleTaskMemory            0x08004a3d   Thumb Code    16  cmsis_os2.o(i.vApplicationGetIdleTaskMemory)
    vApplicationGetTimerTaskMemory           0x08004a51   Thumb Code    18  cmsis_os2.o(i.vApplicationGetTimerTaskMemory)
    vListInitialise                          0x08004a69   Thumb Code    22  list.o(i.vListInitialise)
    vListInitialiseItem                      0x08004a7f   Thumb Code     6  list.o(i.vListInitialiseItem)
    vListInsert                              0x08004a85   Thumb Code    48  list.o(i.vListInsert)
    vListInsertEnd                           0x08004ab5   Thumb Code    24  list.o(i.vListInsertEnd)
    vPortEnterCritical                       0x08004acd   Thumb Code    54  port.o(i.vPortEnterCritical)
    vPortExitCritical                        0x08004b0d   Thumb Code    34  port.o(i.vPortExitCritical)
    vPortFree                                0x08004b35   Thumb Code    88  heap_4.o(i.vPortFree)
    vPortSetupTimerInterrupt                 0x08004b91   Thumb Code    32  port.o(i.vPortSetupTimerInterrupt)
    vPortValidateInterruptPriority           0x08004bb5   Thumb Code    74  port.o(i.vPortValidateInterruptPriority)
    vQueueAddToRegistry                      0x08004c09   Thumb Code    34  queue.o(i.vQueueAddToRegistry)
    vQueueWaitForMessageRestricted           0x08004c31   Thumb Code    68  queue.o(i.vQueueWaitForMessageRestricted)
    vTaskDelay                               0x08004c75   Thumb Code    66  tasks.o(i.vTaskDelay)
    vTaskInternalSetTimeOutState             0x08004cc1   Thumb Code    12  tasks.o(i.vTaskInternalSetTimeOutState)
    vTaskMissedYield                         0x08004cd1   Thumb Code     8  tasks.o(i.vTaskMissedYield)
    vTaskPlaceOnEventList                    0x08004cdd   Thumb Code    44  tasks.o(i.vTaskPlaceOnEventList)
    vTaskPlaceOnEventListRestricted          0x08004d0d   Thumb Code    52  tasks.o(i.vTaskPlaceOnEventListRestricted)
    vTaskStartScheduler                      0x08004d45   Thumb Code   118  tasks.o(i.vTaskStartScheduler)
    vTaskSuspendAll                          0x08004dcd   Thumb Code    10  tasks.o(i.vTaskSuspendAll)
    vTaskSwitchContext                       0x08004ddd   Thumb Code    90  tasks.o(i.vTaskSwitchContext)
    xPortStartScheduler                      0x08004e41   Thumb Code   154  port.o(i.xPortStartScheduler)
    xQueueGenericCreate                      0x08004ee9   Thumb Code    72  queue.o(i.xQueueGenericCreate)
    xQueueGenericCreateStatic                0x08004f31   Thumb Code   102  queue.o(i.xQueueGenericCreateStatic)
    xQueueGenericReset                       0x08004f99   Thumb Code   132  queue.o(i.xQueueGenericReset)
    xQueueGenericSend                        0x08005021   Thumb Code   346  queue.o(i.xQueueGenericSend)
    xQueueGenericSendFromISR                 0x08005181   Thumb Code   188  queue.o(i.xQueueGenericSendFromISR)
    xQueueReceive                            0x0800523d   Thumb Code   308  queue.o(i.xQueueReceive)
    xTaskCheckForTimeOut                     0x08005375   Thumb Code   112  tasks.o(i.xTaskCheckForTimeOut)
    xTaskCreate                              0x080053e9   Thumb Code    90  tasks.o(i.xTaskCreate)
    xTaskCreateStatic                        0x08005443   Thumb Code    86  tasks.o(i.xTaskCreateStatic)
    xTaskGetSchedulerState                   0x08005499   Thumb Code    22  tasks.o(i.xTaskGetSchedulerState)
    xTaskGetTickCount                        0x080054b5   Thumb Code     6  tasks.o(i.xTaskGetTickCount)
    xTaskIncrementTick                       0x080054c1   Thumb Code   190  tasks.o(i.xTaskIncrementTick)
    xTaskPriorityDisinherit                  0x08005589   Thumb Code   118  tasks.o(i.xTaskPriorityDisinherit)
    xTaskRemoveFromEventList                 0x08005609   Thumb Code    98  tasks.o(i.xTaskRemoveFromEventList)
    xTaskResumeAll                           0x08005679   Thumb Code   182  tasks.o(i.xTaskResumeAll)
    xTimerCreateTimerTask                    0x0800573d   Thumb Code    78  timers.o(i.xTimerCreateTimerTask)
    xTimerGenericCommand                     0x0800579d   Thumb Code    98  timers.o(i.xTimerGenericCommand)
    __rw::__string_ref<char, std::char_traits<char>, std::allocator<char>>::_C_inc_ref() 0x08005805   Thumb Code    14  char.o(t._ZN4__rw12__string_refIcSt11char_traitsIcESaIcEE10_C_inc_refEv)
    __rw::__rw_facet_maker<std::ctype<char>>::_C_maker_func(int, const char*, unsigned) 0x08005819   Thumb Code    70  rwstdexcept.o(t._ZN4__rw16__rw_facet_makerISt5ctypeIcEE13_C_maker_funcEiPKcj)
    __rw::__rw_locale_vector<__rw::__rw_facet_base*>::resize(unsigned, __rw::__rw_facet_base*const &) 0x0800585f   Thumb Code    86  locale.o(t._ZN4__rw18__rw_locale_vectorIPNS_15__rw_facet_baseEE6resizeEjRKS2_)
    __rw::__rw_locale_vector<__rw::__rw_facet_base*>::~__rw_locale_vector() 0x080058b5   Thumb Code    14  locale.o(t._ZN4__rw18__rw_locale_vectorIPNS_15__rw_facet_baseEED1Ev)
    __rw::__rw_locale_vector<__rw::__rw_facet_base*>::~__rw_locale_vector__sub_object() 0x080058b5   Thumb Code     0  locale.o(t._ZN4__rw18__rw_locale_vectorIPNS_15__rw_facet_baseEED1Ev)
    __rw::__rw_locale_vector<__rw::__rw_cat*>::~__rw_locale_vector() 0x080058c3   Thumb Code    14  rwcats.o(t._ZN4__rw18__rw_locale_vectorIPNS_8__rw_catEED1Ev)
    __rw::__rw_locale_vector<__rw::__rw_cat*>::~__rw_locale_vector__sub_object() 0x080058c3   Thumb Code     0  rwcats.o(t._ZN4__rw18__rw_locale_vectorIPNS_8__rw_catEED1Ev)
    __rw::__rw_locale_vector<std::basic_string<char, std::char_traits<char>, std::allocator<char>>>::~__rw_locale_vector() 0x080058d1   Thumb Code    16  locale.o(t._ZN4__rw18__rw_locale_vectorISsED1Ev)
    __rw::__rw_locale_vector<std::basic_string<char, std::char_traits<char>, std::allocator<char>>>::~__rw_locale_vector__sub_object() 0x080058d1   Thumb Code     0  locale.o(t._ZN4__rw18__rw_locale_vectorISsED1Ev)
    __rw::__rw_locale_vector<std::__rw_open_cat_data>::resize(unsigned) 0x080058e5   Thumb Code   122  messages.o(t._ZN4__rw18__rw_locale_vectorISt18__rw_open_cat_dataE6resizeEj)
    __rw::__rw_locale_vector<std::__rw_open_cat_data>::~__rw_locale_vector() 0x0800596d   Thumb Code    16  messages.o(t._ZN4__rw18__rw_locale_vectorISt18__rw_open_cat_dataED1Ev)
    __rw::__rw_locale_vector<std::__rw_open_cat_data>::~__rw_locale_vector__sub_object() 0x0800596d   Thumb Code     0  messages.o(t._ZN4__rw18__rw_locale_vectorISt18__rw_open_cat_dataED1Ev)
    std::messages<char>::do_get(int, int, int, const std::basic_string<char, std::char_traits<char>, std::allocator<char>>&) const 0x08005981   Thumb Code   136  rwstdexcept.o(t._ZNKSt8messagesIcE6do_getEiiiRKSs)
    std::messages<char>::do_open(const std::basic_string<char, std::char_traits<char>, std::allocator<char>>&, const std::locale&) const 0x08005a11   Thumb Code     6  rwstdexcept.o(t._ZNKSt8messagesIcE7do_openERKSsRKSt6locale)
    std::basic_string<char, std::char_traits<char>, std::allocator<char>>::_C_allocate(unsigned, unsigned, unsigned) 0x08005a17   Thumb Code    50  locale.o(t._ZNSs11_C_allocateEjjj)
    std::basic_string<char, std::char_traits<char>, std::allocator<char>>::replace(unsigned, unsigned, const char*, unsigned) 0x08005a49   Thumb Code    24  locale.o(t._ZNSs7replaceEjjPKcj)
    std::basic_string<char, std::char_traits<char>, std::allocator<char>>::replace(unsigned, unsigned, const char*, unsigned, unsigned, unsigned) 0x08005a61   Thumb Code   352  char.o(t._ZNSs7replaceEjjPKcjjj)
    std::basic_string<char, std::char_traits<char>, std::allocator<char>>::_C_getRep(unsigned, unsigned) 0x08005bc9   Thumb Code   108  char.o(t._ZNSs9_C_getRepEjj)
    std::basic_string<char, std::char_traits<char>, std::allocator<char>>::_C_unlink() 0x08005c3d   Thumb Code    66  char.o(t._ZNSs9_C_unlinkEv)
    std::basic_string<char, std::char_traits<char>, std::allocator<char>>::basic_string(const char*, const std::allocator<char>&) 0x08005c85   Thumb Code    52  locale.o(t._ZNSsC1EPKcRKSaIcE)
    std::basic_string<char, std::char_traits<char>, std::allocator<char>>::basic_string__sub_object(const char*, const std::allocator<char>&) 0x08005c85   Thumb Code     0  locale.o(t._ZNSsC1EPKcRKSaIcE)
    std::basic_string<char, std::char_traits<char>, std::allocator<char>>::basic_string(const std::allocator<char>&) 0x08005cbd   Thumb Code    12  locale.o(t._ZNSsC1ERKSaIcE)
    std::basic_string<char, std::char_traits<char>, std::allocator<char>>::basic_string__sub_object(const std::allocator<char>&) 0x08005cbd   Thumb Code     0  locale.o(t._ZNSsC1ERKSaIcE)
    std::basic_string<char, std::char_traits<char>, std::allocator<char>>::basic_string(const std::basic_string<char, std::char_traits<char>, std::allocator<char>>&) 0x08005ccd   Thumb Code    62  char.o(t._ZNSsC1ERKSs)
    std::basic_string<char, std::char_traits<char>, std::allocator<char>>::basic_string__sub_object(const std::basic_string<char, std::char_traits<char>, std::allocator<char>>&) 0x08005ccd   Thumb Code     0  char.o(t._ZNSsC1ERKSs)
    std::basic_string<char, std::char_traits<char>, std::allocator<char>>::~basic_string() 0x08005d0b   Thumb Code    12  char.o(t._ZNSsD1Ev)
    std::basic_string<char, std::char_traits<char>, std::allocator<char>>::~basic_string__sub_object() 0x08005d0b   Thumb Code     0  char.o(t._ZNSsD1Ev)
    std::basic_string<char, std::char_traits<char>, std::allocator<char>>::operator =(const char*) 0x08005d19   Thumb Code    70  locale.o(t._ZNSsaSEPKc)
    std::basic_string<char, std::char_traits<char>, std::allocator<char>>::operator =(const std::basic_string<char, std::char_traits<char>, std::allocator<char>>&) 0x08005d65   Thumb Code    62  locale.o(t._ZNSsaSERKSs)
    const T1& std::max<unsigned>(const T1&, const T1&) 0x08005da3   Thumb Code    12  main.o(t._ZSt3maxIjERKT_S2_S2_)
    std::basic_string<T1, T2, T3> std::operator +<char, std::char_traits<char>, std::allocator<char>>(const std::basic_string<T1, T2, T3>&, const T1*) 0x08005db1   Thumb Code   162  main.o(t._ZStplIcSt11char_traitsIcESaIcEESbIT_T0_T1_ERKS6_PKS3_)
    AHBPrescTable                            0x08005e58   Data          16  system_stm32f1xx.o(.constdata)
    APBPrescTable                            0x08005e68   Data           8  system_stm32f1xx.o(.constdata)
    std::ctype<char>::_C_classic_table       0x08005ecc   Data         512  char.o(.constdata)
    __ctype_table                            0x080060cc   Data         129  ctype_o.o(.constdata)
    vtable for std::locale::facet            0x08006154   Data          20  rwstdexcept.o(.constdata__ZTVNSt6locale5facetE)
    vtable for std::ctype_byname<char>       0x08006168   Data          52  char.o(.constdata__ZTVSt12ctype_bynameIcE)
    vtable for std::__rw_exception           0x0800619c   Data          20  rwstdexcept.o(.constdata__ZTVSt14__rw_exception)
    vtable for std::ctype<char>              0x080061b0   Data          52  char.o(.constdata__ZTVSt5ctypeIcE)
    vtable for std::messages<char>           0x080061e4   Data          32  rwstdexcept.o(.constdata__ZTVSt8messagesIcE)
    vtable for std::exception                0x08006204   Data          20  exception_dtor.o(.constdata__ZTVSt9exception)
    __rw::__rw_locale_imp::_C_category_name(int) const::string 0x08006218   Data           1  locale.o(.constdata__ZZNK4__rw15__rw_locale_imp16_C_category_nameEiEs)
    std::basic_string<char, std::char_traits<char>, std::allocator<char>>::replace(unsigned, unsigned, const char*, unsigned, unsigned, unsigned)::string 0x08006219   Data           1  main.o(.constdata__ZZNSs7replaceEjjPKcjjjEs)
    std::basic_string<char, std::char_traits<char>, std::allocator<char>>::_C_getRep(unsigned, unsigned)::string 0x0800621a   Data           1  main.o(.constdata__ZZNSs9_C_getRepEjjEs)
    std::messages<char>::messages(unsigned)::string 0x0800621b   Data           2  rwstdexcept.o(.constdata__ZZNSt8messagesIcEC1EjEs)
    Region$$Table$$Base                      0x08006494   Number         0  anon$$obj.o(Region$$Table)
    Region$$Table$$Limit                     0x080064b4   Number         0  anon$$obj.o(Region$$Table)
    SHT$$INIT_ARRAY$$Base                    0x080064b4   Number         0  main.o(.init_array)
    SHT$$INIT_ARRAY$$Limit                   0x080064c4   Number         0  rwcats.o(.init_array)
    InitTaskHandle                           0x20000000   Data           4  main.o(.data)
    VolumeQueueHandle                        0x20000004   Data           4  main.o(.data)
    uwTickFreq                               0x20000008   Data           1  stm32f1xx_hal.o(.data)
    uwTickPrio                               0x2000000c   Data           4  stm32f1xx_hal.o(.data)
    uwTick                                   0x20000010   Data           4  stm32f1xx_hal.o(.data)
    SystemCoreClock                          0x20000014   Data           4  system_stm32f1xx.o(.data)
    pxCurrentTCB                             0x20000018   Data           4  tasks.o(.data)
    std::ctype<char>::id                     0x200000a8   Data           4  char.o(.data)
    std::ctype<wchar_t>::id                  0x200000ac   Data           4  char.o(.data)
    std::locale::_C_classic                  0x200000b8   Data           4  locale.o(.data)
    std::locale::_C_native                   0x200000bc   Data           4  locale.o(.data)
    std::locale::_C_global                   0x200000c0   Data           4  locale.o(.data)
    std::codecvt<char, char, std::__mbstate_t>::id 0x200000c4   Data           4  locale.o(.data)
    std::codecvt<wchar_t, char, std::__mbstate_t>::id 0x200000c8   Data           4  locale.o(.data)
    __rw_throw_proc                          0x200000cc   Data           4  rwthrowproc_noex.o(.data)
    __stdout                                 0x200000d0   Data           4  stdout.o(.data)
    __stderr                                 0x200000d4   Data           4  stderr.o(.data)
    __microlib_freelist                      0x200000ec   Data           4  mvars.o(.data)
    __microlib_freelist_initialised          0x200000f0   Data           4  mvars.o(.data)
    std::locale::id::_C_init() const::_C_id_gen 0x200000f8   Data           4  locale.o(.data__ZZNKSt6locale2id7_C_initEvE9_C_id_gen)
    guard variable for std::__rw_get_cats()::__open_cats 0x200000fc   Data           4  messages.o(.data__ZZSt13__rw_get_catsvE11__open_cats)
    std::__rw_get_cats()::__open_cats        0x20000100   Data           8  messages.o(.data__ZZSt13__rw_get_catsvE11__open_cats)
    huart1                                   0x20000108   Data          64  main.o(.bss)
    Display                                  0x20000148   Data        1132  main.o(.bss)
    Volume                                   0x200005b4   Data          88  main.o(.bss)
    InitTask_attributes                      0x2000060c   Data          36  main.o(.bss)
    DisplayTask_attributes                   0x20000630   Data          36  main.o(.bss)
    VolumeTask_attributes                    0x20000654   Data          36  main.o(.bss)
    ControlTask_attributes                   0x20000678   Data          36  main.o(.bss)
    VolumeQueue_attributes                   0x2000069c   Data          24  main.o(.bss)
    htim1                                    0x200006b4   Data          64  stm32f1xx_hal_timebase_tim.o(.bss)
    xQueueRegistry                           0x200006f4   Data          64  queue.o(.bss)
    std::basic_string<char, std::char_traits<char>, std::allocator<char>>::__nullref 0x200043e0   Data          16  vendor.o(.bss__ZNSs9__nullrefE)
    __heap_base                              0x200043f0   Data           0  startup_stm32f103xb.o(HEAP)
    __heap_limit                             0x200045f0   Data           0  startup_stm32f103xb.o(HEAP)
    __initial_sp                             0x200049f0   Data           0  startup_stm32f103xb.o(STACK)



==============================================================================

Memory Map of the image

  Image Entry point : 0x080000ed

  Load Region LR_IROM1 (Base: 0x08000000, Size: 0x000065cc, Max: 0x00010000, ABSOLUTE)

    Execution Region ER_IROM1 (Exec base: 0x08000000, Load base: 0x08000000, Size: 0x000064c4, Max: 0x00010000, ABSOLUTE)

    Exec Addr    Load Addr    Size         Type   Attr      Idx    E Section Name        Object

    0x08000000   0x08000000   0x000000ec   Data   RO            3    RESET               startup_stm32f103xb.o
    0x080000ec   0x080000ec   0x00000000   Code   RO         5811  * .ARM.Collect$$$$00000000  mc_w.l(entry.o)
    0x080000ec   0x080000ec   0x00000004   Code   RO         6731    .ARM.Collect$$$$00000001  mc_w.l(entry2.o)
    0x080000f0   0x080000f0   0x00000004   Code   RO         6734    .ARM.Collect$$$$00000004  mc_w.l(entry5.o)
    0x080000f4   0x080000f4   0x00000000   Code   RO         6736    .ARM.Collect$$$$00000008  mc_w.l(entry7b.o)
    0x080000f4   0x080000f4   0x00000004   Code   RO         6737    .ARM.Collect$$$$00000009  mc_w.l(entry8a.o)
    0x080000f8   0x080000f8   0x00000000   Code   RO         6738    .ARM.Collect$$$$0000000A  mc_w.l(entry8b.o)
    0x080000f8   0x080000f8   0x00000008   Code   RO         6739    .ARM.Collect$$$$0000000B  mc_w.l(entry9a.o)
    0x08000100   0x08000100   0x00000000   Code   RO         6741    .ARM.Collect$$$$0000000D  mc_w.l(entry10a.o)
    0x08000100   0x08000100   0x00000004   Code   RO         6742    .ARM.Collect$$$$0000000E  mc_w.l(entry10b.o)
    0x08000104   0x08000104   0x00000000   Code   RO         6743    .ARM.Collect$$$$0000000F  mc_w.l(entry11a.o)
    0x08000104   0x08000104   0x00000004   Code   RO         6732    .ARM.Collect$$$$00002712  mc_w.l(entry2.o)
    0x08000108   0x08000108   0x00000096   Code   RO         5465    .emb_text           port.o
    0x0800019e   0x0800019e   0x00000002   PAD
    0x080001a0   0x080001a0   0x00000024   Code   RO            4    .text               startup_stm32f103xb.o
    0x080001c4   0x080001c4   0x00000020   Code   RO         5814    .text               mc_w.l(llushr.o)
    0x080001e4   0x080001e4   0x00000040   Code   RO         5818    .text               mc_w.l(memmovea.o)
    0x08000224   0x08000224   0x00000024   Code   RO         5822    .text               mc_w.l(memseta.o)
    0x08000248   0x08000248   0x0000000e   Code   RO         5824    .text               mc_w.l(strlen.o)
    0x08000256   0x08000256   0x00000002   PAD
    0x08000258   0x08000258   0x00000020   Code   RO         6094    .text               mc_w.l(cpp_init.o)
    0x08000278   0x08000278   0x0000000e   Code   RO         6713    .text               cpprt_w.l(aeabi_vec_delete_noexceptions.o)
    0x08000286   0x08000286   0x0000002c   Code   RO         6747    .text               mc_w.l(uidiv.o)
    0x080002b2   0x080002b2   0x00000062   Code   RO         6749    .text               mc_w.l(uldiv.o)
    0x08000314   0x08000314   0x00000018   Code   RO         6755    .text               mc_w.l(strcat.o)
    0x0800032c   0x0800032c   0x00000012   Code   RO         6757    .text               mc_w.l(strcpy.o)
    0x0800033e   0x0800033e   0x00000020   Code   RO         6759    .text               mc_w.l(strrchr.o)
    0x0800035e   0x0800035e   0x00000002   PAD
    0x08000360   0x08000360   0x00000038   Code   RO         6761    .text               mc_w.l(sscanf.o)
    0x08000398   0x08000398   0x00000000   Code   RO         6763    .text               mc_w.l(iusefp.o)
    0x08000398   0x08000398   0x0000014e   Code   RO         6764    .text               mf_w.l(dadd.o)
    0x080004e6   0x080004e6   0x000000e4   Code   RO         6766    .text               mf_w.l(dmul.o)
    0x080005ca   0x080005ca   0x000000de   Code   RO         6768    .text               mf_w.l(ddiv.o)
    0x080006a8   0x080006a8   0x00000030   Code   RO         6770    .text               mf_w.l(dfixul.o)
    0x080006d8   0x080006d8   0x00000030   Code   RO         6772    .text               mf_w.l(cdrcmple.o)
    0x08000708   0x08000708   0x00000004   Code   RO         6863    .text               cpprt_w.l(arm_newhandler_noexceptions.o)
    0x0800070c   0x0800070c   0x0000001a   Code   RO         6910    .text               cpprt_w.l(arm_exceptions_terminate.o)
    0x08000726   0x08000726   0x00000002   PAD
    0x08000728   0x08000728   0x00000050   Code   RO         6920    .text               cpprt_w.l(arm_exceptions_globs.o)
    0x08000778   0x08000778   0x00000024   Code   RO         6926    .text               mc_w.l(init.o)
    0x0800079c   0x0800079c   0x0000001e   Code   RO         6928    .text               mc_w.l(llshl.o)
    0x080007ba   0x080007ba   0x00000024   Code   RO         6930    .text               mc_w.l(llsshr.o)
    0x080007de   0x080007de   0x00000002   PAD
    0x080007e0   0x080007e0   0x00000008   Code   RO         6932    .text               mc_w.l(ctype_o.o)
    0x080007e8   0x080007e8   0x00000012   Code   RO         6954    .text               mc_w.l(isspace_o.o)
    0x080007fa   0x080007fa   0x00000042   Code   RO         6968    .text               mc_w.l(memmove.o)
    0x0800083c   0x0800083c   0x0000001c   Code   RO         6972    .text               mc_w.l(strcmp.o)
    0x08000858   0x08000858   0x00000156   Code   RO         7012    .text               mc_w.l(_scanf_longlong.o)
    0x080009ae   0x080009ae   0x0000014c   Code   RO         7014    .text               mc_w.l(_scanf_int.o)
    0x08000afa   0x08000afa   0x000000e0   Code   RO         7016    .text               mc_w.l(_scanf_str.o)
    0x08000bda   0x08000bda   0x00000002   PAD
    0x08000bdc   0x08000bdc   0x00000360   Code   RO         7018    .text               mc_w.l(scanf_fp.o)
    0x08000f3c   0x08000f3c   0x00000028   Code   RO         7022    .text               mc_w.l(scanf_char.o)
    0x08000f64   0x08000f64   0x00000040   Code   RO         7024    .text               mc_w.l(_sgetc.o)
    0x08000fa4   0x08000fa4   0x00000014   Code   RO         7026    .text               mc_w.l(cpp_memory.o)
    0x08000fb8   0x08000fb8   0x0000002e   Code   RO         7029    .text               mc_w.l(aeabi_atexit.o)
    0x08000fe6   0x08000fe6   0x000000ba   Code   RO         7031    .text               mf_w.l(depilogue.o)
    0x080010a0   0x080010a0   0x00000002   Code   RO         7033    .text               cpprt_w.l(arm_rethrow_noexceptions.o)
    0x080010a2   0x080010a2   0x00000022   Code   RO         7042    .text               cpprt_w.l(aeabi_vec_dtor_noexceptions.o)
    0x080010c4   0x080010c4   0x0000003c   Code   RO         7048    .text               cpprt_w.l(arm_exceptions_mem.o)
    0x08001100   0x08001100   0x0000001c   Code   RO         7064    .text               mc_w.l(_chval.o)
    0x0800111c   0x0800111c   0x0000032c   Code   RO         7066    .text               mc_w.l(_scanf.o)
    0x08001448   0x08001448   0x00000008   Code   RO         7070    .text               mc_w.l(cpp_dtor.o)
    0x08001450   0x08001450   0x00000042   Code   RO         7073    .text               mc_w.l(cxa_finalize.o)
    0x08001492   0x08001492   0x00000018   Code   RO         7075    .text               mf_w.l(dfltul.o)
    0x080014aa   0x080014aa   0x00000038   Code   RO         7079    .text               mf_w.l(d2f.o)
    0x080014e2   0x080014e2   0x00000002   Code   RO         7094    .text               mc_w.l(cpp_final.o)
    0x080014e4   0x080014e4   0x0000006e   Code   RO         7096    .text               mf_w.l(fepilogue.o)
    0x08001552   0x08001552   0x0000001c   Code   RO         7098    .text               cpprt_w.l(ARM_vec_cleanup_noexceptions.o)
    0x0800156e   0x0800156e   0x00000014   Code   RO         6344    i.<Func5>           cpp_ws.l(locale.o)
    0x08001582   0x08001582   0x00000002   Code   RO         1047    i.BusFault_Handler  stm32f1xx_it.o
    0x08001584   0x08001584   0x00000002   Code   RO         1048    i.DebugMon_Handler  stm32f1xx_it.o
    0x08001586   0x08001586   0x00000002   PAD
    0x08001588   0x08001588   0x000001e0   Code   RO         1552    i.HAL_GPIO_Init     stm32f1xx_hal_gpio.o
    0x08001768   0x08001768   0x0000000c   Code   RO         1248    i.HAL_GetTick       stm32f1xx_hal.o
    0x08001774   0x08001774   0x00000010   Code   RO         1254    i.HAL_IncTick       stm32f1xx_hal.o
    0x08001784   0x08001784   0x00000024   Code   RO         1255    i.HAL_Init          stm32f1xx_hal.o
    0x080017a8   0x080017a8   0x00000074   Code   RO         1162    i.HAL_InitTick      stm32f1xx_hal_timebase_tim.o
    0x0800181c   0x0800181c   0x00000048   Code   RO         1116    i.HAL_MspInit       stm32f1xx_hal_msp.o
    0x08001864   0x08001864   0x0000001a   Code   RO         1712    i.HAL_NVIC_EnableIRQ  stm32f1xx_hal_cortex.o
    0x0800187e   0x0800187e   0x00000002   PAD
    0x08001880   0x08001880   0x00000040   Code   RO         1718    i.HAL_NVIC_SetPriority  stm32f1xx_hal_cortex.o
    0x080018c0   0x080018c0   0x00000024   Code   RO         1719    i.HAL_NVIC_SetPriorityGrouping  stm32f1xx_hal_cortex.o
    0x080018e4   0x080018e4   0x0000012c   Code   RO         1412    i.HAL_RCC_ClockConfig  stm32f1xx_hal_rcc.o
    0x08001a10   0x08001a10   0x00000040   Code   RO         1416    i.HAL_RCC_GetClockConfig  stm32f1xx_hal_rcc.o
    0x08001a50   0x08001a50   0x00000020   Code   RO         1419    i.HAL_RCC_GetPCLK1Freq  stm32f1xx_hal_rcc.o
    0x08001a70   0x08001a70   0x00000020   Code   RO         1420    i.HAL_RCC_GetPCLK2Freq  stm32f1xx_hal_rcc.o
    0x08001a90   0x08001a90   0x0000006c   Code   RO         1421    i.HAL_RCC_GetSysClockFreq  stm32f1xx_hal_rcc.o
    0x08001afc   0x08001afc   0x00000320   Code   RO         1424    i.HAL_RCC_OscConfig  stm32f1xx_hal_rcc.o
    0x08001e1c   0x08001e1c   0x00000002   Code   RO         3311    i.HAL_TIMEx_BreakCallback  stm32f1xx_hal_tim_ex.o
    0x08001e1e   0x08001e1e   0x00000002   Code   RO         3312    i.HAL_TIMEx_CommutCallback  stm32f1xx_hal_tim_ex.o
    0x08001e20   0x08001e20   0x00000036   Code   RO         2636    i.HAL_TIM_Base_Init  stm32f1xx_hal_tim.o
    0x08001e56   0x08001e56   0x00000002   Code   RO         2638    i.HAL_TIM_Base_MspInit  stm32f1xx_hal_tim.o
    0x08001e58   0x08001e58   0x00000022   Code   RO         2641    i.HAL_TIM_Base_Start_IT  stm32f1xx_hal_tim.o
    0x08001e7a   0x08001e7a   0x00000002   Code   RO         2665    i.HAL_TIM_IC_CaptureCallback  stm32f1xx_hal_tim.o
    0x08001e7c   0x08001e7c   0x00000166   Code   RO         2679    i.HAL_TIM_IRQHandler  stm32f1xx_hal_tim.o
    0x08001fe2   0x08001fe2   0x00000002   Code   RO         2682    i.HAL_TIM_OC_DelayElapsedCallback  stm32f1xx_hal_tim.o
    0x08001fe4   0x08001fe4   0x00000002   Code   RO         2709    i.HAL_TIM_PWM_PulseFinishedCallback  stm32f1xx_hal_tim.o
    0x08001fe6   0x08001fe6   0x00000002   PAD
    0x08001fe8   0x08001fe8   0x00000014   Code   RO           14    i.HAL_TIM_PeriodElapsedCallback  main.o
    0x08001ffc   0x08001ffc   0x00000002   Code   RO         2722    i.HAL_TIM_TriggerCallback  stm32f1xx_hal_tim.o
    0x08001ffe   0x08001ffe   0x00000062   Code   RO         3587    i.HAL_UART_Init     stm32f1xx_hal_uart.o
    0x08002060   0x08002060   0x00000070   Code   RO         1118    i.HAL_UART_MspInit  stm32f1xx_hal_msp.o
    0x080020d0   0x080020d0   0x000000ba   Code   RO         3595    i.HAL_UART_Transmit  stm32f1xx_hal_uart.o
    0x0800218a   0x0800218a   0x00000002   Code   RO         1049    i.HardFault_Handler  stm32f1xx_it.o
    0x0800218c   0x0800218c   0x00000002   Code   RO         1050    i.MemManage_Handler  stm32f1xx_it.o
    0x0800218e   0x0800218e   0x00000002   Code   RO         1051    i.NMI_Handler       stm32f1xx_it.o
    0x08002190   0x08002190   0x0000002c   Code   RO         5466    i.SysTick_Handler   port.o
    0x080021bc   0x080021bc   0x00000048   Code   RO         3889    i.SystemInit        system_stm32f1xx.o
    0x08002204   0x08002204   0x0000000c   Code   RO         1052    i.TIM1_UP_IRQHandler  stm32f1xx_it.o
    0x08002210   0x08002210   0x0000006c   Code   RO         2724    i.TIM_Base_SetConfig  stm32f1xx_hal_tim.o
    0x0800227c   0x0800227c   0x000000b8   Code   RO         3613    i.UART_SetConfig    stm32f1xx_hal_uart.o
    0x08002334   0x08002334   0x00000064   Code   RO         3615    i.UART_WaitOnFlagUntilTimeout  stm32f1xx_hal_uart.o
    0x08002398   0x08002398   0x00000002   Code   RO         1053    i.UsageFault_Handler  stm32f1xx_it.o
    0x0800239a   0x0800239a   0x00000002   PAD
    0x0800239c   0x0800239c   0x00000038   Code   RO           15    i._Z13StartInitTaskPv  main.o
    0x080023d4   0x080023d4   0x00000042   Code   RO           19    i._Z18SystemClock_Configv  main.o
    0x08002416   0x08002416   0x00000002   PAD
    0x08002418   0x08002418   0x00000020   Code   RO         6774    i._Z7catgetsPN4__rw8__rw_catEiiPKc  cpp_ws.l(rwcats.o)
    0x08002438   0x08002438   0x00000022   Code   RO         6775    i._Z7catopenPKci    cpp_ws.l(rwcats.o)
    0x0800245a   0x0800245a   0x00000058   Code   RO         5686    i._ZN37_INTERNAL_15_rwstdexcept_cpp_8697b68a4__rw13__rw_vfmatstrEPcjPKcSt9__va_list  cpp_ws.l(rwstdexcept.o)
    0x080024b2   0x080024b2   0x00000002   PAD
    0x080024b4   0x080024b4   0x0000014c   Code   RO         5687    i._ZN37_INTERNAL_15_rwstdexcept_cpp_8697b68a4__rw13__rw_vfmatstrEPcjiSt9__va_list  cpp_ws.l(rwstdexcept.o)
    0x08002600   0x08002600   0x00000024   Code   RO          692    i._ZN4OLEDC1Ev      ssd1306.o
    0x08002624   0x08002624   0x0000005c   Code   RO         5689    i._ZN4__rw10__rw_throwEiz  cpp_ws.l(rwstdexcept.o)
    0x08002680   0x08002680   0x00000020   Code   RO         5542    i._ZN4__rw13__rw_allocateEji  cpp_ws.l(rwalloc.o)
    0x080026a0   0x080026a0   0x00000004   Code   RO         5543    i._ZN4__rw15__rw_deallocateEPvji  cpp_ws.l(rwalloc.o)
    0x080026a4   0x080026a4   0x00000002   Code   RO         6291    i._ZN4__rw15__rw_facet_base12_C_initfacetERKSt6locale  cpp_ws.l(char.o)
    0x080026a6   0x080026a6   0x00000002   PAD
    0x080026a8   0x080026a8   0x000000ec   Code   RO         6447    i._ZN4__rw15__rw_locale_impC1EPKcjj  cpp_ws.l(locale.o)
    0x08002794   0x08002794   0x0000001a   Code   RO         6485    i._ZN4__rw15__rw_locale_impD1Ev  cpp_ws.l(locale.o)
    0x080027ae   0x080027ae   0x0000003a   Code   RO         6345    i._ZN4__rw21__rw_use_c_lib_localeC1EPKci  cpp_ws.l(locale.o)
    0x080027e8   0x080027e8   0x00000018   Code   RO         6261    i._ZN4__rw21__rw_use_c_lib_localeD1Ev  cpp_ws.l(char.o)
    0x08002800   0x08002800   0x00000098   Code   RO         6798    i._ZN4__rw25__rw_throw_exception_noexEiPc  cpp_ws.l(rwthrowproc_impl_noex.o)
    0x08002898   0x08002898   0x00000030   Code   RO         6778    i._ZN4__rw9__catfindEPNS_8__rw_catE  cpp_ws.l(rwcats.o)
    0x080028c8   0x080028c8   0x00000006   Code   RO          954    i._ZN7TDA7300C1Ev   tda7300.o
    0x080028ce   0x080028ce   0x00000004   Code   RO         5808    i._ZNKSt14__rw_exception4whatEv  cpp_ws.l(rwstdexcept.o)
    0x080028d2   0x080028d2   0x00000072   Code   RO         6522    i._ZNKSt18__rw_messages_base11_C_cat_openERKSsRKSt6locale  cpp_ws.l(messages.o)
    0x08002944   0x08002944   0x00000020   Code   RO         6525    i._ZNKSt18__rw_messages_base13_C_get_localeEi  cpp_ws.l(messages.o)
    0x08002964   0x08002964   0x00000034   Code   RO         6526    i._ZNKSt18__rw_messages_base14_C_get_messageEiii  cpp_ws.l(messages.o)
    0x08002998   0x08002998   0x0000000e   Code   RO         6231    i._ZNKSt5ctypeIcE2isENSt10ctype_base4maskEc  cpp_ws.l(char.o)
    0x080029a6   0x080029a6   0x00000002   PAD
    0x080029a8   0x080029a8   0x00000108   Code   RO         6350    i._ZNKSt6locale13_C_make_facetERKNS_2idEbiPFPN4__rw15__rw_facet_baseEiPKcjE  cpp_ws.l(locale.o)
    0x08002ab0   0x08002ab0   0x00000074   Code   RO         6352    i._ZNKSt6locale16_C_install_facetEPN4__rw15__rw_facet_baseERKNS_2idE  cpp_ws.l(locale.o)
    0x08002b24   0x08002b24   0x00000030   Code   RO         6353    i._ZNKSt6locale4nameEv  cpp_ws.l(locale.o)
    0x08002b54   0x08002b54   0x0000000c   Code   RO          123    i._ZNSt11char_traitsIcE4copyEPcPKcj  main.o
    0x08002b60   0x08002b60   0x000000cc   Code   RO         6100    i._ZNSt12ctype_bynameIcE17_C_get_mask_tableEPKc  cpp_ws.l(char.o)
    0x08002c2c   0x08002c2c   0x00000120   Code   RO         6102    i._ZNSt12ctype_bynameIcEC1EPKcj  cpp_ws.l(char.o)
    0x08002d4c   0x08002d4c   0x0000000e   Code   RO         6338    i._ZNSt12ctype_bynameIcED0Ev  cpp_ws.l(char.o)
    0x08002d5a   0x08002d5a   0x00000008   Code   RO         6335    i._ZNSt12ctype_bynameIcED1Ev  cpp_ws.l(char.o)
    0x08002d62   0x08002d62   0x00000002   PAD
    0x08002d64   0x08002d64   0x00000084   Code   RO         5692    i._ZNSt14__rw_exception10_C_vformatEiSt9__va_list  cpp_ws.l(rwstdexcept.o)
    0x08002de8   0x08002de8   0x00000014   Code   RO         5758    i._ZNSt14__rw_exceptionC1Ev  cpp_ws.l(rwstdexcept.o)
    0x08002dfc   0x08002dfc   0x0000001c   Code   RO         5802    i._ZNSt14__rw_exceptionD1Ev  cpp_ws.l(rwstdexcept.o)
    0x08002e18   0x08002e18   0x00000008   Code   RO         5755    i._ZNSt18__rw_messages_baseD1Ev  cpp_ws.l(rwstdexcept.o)
    0x08002e20   0x08002e20   0x0000001a   Code   RO         6562    i._ZNSt18__rw_open_cat_dataC1Ev  cpp_ws.l(messages.o)
    0x08002e3a   0x08002e3a   0x0000000c   Code   RO         6559    i._ZNSt18__rw_open_cat_dataD1Ev  cpp_ws.l(messages.o)
    0x08002e46   0x08002e46   0x00000012   Code   RO         6565    i._ZNSt18__rw_open_cat_dataaSERKS_  cpp_ws.l(messages.o)
    0x08002e58   0x08002e58   0x000000fa   Code   RO         6104    i._ZNSt5ctypeIcE12_C_initfacetERKSt6locale  cpp_ws.l(char.o)
    0x08002f52   0x08002f52   0x00000002   PAD
    0x08002f54   0x08002f54   0x00000118   Code   RO         6106    i._ZNSt5ctypeIcEC1EPKNSt10ctype_base4maskEbj  cpp_ws.l(char.o)
    0x0800306c   0x0800306c   0x0000000e   Code   RO         6234    i._ZNSt5ctypeIcED0Ev  cpp_ws.l(char.o)
    0x0800307a   0x0800307a   0x00000002   PAD
    0x0800307c   0x0800307c   0x0000002c   Code   RO         6169    i._ZNSt5ctypeIcED1Ev  cpp_ws.l(char.o)
    0x080030a8   0x080030a8   0x0000000e   Code   RO         5799    i._ZNSt6locale5facetD0Ev  cpp_ws.l(rwstdexcept.o)
    0x080030b6   0x080030b6   0x00000002   PAD
    0x080030b8   0x080030b8   0x00000084   Code   RO         6356    i._ZNSt6locale7_C_initEv  cpp_ws.l(locale.o)
    0x0800313c   0x0800313c   0x00000044   Code   RO         6358    i._ZNSt6locale7classicEv  cpp_ws.l(locale.o)
    0x08003180   0x08003180   0x00000020   Code   RO         6488    i._ZNSt6localeC1EPN4__rw15__rw_locale_impE  cpp_ws.l(locale.o)
    0x080031a0   0x080031a0   0x0000000c   Code   RO         6568    i._ZNSt6localeC1ERKS_  cpp_ws.l(messages.o)
    0x080031ac   0x080031ac   0x00000020   Code   RO         5751    i._ZNSt6localeC1Ev  cpp_ws.l(rwstdexcept.o)
    0x080031cc   0x080031cc   0x00000020   Code   RO         6463    i._ZNSt6localeD1Ev  cpp_ws.l(locale.o)
    0x080031ec   0x080031ec   0x00000032   Code   RO         6366    i._ZNSt6localeaSERKS_  cpp_ws.l(locale.o)
    0x0800321e   0x0800321e   0x0000000e   Code   RO         5773    i._ZNSt8messagesIcED0Ev  cpp_ws.l(rwstdexcept.o)
    0x0800322c   0x0800322c   0x00000010   Code   RO         5742    i._ZNSt8messagesIcED1Ev  cpp_ws.l(rwstdexcept.o)
    0x0800323c   0x0800323c   0x0000000c   Code   RO         6597    i._ZNSt9exceptionC1Ev  cpprt_w.l(exception_ctor.o)
    0x08003248   0x08003248   0x0000003c   Code   RO         6543    i._ZSt13__rw_get_catsv  cpp_ws.l(messages.o)
    0x08003284   0x08003284   0x00000008   Code   RO         6574    i._ZdaPv            cpprt_w.l(array_del.o)
    0x0800328c   0x0800328c   0x00000008   Code   RO         6581    i._ZdlPv            cpprt_w.l(delete.o)
    0x08003294   0x08003294   0x00000008   Code   RO         6577    i._Znaj             cpprt_w.l(array_new.o)
    0x0800329c   0x0800329c   0x00000028   Code   RO         6584    i._Znwj             cpprt_w.l(new.o)
    0x080032c4   0x080032c4   0x0000001c   Code   RO         6062    i.__0fprintf        mc_w.l(printfa.o)
    0x080032e0   0x080032e0   0x00000020   Code   RO         6063    i.__0printf         mc_w.l(printfa.o)
    0x08003300   0x08003300   0x0000002c   Code   RO         6068    i.__0vsnprintf      mc_w.l(printfa.o)
    0x0800332c   0x0800332c   0x00000092   Code   RO         7081    i.__ARM_array_new_general  cpprt_w.l(array_new_general.o)
    0x080033be   0x080033be   0x00000020   Code   RO         1725    i.__NVIC_SetPriority  stm32f1xx_hal_cortex.o
    0x080033de   0x080033de   0x00000010   Code   RO         6904    i.__aeabi_vec_dtor_cookie  cpprt_w.l(aeabi_vec_dtor_cookie.o)
    0x080033ee   0x080033ee   0x00000014   Code   RO         6901    i.__aeabi_vec_new_cookie  cpprt_w.l(aeabi_vec_new_cookie.o)
    0x08003402   0x08003402   0x00000010   Code   RO         6879    i.__cxa_guard_acquire  cpprt_w.l(cxa_guard_acquire.o)
    0x08003412   0x08003412   0x00000002   PAD
    0x08003414   0x08003414   0x00000018   Code   RO         7039    i.__cxa_vec_new     cpprt_w.l(cxa_vec_new.o)
    0x0800342c   0x0800342c   0x0000000e   Code   RO         7111    i.__scatterload_copy  mc_w.l(handlers.o)
    0x0800343a   0x0800343a   0x00000002   Code   RO         7112    i.__scatterload_null  mc_w.l(handlers.o)
    0x0800343c   0x0800343c   0x0000000e   Code   RO         7113    i.__scatterload_zeroinit  mc_w.l(handlers.o)
    0x0800344a   0x0800344a   0x00000002   PAD
    0x0800344c   0x0800344c   0x00000010   Code   RO         6367    i.__sti___10_locale_cpp_ff99fc7b  cpp_ws.l(locale.o)
    0x0800345c   0x0800345c   0x00000038   Code   RO         6779    i.__sti___10_rwcats_cpp_64e8068e  cpp_ws.l(rwcats.o)
    0x08003494   0x08003494   0x00000010   Code   RO         6108    i.__sti___8_char_cpp_a3dc957a  cpp_ws.l(char.o)
    0x080034a4   0x080034a4   0x0000001c   Code   RO           20    i.__sti___8_main_cpp_Display  main.o
    0x080034c0   0x080034c0   0x00000184   Code   RO         6070    i._fp_digits        mc_w.l(printfa.o)
    0x08003644   0x08003644   0x0000000e   Code   RO         7020    i._is_digit         mc_w.l(scanf_fp.o)
    0x08003652   0x08003652   0x00000002   PAD
    0x08003654   0x08003654   0x000006dc   Code   RO         6071    i._printf_core      mc_w.l(printfa.o)
    0x08003d30   0x08003d30   0x00000024   Code   RO         6072    i._printf_post_padding  mc_w.l(printfa.o)
    0x08003d54   0x08003d54   0x0000002e   Code   RO         6073    i._printf_pre_padding  mc_w.l(printfa.o)
    0x08003d82   0x08003d82   0x00000016   Code   RO         6074    i._snputc           mc_w.l(printfa.o)
    0x08003d98   0x08003d98   0x00000018   Code   RO           21    i.fputc             main.o
    0x08003db0   0x08003db0   0x00000050   Code   RO         6984    i.free              mc_w.l(malloc.o)
    0x08003e00   0x08003e00   0x000001a4   Code   RO           22    i.main              main.o
    0x08003fa4   0x08003fa4   0x0000006c   Code   RO         6985    i.malloc            mc_w.l(malloc.o)
    0x08004010   0x08004010   0x00000034   Code   RO         4995    i.osDelay           cmsis_os2.o
    0x08004044   0x08004044   0x00000038   Code   RO         5009    i.osKernelInitialize  cmsis_os2.o
    0x0800407c   0x0800407c   0x00000040   Code   RO         5012    i.osKernelStart     cmsis_os2.o
    0x080040bc   0x080040bc   0x00000074   Code   RO         5020    i.osMessageQueueNew  cmsis_os2.o
    0x08004130   0x08004130   0x000000a4   Code   RO         5046    i.osThreadNew       cmsis_os2.o
    0x080041d4   0x080041d4   0x0000005c   Code   RO         4491    i.prvAddCurrentTaskToDelayedList  tasks.o
    0x08004230   0x08004230   0x000000d0   Code   RO         4492    i.prvAddNewTaskToReadyList  tasks.o
    0x08004300   0x08004300   0x00000058   Code   RO         4841    i.prvCheckForValidListAndQueue  timers.o
    0x08004358   0x08004358   0x00000026   Code   RO         4094    i.prvCopyDataFromQueue  queue.o
    0x0800437e   0x0800437e   0x0000006c   Code   RO         4095    i.prvCopyDataToQueue  queue.o
    0x080043ea   0x080043ea   0x00000034   Code   RO         4493    i.prvDeleteTCB      tasks.o
    0x0800441e   0x0800441e   0x00000002   PAD
    0x08004420   0x08004420   0x0000004c   Code   RO         5416    i.prvHeapInit       heap_4.o
    0x0800446c   0x0800446c   0x00000060   Code   RO         4494    i.prvIdleTask       tasks.o
    0x080044cc   0x080044cc   0x00000022   Code   RO         4097    i.prvInitialiseNewQueue  queue.o
    0x080044ee   0x080044ee   0x0000009c   Code   RO         4495    i.prvInitialiseNewTask  tasks.o
    0x0800458a   0x0800458a   0x00000002   PAD
    0x0800458c   0x0800458c   0x0000004c   Code   RO         5417    i.prvInsertBlockIntoFreeList  heap_4.o
    0x080045d8   0x080045d8   0x00000038   Code   RO         4843    i.prvInsertTimerInActiveList  timers.o
    0x08004610   0x08004610   0x0000001c   Code   RO         4098    i.prvIsQueueEmpty   queue.o
    0x0800462c   0x0800462c   0x000000cc   Code   RO         4844    i.prvProcessReceivedCommands  timers.o
    0x080046f8   0x080046f8   0x000000b4   Code   RO         4845    i.prvProcessTimerOrBlockTask  timers.o
    0x080047ac   0x080047ac   0x00000020   Code   RO         4497    i.prvResetNextTaskUnblockTime  tasks.o
    0x080047cc   0x080047cc   0x00000028   Code   RO         4846    i.prvSampleTimeNow  timers.o
    0x080047f4   0x080047f4   0x0000006c   Code   RO         4847    i.prvSwitchTimerLists  timers.o
    0x08004860   0x08004860   0x00000028   Code   RO         5467    i.prvTaskExitError  port.o
    0x08004888   0x08004888   0x00000024   Code   RO         4848    i.prvTimerTask      timers.o
    0x080048ac   0x080048ac   0x0000006a   Code   RO         4099    i.prvUnlockQueue    queue.o
    0x08004916   0x08004916   0x00000002   PAD
    0x08004918   0x08004918   0x000000d8   Code   RO         5418    i.pvPortMalloc      heap_4.o
    0x080049f0   0x080049f0   0x00000024   Code   RO         5468    i.pxPortInitialiseStack  port.o
    0x08004a14   0x08004a14   0x00000026   Code   RO         4054    i.uxListRemove      list.o
    0x08004a3a   0x08004a3a   0x00000002   PAD
    0x08004a3c   0x08004a3c   0x00000014   Code   RO         5058    i.vApplicationGetIdleTaskMemory  cmsis_os2.o
    0x08004a50   0x08004a50   0x00000018   Code   RO         5059    i.vApplicationGetTimerTaskMemory  cmsis_os2.o
    0x08004a68   0x08004a68   0x00000016   Code   RO         4055    i.vListInitialise   list.o
    0x08004a7e   0x08004a7e   0x00000006   Code   RO         4056    i.vListInitialiseItem  list.o
    0x08004a84   0x08004a84   0x00000030   Code   RO         4057    i.vListInsert       list.o
    0x08004ab4   0x08004ab4   0x00000018   Code   RO         4058    i.vListInsertEnd    list.o
    0x08004acc   0x08004acc   0x00000040   Code   RO         5470    i.vPortEnterCritical  port.o
    0x08004b0c   0x08004b0c   0x00000028   Code   RO         5471    i.vPortExitCritical  port.o
    0x08004b34   0x08004b34   0x0000005c   Code   RO         5419    i.vPortFree         heap_4.o
    0x08004b90   0x08004b90   0x00000024   Code   RO         5472    i.vPortSetupTimerInterrupt  port.o
    0x08004bb4   0x08004bb4   0x00000054   Code   RO         5473    i.vPortValidateInterruptPriority  port.o
    0x08004c08   0x08004c08   0x00000028   Code   RO         4105    i.vQueueAddToRegistry  queue.o
    0x08004c30   0x08004c30   0x00000044   Code   RO         4109    i.vQueueWaitForMessageRestricted  queue.o
    0x08004c74   0x08004c74   0x0000004c   Code   RO         4509    i.vTaskDelay        tasks.o
    0x08004cc0   0x08004cc0   0x00000010   Code   RO         4514    i.vTaskInternalSetTimeOutState  tasks.o
    0x08004cd0   0x08004cd0   0x0000000c   Code   RO         4515    i.vTaskMissedYield  tasks.o
    0x08004cdc   0x08004cdc   0x00000030   Code   RO         4517    i.vTaskPlaceOnEventList  tasks.o
    0x08004d0c   0x08004d0c   0x00000038   Code   RO         4518    i.vTaskPlaceOnEventListRestricted  tasks.o
    0x08004d44   0x08004d44   0x00000088   Code   RO         4526    i.vTaskStartScheduler  tasks.o
    0x08004dcc   0x08004dcc   0x00000010   Code   RO         4528    i.vTaskSuspendAll   tasks.o
    0x08004ddc   0x08004ddc   0x00000064   Code   RO         4529    i.vTaskSwitchContext  tasks.o
    0x08004e40   0x08004e40   0x000000a8   Code   RO         5474    i.xPortStartScheduler  port.o
    0x08004ee8   0x08004ee8   0x00000048   Code   RO         4114    i.xQueueGenericCreate  queue.o
    0x08004f30   0x08004f30   0x00000066   Code   RO         4115    i.xQueueGenericCreateStatic  queue.o
    0x08004f96   0x08004f96   0x00000002   PAD
    0x08004f98   0x08004f98   0x00000088   Code   RO         4116    i.xQueueGenericReset  queue.o
    0x08005020   0x08005020   0x00000160   Code   RO         4117    i.xQueueGenericSend  queue.o
    0x08005180   0x08005180   0x000000bc   Code   RO         4118    i.xQueueGenericSendFromISR  queue.o
    0x0800523c   0x0800523c   0x00000138   Code   RO         4127    i.xQueueReceive     queue.o
    0x08005374   0x08005374   0x00000074   Code   RO         4530    i.xTaskCheckForTimeOut  tasks.o
    0x080053e8   0x080053e8   0x0000005a   Code   RO         4531    i.xTaskCreate       tasks.o
    0x08005442   0x08005442   0x00000056   Code   RO         4532    i.xTaskCreateStatic  tasks.o
    0x08005498   0x08005498   0x0000001c   Code   RO         4536    i.xTaskGetSchedulerState  tasks.o
    0x080054b4   0x080054b4   0x0000000c   Code   RO         4537    i.xTaskGetTickCount  tasks.o
    0x080054c0   0x080054c0   0x000000c8   Code   RO         4539    i.xTaskIncrementTick  tasks.o
    0x08005588   0x08005588   0x00000080   Code   RO         4542    i.xTaskPriorityDisinherit  tasks.o
    0x08005608   0x08005608   0x00000070   Code   RO         4544    i.xTaskRemoveFromEventList  tasks.o
    0x08005678   0x08005678   0x000000c4   Code   RO         4545    i.xTaskResumeAll    tasks.o
    0x0800573c   0x0800573c   0x00000060   Code   RO         4855    i.xTimerCreateTimerTask  timers.o
    0x0800579c   0x0800579c   0x00000068   Code   RO         4856    i.xTimerGenericCommand  timers.o
    0x08005804   0x08005804   0x00000014   Code   RO         6218    t._ZN4__rw12__string_refIcSt11char_traitsIcESaIcEE10_C_inc_refEv  cpp_ws.l(char.o)
    0x08005818   0x08005818   0x00000046   Code   RO         5764    t._ZN4__rw16__rw_facet_makerISt5ctypeIcEE13_C_maker_funcEiPKcj  cpp_ws.l(rwstdexcept.o)
    0x0800585e   0x0800585e   0x00000056   Code   RO         6466    t._ZN4__rw18__rw_locale_vectorIPNS_15__rw_facet_baseEE6resizeEjRKS2_  cpp_ws.l(locale.o)
    0x080058b4   0x080058b4   0x0000000e   Code   RO         6478    t._ZN4__rw18__rw_locale_vectorIPNS_15__rw_facet_baseEED1Ev  cpp_ws.l(locale.o)
    0x080058c2   0x080058c2   0x0000000e   Code   RO         6795    t._ZN4__rw18__rw_locale_vectorIPNS_8__rw_catEED1Ev  cpp_ws.l(rwcats.o)
    0x080058d0   0x080058d0   0x00000014   Code   RO         6481    t._ZN4__rw18__rw_locale_vectorISsED1Ev  cpp_ws.l(locale.o)
    0x080058e4   0x080058e4   0x00000088   Code   RO         6549    t._ZN4__rw18__rw_locale_vectorISt18__rw_open_cat_dataE6resizeEj  cpp_ws.l(messages.o)
    0x0800596c   0x0800596c   0x00000014   Code   RO         6555    t._ZN4__rw18__rw_locale_vectorISt18__rw_open_cat_dataED1Ev  cpp_ws.l(messages.o)
    0x08005980   0x08005980   0x00000090   Code   RO         5736    t._ZNKSt8messagesIcE6do_getEiiiRKSs  cpp_ws.l(rwstdexcept.o)
    0x08005a10   0x08005a10   0x00000006   Code   RO         5761    t._ZNKSt8messagesIcE7do_openERKSsRKSt6locale  cpp_ws.l(rwstdexcept.o)
    0x08005a16   0x08005a16   0x00000032   Code   RO         6435    t._ZNSs11_C_allocateEjjj  cpp_ws.l(locale.o)
    0x08005a48   0x08005a48   0x00000018   Code   RO         6475    t._ZNSs7replaceEjjPKcj  cpp_ws.l(locale.o)
    0x08005a60   0x08005a60   0x00000168   Code   RO         6159    t._ZNSs7replaceEjjPKcjjj  cpp_ws.l(char.o)
    0x08005bc8   0x08005bc8   0x00000074   Code   RO         6147    t._ZNSs9_C_getRepEjj  cpp_ws.l(char.o)
    0x08005c3c   0x08005c3c   0x00000048   Code   RO         6156    t._ZNSs9_C_unlinkEv  cpp_ws.l(char.o)
    0x08005c84   0x08005c84   0x00000038   Code   RO         6438    t._ZNSsC1EPKcRKSaIcE  cpp_ws.l(locale.o)
    0x08005cbc   0x08005cbc   0x00000010   Code   RO         6472    t._ZNSsC1ERKSaIcE   cpp_ws.l(locale.o)
    0x08005ccc   0x08005ccc   0x0000003e   Code   RO         6150    t._ZNSsC1ERKSs      cpp_ws.l(char.o)
    0x08005d0a   0x08005d0a   0x0000000c   Code   RO         6224    t._ZNSsD1Ev         cpp_ws.l(char.o)
    0x08005d16   0x08005d16   0x00000002   PAD
    0x08005d18   0x08005d18   0x0000004c   Code   RO         6444    t._ZNSsaSEPKc       cpp_ws.l(locale.o)
    0x08005d64   0x08005d64   0x0000003e   Code   RO         6441    t._ZNSsaSERKSs      cpp_ws.l(locale.o)
    0x08005da2   0x08005da2   0x0000000c   Code   RO          129    t._ZSt3maxIjERKT_S2_S2_  main.o
    0x08005dae   0x08005dae   0x00000002   PAD
    0x08005db0   0x08005db0   0x000000a8   Code   RO          141    t._ZStplIcSt11char_traitsIcESaIcEESbIT_T0_T1_ERKS6_PKS3_  main.o
    0x08005e58   0x08005e58   0x00000010   Data   RO         3890    .constdata          system_stm32f1xx.o
    0x08005e68   0x08005e68   0x00000008   Data   RO         3891    .constdata          system_stm32f1xx.o
    0x08005e70   0x08005e70   0x0000005c   Data   RO         5712    .constdata          cpp_ws.l(rwstdexcept.o)
    0x08005ecc   0x08005ecc   0x00000200   Data   RO         6128    .constdata          cpp_ws.l(char.o)
    0x080060cc   0x080060cc   0x00000081   Data   RO         6933    .constdata          mc_w.l(ctype_o.o)
    0x0800614d   0x0800614d   0x00000003   PAD
    0x08006150   0x08006150   0x00000004   Data   RO         6934    .constdata          mc_w.l(ctype_o.o)
    0x08006154   0x08006154   0x00000014   Data   RO         5787    .constdata__ZTVNSt6locale5facetE  cpp_ws.l(rwstdexcept.o)
    0x08006168   0x08006168   0x00000034   Data   RO         6302    .constdata__ZTVSt12ctype_bynameIcE  cpp_ws.l(char.o)
    0x0800619c   0x0800619c   0x00000014   Data   RO         5789    .constdata__ZTVSt14__rw_exception  cpp_ws.l(rwstdexcept.o)
    0x080061b0   0x080061b0   0x00000034   Data   RO         6139    .constdata__ZTVSt5ctypeIcE  cpp_ws.l(char.o)
    0x080061e4   0x080061e4   0x00000020   Data   RO         5725    .constdata__ZTVSt8messagesIcE  cpp_ws.l(rwstdexcept.o)
    0x08006204   0x08006204   0x00000014   Data   RO         6607    .constdata__ZTVSt9exception  cpprt_w.l(exception_dtor.o)
    0x08006218   0x08006218   0x00000001   Data   RO         6432    .constdata__ZZNK4__rw15__rw_locale_imp16_C_category_nameEiEs  cpp_ws.l(locale.o)
    0x08006219   0x08006219   0x00000001   Data   RO           97    .constdata__ZZNSs7replaceEjjPKcjjjEs  main.o
    0x0800621a   0x0800621a   0x00000001   Data   RO           98    .constdata__ZZNSs9_C_getRepEjjEs  main.o
    0x0800621b   0x0800621b   0x00000002   Data   RO         5726    .constdata__ZZNSt8messagesIcEC1EjEs  cpp_ws.l(rwstdexcept.o)
    0x0800621d   0x0800621d   0x00000003   PAD
    0x08006220   0x08006220   0x00000272   Data   RO         5713    .conststring        cpp_ws.l(rwstdexcept.o)
    0x08006492   0x08006492   0x00000002   PAD
    0x08006494   0x08006494   0x00000020   Data   RO         7110    Region$$Table       anon$$obj.o
    0x080064b4   0x080064b4   0x00000004   Data   RO           38    .init_array         main.o
    0x080064b8   0x080064b4   0x00000000   Data   RO         6092    .init_array         mc_w.l(cpp_init.o)
    0x080064b8   0x080064b4   0x00000004   Data   RO         6130    .init_array         cpp_ws.l(char.o)
    0x080064bc   0x080064b4   0x00000004   Data   RO         6415    .init_array         cpp_ws.l(locale.o)
    0x080064c0   0x080064b4   0x00000004   Data   RO         6789    .init_array         cpp_ws.l(rwcats.o)


    Execution Region RW_IRAM1 (Exec base: 0x20000000, Load base: 0x080064c4, Size: 0x000049f0, Max: 0x00005000, ABSOLUTE)

    Exec Addr    Load Addr    Size         Type   Attr      Idx    E Section Name        Object

    0x20000000   0x080064c4   0x00000008   Data   RW           34    .data               main.o
    0x20000008   0x080064cc   0x0000000c   Data   RW         1262    .data               stm32f1xx_hal.o
    0x20000014   0x080064d8   0x00000004   Data   RW         3892    .data               system_stm32f1xx.o
    0x20000018   0x080064dc   0x0000003c   Data   RW         4548    .data               tasks.o
    0x20000054   0x08006518   0x00000014   Data   RW         4864    .data               timers.o
    0x20000068   0x0800652c   0x00000004   Data   RW         5061    .data               cmsis_os2.o
    0x2000006c   0x08006530   0x00000018   Data   RW         5424    .data               heap_4.o
    0x20000084   0x08006548   0x0000000c   Data   RW         5475    .data               port.o
    0x20000090   0x08006554   0x00000017   Data   RW         5714    .data               cpp_ws.l(rwstdexcept.o)
    0x200000a7   0x0800656b   0x00000001   PAD
    0x200000a8   0x0800656c   0x00000008   Data   RW         6129    .data               cpp_ws.l(char.o)
    0x200000b0   0x08006574   0x0000001c   Data   RW         6414    .data               cpp_ws.l(locale.o)
    0x200000cc   0x08006590   0x00000004   Data   RW         6573    .data               cpp_ws.l(rwthrowproc_noex.o)
    0x200000d0   0x08006594   0x00000004   Data   RW         6745    .data               mc_w.l(stdout.o)
    0x200000d4   0x08006598   0x00000004   Data   RW         6746    .data               mc_w.l(stderr.o)
    0x200000d8   0x0800659c   0x00000008   Data   RW         6788    .data               cpp_ws.l(rwcats.o)
    0x200000e0   0x080065a4   0x0000000c   Data   RW         7027    .data               mc_w.l(cpp_memory.o)
    0x200000ec   0x080065b0   0x00000004   Data   RW         7062    .data               mc_w.l(mvars.o)
    0x200000f0   0x080065b4   0x00000004   Data   RW         7063    .data               mc_w.l(mvars.o)
    0x200000f4   0x080065b8   0x00000004   Data   RW         7071    .data               mc_w.l(cpp_dtor.o)
    0x200000f8   0x080065bc   0x00000004   Data   RW         6515    .data__ZZNKSt6locale2id7_C_initEvE9_C_id_gen  cpp_ws.l(locale.o)
    0x200000fc   0x080065c0   0x0000000c   Data   RW         6571    .data__ZZSt13__rw_get_catsvE11__open_cats  cpp_ws.l(messages.o)
    0x20000108        -       0x000005ac   Zero   RW           33    .bss                main.o
    0x200006b4        -       0x00000040   Zero   RW         1165    .bss                stm32f1xx_hal_timebase_tim.o
    0x200006f4        -       0x00000040   Zero   RW         4131    .bss                queue.o
    0x20000734        -       0x000004c4   Zero   RW         4547    .bss                tasks.o
    0x20000bf8        -       0x00000118   Zero   RW         4863    .bss                timers.o
    0x20000d10        -       0x000006b8   Zero   RW         5060    .bss                cmsis_os2.o
    0x200013c8        -       0x00003000   Zero   RW         5423    .bss                heap_4.o
    0x200043c8        -       0x00000018   Zero   RW         5711    .bss                cpp_ws.l(rwstdexcept.o)
    0x200043e0        -       0x00000010   Zero   RW         6862    .bss__ZNSs9__nullrefE  cpp_ws.l(vendor.o)
    0x200043f0        -       0x00000200   Zero   RW            2    HEAP                startup_stm32f103xb.o
    0x200045f0        -       0x00000400   Zero   RW            1    STACK               startup_stm32f103xb.o


==============================================================================

Image component sizes


      Code (inc. data)   RO Data    RW Data    ZI Data      Debug   Object Name

       496         38          0          4       1720      15342   cmsis_os2.o
         0          0          0          0          0      20096   event_groups.o
         0          0          0          0          0     428524   fonts.o
         0          0          0          0          0       7064   freertos.o
       460         24          0         24      12288       4635   heap_4.o
       138          0          0          0          0       3358   list.o
       806        216          6          8       1452     462844   main.o
       662         70          0         12          0      10745   port.o
      1584         20          0          0         64      17854   queue.o
        36          0          0          0          0     353708   ssd1306.o
        36          8        236          0       1536        796   startup_stm32f103xb.o
        64         14          0         12          0       4598   stm32f1xx_hal.o
       158         14          0          0          0      28150   stm32f1xx_hal_cortex.o
       480         34          0          0          0       2248   stm32f1xx_hal_gpio.o
       184         22          0          0          0       1517   stm32f1xx_hal_msp.o
      1336        110          0          0          0       5777   stm32f1xx_hal_rcc.o
       564         14          0          0          0       6856   stm32f1xx_hal_tim.o
         4          0          0          0          0       1529   stm32f1xx_hal_tim_ex.o
       116         18          0          0         64       1375   stm32f1xx_hal_timebase_tim.o
       568          6          0          0          0       3896   stm32f1xx_hal_uart.o
        24          6          0          0          0       2922   stm32f1xx_it.o
         0          0          0          0          0       8844   stream_buffer.o
        72         16         24          4          0       1139   system_stm32f1xx.o
      2064        170          0         60       1220      23080   tasks.o
         6          0          0          0          0        884   tda7300.o
       912         82          0         20        280      25855   timers.o

    ----------------------------------------------------------------------
     10794        882        298        144      18624    1443636   Object Totals
         0          0         32          0          0          0   (incl. Generated)
        24          0          0          0          0          0   (incl. Padding)

    ----------------------------------------------------------------------

      Code (inc. data)   RO Data    RW Data    ZI Data      Debug   Library Member Name

      1800         74        620          8          0       1408   char.o
      1502         80          5         32          0       1760   locale.o
       482         34          0         12          0        784   messages.o
        36          0          0          0          0        144   rwalloc.o
       184         24          4          8          0        400   rwcats.o
      1000         68        792         23         24       1220   rwstdexcept.o
       152         94          0          0          0         72   rwthrowproc_impl_noex.o
         0          0          0          4          0          0   rwthrowproc_noex.o
         0          0          0          0         16          0   vendor.o
        28          0          0          0          0         84   ARM_vec_cleanup_noexceptions.o
        14          0          0          0          0         80   aeabi_vec_delete_noexceptions.o
        16          0          0          0          0         68   aeabi_vec_dtor_cookie.o
        34          0          0          0          0         84   aeabi_vec_dtor_noexceptions.o
        20          0          0          0          0         80   aeabi_vec_new_cookie.o
        80         12          0          0          0        104   arm_exceptions_globs.o
        60          0          0          0          0        108   arm_exceptions_mem.o
        26          0          0          0          0         76   arm_exceptions_terminate.o
         4          0          0          0          0         68   arm_newhandler_noexceptions.o
         2          0          0          0          0         68   arm_rethrow_noexceptions.o
         8          0          0          0          0         76   array_del.o
         8          0          0          0          0         76   array_new.o
       146          0          0          0          0         96   array_new_general.o
        16          0          0          0          0         68   cxa_guard_acquire.o
        24          6          0          0          0         84   cxa_vec_new.o
         8          0          0          0          0         76   delete.o
        12          6          0          0          0         68   exception_ctor.o
         0          0         20          0          0          0   exception_dtor.o
        40          6          0          0          0         76   new.o
        28          0          0          0          0         68   _chval.o
       812          4          0          0          0        112   _scanf.o
       332          0          0          0          0         96   _scanf_int.o
       342          0          0          0          0        100   _scanf_longlong.o
       224          0          0          0          0         96   _scanf_str.o
        64          0          0          0          0         84   _sgetc.o
        46          0          0          0          0         84   aeabi_atexit.o
         8          4          0          4          0         68   cpp_dtor.o
         2          0          0          0          0         68   cpp_final.o
        32         10          0          0          0         80   cpp_init.o
        20          4          0         12          0        136   cpp_memory.o
         8          4        133          0          0         68   ctype_o.o
        66          0          0          0          0         84   cxa_finalize.o
         0          0          0          0          0          0   entry.o
         0          0          0          0          0          0   entry10a.o
         4          0          0          0          0          0   entry10b.o
         0          0          0          0          0          0   entry11a.o
         8          4          0          0          0          0   entry2.o
         4          0          0          0          0          0   entry5.o
         0          0          0          0          0          0   entry7b.o
         4          0          0          0          0          0   entry8a.o
         0          0          0          0          0          0   entry8b.o
         8          4          0          0          0          0   entry9a.o
        30          0          0          0          0          0   handlers.o
        36          8          0          0          0         68   init.o
        18          0          0          0          0         76   isspace_o.o
         0          0          0          0          0          0   iusefp.o
        30          0          0          0          0         68   llshl.o
        36          0          0          0          0         68   llsshr.o
        32          0          0          0          0         68   llushr.o
       188         20          0          0          0        160   malloc.o
        66          0          0          0          0         76   memmove.o
        64          0          0          0          0         76   memmovea.o
        36          0          0          0          0        108   memseta.o
         0          0          0          8          0          0   mvars.o
      2352        100          0          0          0        684   printfa.o
        40          8          0          0          0         84   scanf_char.o
       878         12          0          0          0        216   scanf_fp.o
        56          8          0          0          0         84   sscanf.o
         0          0          0          4          0          0   stderr.o
         0          0          0          4          0          0   stdout.o
        24          0          0          0          0         68   strcat.o
        28          0          0          0          0         76   strcmp.o
        18          0          0          0          0         68   strcpy.o
        14          0          0          0          0         68   strlen.o
        32          0          0          0          0         68   strrchr.o
        44          0          0          0          0         80   uidiv.o
        98          0          0          0          0         92   uldiv.o
        48          0          0          0          0         68   cdrcmple.o
        56          0          0          0          0         88   d2f.o
       334          0          0          0          0        148   dadd.o
       222          0          0          0          0        100   ddiv.o
       186          0          0          0          0        176   depilogue.o
        48          0          0          0          0         68   dfixul.o
        24          0          0          0          0         76   dfltul.o
       228          0          0          0          0         96   dmul.o
       110          0          0          0          0        168   fepilogue.o

    ----------------------------------------------------------------------
     13122        594       1582        120         40      11716   Library Totals
        32          0          8          1          0          0   (incl. Padding)

    ----------------------------------------------------------------------

      Code (inc. data)   RO Data    RW Data    ZI Data      Debug   Library Name

      5156        374       1421         87         40       5788   cpp_ws.l
       546         30         20          0          0       1440   cpprt_w.l
      6132        190        133         32          0       3500   mc_w.l
      1256          0          0          0          0        988   mf_w.l

    ----------------------------------------------------------------------
     13122        594       1582        120         40      11716   Library Totals

    ----------------------------------------------------------------------

==============================================================================


      Code (inc. data)   RO Data    RW Data    ZI Data      Debug   

     23916       1476       1880        264      18664    1442036   Grand Totals
     23916       1476       1880        264      18664    1442036   ELF Image Totals
     23916       1476       1880        264          0          0   ROM Totals

==============================================================================

    Total RO  Size (Code + RO Data)                25796 (  25.19kB)
    Total RW  Size (RW Data + ZI Data)             18928 (  18.48kB)
    Total ROM Size (Code + RO Data + RW Data)      26060 (  25.45kB)

==============================================================================

